retail_synth_eda.csv
date,store_id,item_id,units,price,promo,promo_depth,dow,holiday,on_hand,stockout,brand,category,key,yhat_t7
2024-08-01,001,B,18,3.47469078769637,0,0.0,3,0,49,0,Acme,Cereal,001_B,
2024-08-02,001,B,37,2.8024109030616318,1,0.2,4,0,56,0,Acme,Cereal,001_B,
2024-08-03,001,B,40,2.748501557996559,1,0.2,5,0,42,0,Acme,Cereal,001_B,
2024-08-04,001,B,19,3.4464997673847844,0,0.0,6,0,64,0,Acme,Cereal,001_B,
2024-08-05,001,B,20,3.5507344580757847,0,0.0,0,0,47,0,Acme,Cereal,001_B,
2024-08-06,001,B,20,3.45546971836065,0,0.0,1,0,53,0,Acme,Cereal,001_B,
2024-08-07,001,B,18,3.5188765976305736,0,0.0,2,0,56,0,Acme,Cereal,001_B,
2024-08-08,001,B,18,3.5184307182943697,0,0.0,3,0,39,0,Acme,Cereal,001_B,18.0
2024-08-09,001,B,37,2.8326434322712246,1,0.2,4,0,48,0,Acme,Cereal,001_B,37.0
2024-08-10,001,B,21,3.449537706784659,0,0.0,5,0,63,0,Acme,Cereal,001_B,40.0
2024-08-11,001,B,22,3.499695277191059,0,0.0,6,0,66,0,Acme,Cereal,001_B,19.0
2024-08-12,001,B,21,3.4571413426410817,0,0.0,0,0,41,0,Acme,Cereal,001_B,20.0
2024-08-13,001,B,20,3.4474182599753367,0,0.0,1,0,60,0,Acme,Cereal,001_B,20.0
2024-08-14,001,B,16,3.46774785724511,0,0.0,2,0,36,0,Acme,Cereal,001_B,18.0
2024-08-15,001,B,17,3.496035760125777,0,0.0,3,0,43,0,Acme,Cereal,001_B,18.0
2024-08-16,001,B,22,3.4615654682211243,0,0.0,4,0,67,0,Acme,Cereal,001_B,37.0
2024-08-17,001,B,41,2.787560629437005,1,0.2,5,0,52,0,Acme,Cereal,001_B,21.0
2024-08-18,001,B,21,3.488323243538508,0,0.0,6,0,48,0,Acme,Cereal,001_B,22.0
2024-08-19,001,B,23,3.506319822785247,0,0.0,0,0,63,0,Acme,Cereal,001_B,21.0
2024-08-20,001,B,20,3.530429914228415,0,0.0,1,0,40,0,Acme,Cereal,001_B,20.0
2024-08-21,001,B,17,3.4934555795512896,0,0.0,2,0,48,0,Acme,Cereal,001_B,16.0
2024-08-22,001,B,15,3.508153082406345,0,0.0,3,0,51,0,Acme,Cereal,001_B,17.0
2024-08-23,001,B,16,3.4628866712802453,0,0.0,4,0,53,0,Acme,Cereal,001_B,22.0
2024-08-24,001,B,37,2.759563950460561,1,0.2,5,0,58,0,Acme,Cereal,001_B,41.0
2024-08-25,001,B,17,3.513545046948396,0,0.0,6,0,57,0,Acme,Cereal,001_B,21.0
2024-08-26,001,B,17,3.477261006958681,0,0.0,0,0,49,0,Acme,Cereal,001_B,23.0
2024-08-27,001,B,17,3.5002782642006305,0,0.0,1,0,58,0,Acme,Cereal,001_B,20.0
2024-08-28,001,B,20,3.508078228765827,0,0.0,2,0,44,0,Acme,Cereal,001_B,17.0
2024-08-29,001,B,17,3.511199233955759,0,0.0,3,0,60,0,Acme,Cereal,001_B,15.0
2024-08-30,001,B,36,2.761855941869309,1,0.2,4,0,52,0,Acme,Cereal,001_B,16.0
2024-08-31,001,B,21,3.4919177227785796,0,0.0,5,0,38,0,Acme,Cereal,001_B,37.0
2024-09-01,001,B,17,3.507890023301189,0,0.0,6,0,64,0,Acme,Cereal,001_B,17.0
2024-09-02,001,B,14,3.455183775726729,0,0.0,0,0,55,0,Acme,Cereal,001_B,17.0
2024-09-03,001,B,21,3.4948825871799527,0,0.0,1,0,50,0,Acme,Cereal,001_B,17.0
2024-09-04,001,B,21,3.507150072218772,0,0.0,2,0,50,0,Acme,Cereal,001_B,20.0
2024-09-05,001,B,15,3.483060252017374,0,0.0,3,0,67,0,Acme,Cereal,001_B,17.0
2024-09-06,001,B,40,2.837430579715639,1,0.2,4,0,49,0,Acme,Cereal,001_B,36.0
2024-09-07,001,B,42,2.71107708928007,1,0.2,5,0,41,0,Acme,Cereal,001_B,21.0
2024-09-08,001,B,21,3.5159623914261076,0,0.0,6,0,55,0,Acme,Cereal,001_B,17.0
2024-09-09,001,B,19,3.5039177775275534,0,0.0,0,0,36,0,Acme,Cereal,001_B,14.0
2024-09-10,001,B,17,3.538007847500392,0,0.0,1,0,58,0,Acme,Cereal,001_B,21.0
2024-09-11,001,B,17,3.5186658108389137,0,0.0,2,0,66,0,Acme,Cereal,001_B,21.0
2024-09-12,001,B,21,3.490936661234768,0,0.0,3,0,39,0,Acme,Cereal,001_B,15.0
2024-09-13,001,B,24,3.4978654662703215,0,0.0,4,0,43,0,Acme,Cereal,001_B,40.0
2024-09-14,001,B,21,3.5057378064802385,0,0.0,5,0,55,0,Acme,Cereal,001_B,42.0
2024-09-15,001,B,17,3.547840706354871,0,0.0,6,0,46,0,Acme,Cereal,001_B,21.0
2024-09-16,001,B,17,3.486695347418798,0,0.0,0,0,61,0,Acme,Cereal,001_B,19.0
2024-09-17,001,B,16,3.574929399325489,0,0.0,1,0,56,0,Acme,Cereal,001_B,17.0
2024-09-18,001,B,22,3.515331249233426,0,0.0,2,0,55,0,Acme,Cereal,001_B,17.0
2024-09-19,001,B,21,3.5153283073387156,0,0.0,3,0,71,0,Acme,Cereal,001_B,21.0
2024-09-20,001,B,20,3.4954853059553193,0,0.0,4,0,52,0,Acme,Cereal,001_B,24.0
2024-09-21,001,B,28,3.493069905969729,0,0.0,5,0,48,0,Acme,Cereal,001_B,21.0
2024-09-22,001,B,16,3.486323856093545,0,0.0,6,0,50,0,Acme,Cereal,001_B,17.0
2024-09-23,001,B,18,3.4983683077358356,0,0.0,0,0,57,0,Acme,Cereal,001_B,17.0
2024-09-24,001,B,21,3.5014795348741243,0,0.0,1,0,58,0,Acme,Cereal,001_B,16.0
2024-09-25,001,B,20,3.5081291503754737,0,0.0,2,0,71,0,Acme,Cereal,001_B,22.0
2024-09-26,001,B,18,3.4920076869477654,0,0.0,3,0,59,0,Acme,Cereal,001_B,21.0
2024-09-27,001,B,18,3.4299329432714742,0,0.0,4,0,55,0,Acme,Cereal,001_B,20.0
2024-09-28,001,B,35,2.84673009362939,1,0.2,5,0,49,0,Acme,Cereal,001_B,28.0
2024-09-29,001,B,16,3.4900379148723686,0,0.0,6,0,54,0,Acme,Cereal,001_B,16.0
2024-09-30,001,B,20,3.4495125636904707,0,0.0,0,0,36,0,Acme,Cereal,001_B,18.0
2024-10-01,001,B,16,3.546214082410133,0,0.0,1,0,54,0,Acme,Cereal,001_B,21.0
2024-10-02,001,B,18,3.538914692029119,0,0.0,2,0,41,0,Acme,Cereal,001_B,20.0
2024-10-03,001,B,16,3.4596652775218915,0,0.0,3,0,59,0,Acme,Cereal,001_B,18.0
2024-10-04,001,B,40,2.760006970432882,1,0.2,4,0,46,0,Acme,Cereal,001_B,18.0
2024-10-05,001,B,22,3.503785489760435,0,0.0,5,0,56,0,Acme,Cereal,001_B,35.0
2024-10-06,001,B,17,3.4786054311028947,0,0.0,6,0,63,0,Acme,Cereal,001_B,16.0
2024-10-07,001,B,15,3.4974949277419487,0,0.0,0,0,55,0,Acme,Cereal,001_B,20.0
2024-10-08,001,B,19,3.4916424357473343,0,0.0,1,0,48,0,Acme,Cereal,001_B,16.0
2024-10-09,001,B,16,3.4572255627559323,0,0.0,2,0,52,0,Acme,Cereal,001_B,18.0
2024-10-10,001,B,19,3.5136928092995867,0,0.0,3,0,54,0,Acme,Cereal,001_B,16.0
2024-10-11,001,B,23,3.4911667151310786,0,0.0,4,0,38,0,Acme,Cereal,001_B,40.0
2024-10-12,001,B,23,3.4978575630974853,0,0.0,5,0,50,0,Acme,Cereal,001_B,22.0
2024-10-13,001,B,20,3.4761030753694273,0,0.0,6,0,59,0,Acme,Cereal,001_B,17.0
2024-10-14,001,B,18,3.4470489278107044,0,0.0,0,0,60,0,Acme,Cereal,001_B,15.0
2024-10-15,001,B,15,3.5318779306279553,0,0.0,1,0,73,0,Acme,Cereal,001_B,19.0
2024-10-16,001,B,14,3.4523029946731087,0,0.0,2,0,69,0,Acme,Cereal,001_B,16.0
2024-10-17,001,B,22,3.491620914585315,0,0.0,3,0,67,0,Acme,Cereal,001_B,19.0
2024-10-18,001,B,24,3.5305683091657336,0,0.0,4,0,57,0,Acme,Cereal,001_B,23.0
2024-10-19,001,B,24,3.4833951235177905,0,0.0,5,0,38,0,Acme,Cereal,001_B,23.0
2024-10-20,001,B,23,3.4263783864216943,0,0.0,6,0,55,0,Acme,Cereal,001_B,20.0
2024-10-21,001,B,16,3.4784778794766913,0,0.0,0,0,56,0,Acme,Cereal,001_B,18.0
2024-10-22,001,B,16,3.5421863683245767,0,0.0,1,0,41,0,Acme,Cereal,001_B,15.0
2024-10-23,001,B,19,3.5046552776728244,0,0.0,2,0,67,0,Acme,Cereal,001_B,14.0
2024-10-24,001,B,18,3.41638871233973,0,0.0,3,0,67,0,Acme,Cereal,001_B,22.0
2024-10-25,001,B,19,3.478083744998562,0,0.0,4,0,53,0,Acme,Cereal,001_B,24.0
2024-10-26,001,B,26,3.4928353647590953,0,0.0,5,0,49,0,Acme,Cereal,001_B,24.0
2024-10-27,001,B,22,3.5140032697969263,0,0.0,6,0,49,0,Acme,Cereal,001_B,23.0
2024-10-28,001,B,19,3.573216466691661,0,0.0,0,0,45,0,Acme,Cereal,001_B,16.0
2024-10-29,001,B,23,3.473722680513526,0,0.0,1,0,61,0,Acme,Cereal,001_B,16.0
2024-10-30,001,B,12,3.4938452815299366,0,0.0,2,0,55,0,Acme,Cereal,001_B,19.0
2024-10-31,001,B,15,3.499946478627028,0,0.0,3,0,46,0,Acme,Cereal,001_B,18.0
2024-11-01,001,B,39,2.8464495657486775,1,0.2,4,0,47,0,Acme,Cereal,001_B,19.0
2024-11-02,001,B,27,3.54551994294141,0,0.0,5,0,41,0,Acme,Cereal,001_B,26.0
2024-11-03,001,B,15,3.50118163265547,0,0.0,6,0,65,0,Acme,Cereal,001_B,22.0
2024-11-04,001,B,19,3.501913978134836,0,0.0,0,0,50,0,Acme,Cereal,001_B,19.0
2024-11-05,001,B,17,3.5646076631995163,0,0.0,1,0,54,0,Acme,Cereal,001_B,23.0
2024-11-06,001,B,19,3.540907026586089,0,0.0,2,0,56,0,Acme,Cereal,001_B,12.0
2024-11-07,001,B,19,3.510347985643102,0,0.0,3,0,43,0,Acme,Cereal,001_B,15.0
2024-11-08,001,B,21,3.4597494152575443,0,0.0,4,0,46,0,Acme,Cereal,001_B,39.0
2024-11-09,001,B,22,3.507523964630966,0,0.0,5,0,57,0,Acme,Cereal,001_B,27.0
2024-11-10,001,B,17,3.4963732221147623,0,0.0,6,0,36,0,Acme,Cereal,001_B,15.0
2024-11-11,001,B,17,3.5079183783718633,0,0.0,0,0,47,0,Acme,Cereal,001_B,19.0
2024-11-12,001,B,22,3.5083331062067757,0,0.0,1,0,46,0,Acme,Cereal,001_B,17.0
2024-11-13,001,B,17,3.5183476399476237,0,0.0,2,0,37,0,Acme,Cereal,001_B,19.0
2024-11-14,001,B,18,3.4565851888164705,0,0.0,3,0,49,0,Acme,Cereal,001_B,19.0
2024-11-15,001,B,40,2.8022743521298312,1,0.2,4,0,53,0,Acme,Cereal,001_B,21.0
2024-11-16,001,B,25,3.5177369155158926,0,0.0,5,0,37,0,Acme,Cereal,001_B,22.0
2024-11-17,001,B,25,3.4675986068209723,0,0.0,6,0,79,0,Acme,Cereal,001_B,17.0
2024-11-18,001,B,20,3.520571891391997,0,0.0,0,0,47,0,Acme,Cereal,001_B,17.0
2024-11-19,001,B,13,3.4706367436328733,0,0.0,1,0,63,0,Acme,Cereal,001_B,22.0
2024-11-20,001,B,22,3.529072007458557,0,0.0,2,0,57,0,Acme,Cereal,001_B,17.0
2024-11-21,001,B,18,3.5199069532309792,0,0.0,3,0,49,0,Acme,Cereal,001_B,18.0
2024-11-22,001,B,35,2.819022278121283,1,0.2,4,0,32,0,Acme,Cereal,001_B,40.0
2024-11-23,001,B,27,3.4619416211829015,0,0.0,5,0,59,0,Acme,Cereal,001_B,25.0
2024-11-24,001,B,20,3.4930729880387634,0,0.0,6,0,65,0,Acme,Cereal,001_B,25.0
2024-11-25,001,B,18,3.53003104859199,0,0.0,0,0,37,0,Acme,Cereal,001_B,20.0
2024-11-26,001,B,20,3.450492119228141,0,0.0,1,0,47,0,Acme,Cereal,001_B,13.0
2024-11-27,001,B,17,3.4989252374957704,0,0.0,2,0,58,0,Acme,Cereal,001_B,22.0
2024-11-28,001,B,21,3.5092127115473106,0,0.0,3,1,70,0,Acme,Cereal,001_B,18.0
2024-11-29,001,B,33,3.5372866156850686,0,0.0,4,1,50,0,Acme,Cereal,001_B,35.0
2024-11-30,001,B,21,3.440799879723966,0,0.0,5,0,54,0,Acme,Cereal,001_B,27.0
2024-12-01,001,B,16,3.5216543173376804,0,0.0,6,0,55,0,Acme,Cereal,001_B,20.0
2024-12-02,001,B,21,3.4673631501114017,0,0.0,0,0,71,0,Acme,Cereal,001_B,18.0
2024-12-03,001,B,21,3.514361542778744,0,0.0,1,0,40,0,Acme,Cereal,001_B,20.0
2024-12-04,001,B,17,3.44292708438788,0,0.0,2,0,44,0,Acme,Cereal,001_B,17.0
2024-12-05,001,B,20,3.4638581210121,0,0.0,3,0,65,0,Acme,Cereal,001_B,21.0
2024-12-06,001,B,39,2.806266929818736,1,0.2,4,0,48,0,Acme,Cereal,001_B,33.0
2024-12-07,001,B,21,3.4596685118675277,0,0.0,5,0,49,0,Acme,Cereal,001_B,21.0
2024-12-08,001,B,12,3.461194286723057,0,0.0,6,0,57,0,Acme,Cereal,001_B,16.0
2024-12-09,001,B,16,3.5136990677785858,0,0.0,0,0,52,0,Acme,Cereal,001_B,21.0
2024-12-10,001,B,15,3.536704056967279,0,0.0,1,0,66,0,Acme,Cereal,001_B,21.0
2024-12-11,001,B,20,3.5438338409200587,0,0.0,2,0,25,0,Acme,Cereal,001_B,17.0
2024-12-12,001,B,18,3.4810592354195538,0,0.0,3,0,82,0,Acme,Cereal,001_B,20.0
2024-12-13,001,B,24,3.4590455069852237,0,0.0,4,0,47,0,Acme,Cereal,001_B,39.0
2024-12-14,001,B,23,3.4542082220429533,0,0.0,5,0,38,0,Acme,Cereal,001_B,21.0
2024-12-15,001,B,21,3.4530780229934166,0,0.0,6,0,54,0,Acme,Cereal,001_B,12.0
2024-12-16,001,B,18,3.5061398103966597,0,0.0,0,0,49,0,Acme,Cereal,001_B,16.0
2024-12-17,001,B,20,3.4891018610540225,0,0.0,1,0,53,0,Acme,Cereal,001_B,15.0
2024-12-18,001,B,22,3.455110459980731,0,0.0,2,0,62,0,Acme,Cereal,001_B,20.0
2024-12-19,001,B,19,3.5215297774891967,0,0.0,3,0,60,0,Acme,Cereal,001_B,18.0
2024-12-20,001,B,18,3.4866581946929025,0,0.0,4,0,58,0,Acme,Cereal,001_B,24.0
2024-12-21,001,B,38,2.816314358190994,1,0.2,5,0,28,0,Acme,Cereal,001_B,23.0
2024-12-22,001,B,16,3.4504535143537765,0,0.0,6,0,56,0,Acme,Cereal,001_B,21.0
2024-12-23,001,B,16,3.4740057017814525,0,0.0,0,0,52,0,Acme,Cereal,001_B,18.0
2024-12-24,001,B,15,3.500533067217181,0,0.0,1,0,56,0,Acme,Cereal,001_B,20.0
2024-12-25,001,B,22,3.4854238642837423,0,0.0,2,0,65,0,Acme,Cereal,001_B,22.0
2024-12-26,001,B,19,3.5122594616131675,0,0.0,3,0,36,0,Acme,Cereal,001_B,19.0
2024-12-27,001,B,23,3.499937376794359,0,0.0,4,0,54,0,Acme,Cereal,001_B,18.0
2024-12-28,001,B,42,2.7510901397636047,1,0.2,5,0,48,0,Acme,Cereal,001_B,38.0
2024-12-29,001,B,19,3.4911124981667374,0,0.0,6,0,47,0,Acme,Cereal,001_B,16.0
2024-12-30,001,B,18,3.5305211603175857,0,0.0,0,0,57,0,Acme,Cereal,001_B,16.0
2024-12-31,001,B,20,3.5317855579058497,0,0.0,1,0,66,0,Acme,Cereal,001_B,15.0
2025-01-01,001,B,17,3.5450368819385227,0,0.0,2,0,71,0,Acme,Cereal,001_B,22.0
2025-01-02,001,B,19,3.513011442405156,0,0.0,3,0,54,0,Acme,Cereal,001_B,19.0
2025-01-03,001,B,19,3.4820085921549353,0,0.0,4,0,42,0,Acme,Cereal,001_B,23.0
2025-01-04,001,B,17,3.4850615436410894,0,0.0,5,0,41,0,Acme,Cereal,001_B,42.0
2025-01-05,001,B,21,3.4883129356518747,0,0.0,6,0,57,0,Acme,Cereal,001_B,19.0
2025-01-06,001,B,16,3.552189533305002,0,0.0,0,0,56,0,Acme,Cereal,001_B,18.0
2025-01-07,001,B,16,3.469329005617098,0,0.0,1,0,48,0,Acme,Cereal,001_B,20.0
2025-01-08,001,B,14,3.5056045567242236,0,0.0,2,0,50,0,Acme,Cereal,001_B,17.0
2025-01-09,001,B,16,3.464964608611426,0,0.0,3,0,47,0,Acme,Cereal,001_B,19.0
2025-01-10,001,B,36,2.8132123851587543,1,0.2,4,0,62,0,Acme,Cereal,001_B,19.0
2025-01-11,001,B,25,3.5011453712581853,0,0.0,5,0,57,0,Acme,Cereal,001_B,17.0
2025-01-12,001,B,16,3.492416401572573,0,0.0,6,0,44,0,Acme,Cereal,001_B,21.0
2025-01-13,001,B,17,3.483490399117905,0,0.0,0,0,58,0,Acme,Cereal,001_B,16.0
2025-01-14,001,B,21,3.4667766665590567,0,0.0,1,0,51,0,Acme,Cereal,001_B,16.0
2025-01-15,001,B,21,3.528080083163334,0,0.0,2,0,76,0,Acme,Cereal,001_B,14.0
2025-01-16,001,B,20,3.4082211300576843,0,0.0,3,0,54,0,Acme,Cereal,001_B,16.0
2025-01-17,001,B,38,2.760061807106183,1,0.2,4,0,42,0,Acme,Cereal,001_B,36.0
2025-01-18,001,B,20,3.4833351218794015,0,0.0,5,0,53,0,Acme,Cereal,001_B,25.0
2025-01-19,001,B,15,3.472284081262301,0,0.0,6,0,40,0,Acme,Cereal,001_B,16.0
2025-01-20,001,B,18,3.5358751276701526,0,0.0,0,0,48,0,Acme,Cereal,001_B,17.0
2025-01-21,001,B,20,3.4615796975916164,0,0.0,1,0,50,0,Acme,Cereal,001_B,21.0
2025-01-22,001,B,21,3.4948461560331388,0,0.0,2,0,49,0,Acme,Cereal,001_B,21.0
2025-01-23,001,B,20,3.459390549725821,0,0.0,3,0,36,0,Acme,Cereal,001_B,20.0
2025-01-24,001,B,22,3.520973904511597,0,0.0,4,0,49,0,Acme,Cereal,001_B,38.0
2025-01-25,001,B,21,3.4776006919459896,0,0.0,5,0,55,0,Acme,Cereal,001_B,20.0
2025-01-26,001,B,16,3.5383321335987676,0,0.0,6,0,70,0,Acme,Cereal,001_B,15.0
2025-01-27,001,B,17,3.520311139615217,0,0.0,0,0,45,0,Acme,Cereal,001_B,18.0
