retail_synth_eda.csv
date,store_id,item_id,units,price,promo,promo_depth,dow,holiday,on_hand,stockout,brand,category,key,yhat_t7
2024-08-01,001,D,16,2.434580256030777,0,0.0,3,0,54,0,Better,Snacks,001_D,
2024-08-02,001,D,17,2.4868511043442902,0,0.0,4,0,49,0,Better,Snacks,001_D,
2024-08-03,001,D,14,2.4866498600800737,0,0.0,5,0,48,0,Better,Snacks,001_D,
2024-08-04,001,D,13,2.49482713646666,0,0.0,6,0,54,0,Better,Snacks,001_D,
2024-08-05,001,D,16,2.4730979791157144,0,0.0,0,0,42,0,Better,Snacks,001_D,
2024-08-06,001,D,10,2.577393643576135,0,0.0,1,0,47,0,Better,Snacks,001_D,
2024-08-07,001,D,13,2.500499560731128,0,0.0,2,0,54,0,Better,Snacks,001_D,
2024-08-08,001,D,9,2.4538854109736534,0,0.0,3,0,58,0,Better,Snacks,001_D,16.0
2024-08-09,001,D,15,2.519777136274598,0,0.0,4,0,34,0,Better,Snacks,001_D,17.0
2024-08-10,001,D,17,2.4788206201067076,0,0.0,5,0,68,0,Better,Snacks,001_D,14.0
2024-08-11,001,D,10,2.523784237100717,0,0.0,6,0,58,0,Better,Snacks,001_D,13.0
2024-08-12,001,D,13,2.463129459521271,0,0.0,0,0,37,0,Better,Snacks,001_D,16.0
2024-08-13,001,D,9,2.5317107582115814,0,0.0,1,0,71,0,Better,Snacks,001_D,10.0
2024-08-14,001,D,10,2.4992538352602045,0,0.0,2,0,37,0,Better,Snacks,001_D,13.0
2024-08-15,001,D,13,2.504819327689991,0,0.0,3,0,81,0,Better,Snacks,001_D,9.0
2024-08-16,001,D,15,2.477678986931949,0,0.0,4,0,67,0,Better,Snacks,001_D,15.0
2024-08-17,001,D,25,1.9917873603429748,1,0.2,5,0,42,0,Better,Snacks,001_D,17.0
2024-08-18,001,D,11,2.535993868169599,0,0.0,6,0,45,0,Better,Snacks,001_D,10.0
2024-08-19,001,D,9,2.484743489275294,0,0.0,0,0,57,0,Better,Snacks,001_D,13.0
2024-08-20,001,D,13,2.507599379162457,0,0.0,1,0,51,0,Better,Snacks,001_D,9.0
2024-08-21,001,D,8,2.5118676552692376,0,0.0,2,0,56,0,Better,Snacks,001_D,10.0
2024-08-22,001,D,13,2.5135370009254534,0,0.0,3,0,54,0,Better,Snacks,001_D,13.0
2024-08-23,001,D,29,2.0215056301082166,1,0.2,4,0,48,0,Better,Snacks,001_D,15.0
2024-08-24,001,D,22,2.028957171406758,1,0.2,5,0,65,0,Better,Snacks,001_D,25.0
2024-08-25,001,D,13,2.5323593711338166,0,0.0,6,0,56,0,Better,Snacks,001_D,11.0
2024-08-26,001,D,13,2.4992266988492107,0,0.0,0,0,63,0,Better,Snacks,001_D,9.0
2024-08-27,001,D,13,2.477187554943661,0,0.0,1,0,60,0,Better,Snacks,001_D,13.0
2024-08-28,001,D,16,2.501581422825588,0,0.0,2,0,51,0,Better,Snacks,001_D,8.0
2024-08-29,001,D,8,2.4609341044339708,0,0.0,3,0,66,0,Better,Snacks,001_D,13.0
2024-08-30,001,D,27,1.9798489512938136,1,0.2,4,0,61,0,Better,Snacks,001_D,29.0
2024-08-31,001,D,17,2.537243624689115,0,0.0,5,0,45,0,Better,Snacks,001_D,22.0
2024-09-01,001,D,14,2.514710291246118,0,0.0,6,0,48,0,Better,Snacks,001_D,13.0
2024-09-02,001,D,10,2.527952318360799,0,0.0,0,0,58,0,Better,Snacks,001_D,13.0
2024-09-03,001,D,12,2.497171067738935,0,0.0,1,0,40,0,Better,Snacks,001_D,13.0
2024-09-04,001,D,10,2.512421627422644,0,0.0,2,0,58,0,Better,Snacks,001_D,16.0
2024-09-05,001,D,11,2.470325239765264,0,0.0,3,0,61,0,Better,Snacks,001_D,8.0
2024-09-06,001,D,15,2.476229477630823,0,0.0,4,0,57,0,Better,Snacks,001_D,27.0
2024-09-07,001,D,18,2.4582784140265406,0,0.0,5,0,49,0,Better,Snacks,001_D,17.0
2024-09-08,001,D,12,2.5031593017484215,0,0.0,6,0,62,0,Better,Snacks,001_D,14.0
2024-09-09,001,D,15,2.449593798620662,0,0.0,0,0,50,0,Better,Snacks,001_D,10.0
2024-09-10,001,D,11,2.470845306667529,0,0.0,1,0,56,0,Better,Snacks,001_D,12.0
2024-09-11,001,D,11,2.5142791254836157,0,0.0,2,0,40,0,Better,Snacks,001_D,10.0
2024-09-12,001,D,13,2.4313153379141923,0,0.0,3,0,59,0,Better,Snacks,001_D,11.0
2024-09-13,001,D,27,1.9894111326082748,1,0.2,4,0,54,0,Better,Snacks,001_D,15.0
2024-09-14,001,D,27,1.9847624123238123,1,0.2,5,0,52,0,Better,Snacks,001_D,18.0
2024-09-15,001,D,15,2.4903077121603583,0,0.0,6,0,43,0,Better,Snacks,001_D,12.0
2024-09-16,001,D,12,2.481536341531203,0,0.0,0,0,62,0,Better,Snacks,001_D,15.0
2024-09-17,001,D,11,2.512680640745489,0,0.0,1,0,39,0,Better,Snacks,001_D,11.0
2024-09-18,001,D,9,2.492907528878588,0,0.0,2,0,65,0,Better,Snacks,001_D,11.0
2024-09-19,001,D,13,2.4817010108920483,0,0.0,3,0,36,0,Better,Snacks,001_D,13.0
2024-09-20,001,D,18,2.529410343363449,0,0.0,4,0,62,0,Better,Snacks,001_D,27.0
2024-09-21,001,D,15,2.472450067254224,0,0.0,5,0,47,0,Better,Snacks,001_D,27.0
2024-09-22,001,D,12,2.4819848863462814,0,0.0,6,0,52,0,Better,Snacks,001_D,15.0
2024-09-23,001,D,13,2.4704449801372026,0,0.0,0,0,64,0,Better,Snacks,001_D,12.0
2024-09-24,001,D,9,2.462256877989188,0,0.0,1,0,60,0,Better,Snacks,001_D,11.0
2024-09-25,001,D,9,2.517733971295717,0,0.0,2,0,78,0,Better,Snacks,001_D,9.0
2024-09-26,001,D,13,2.496091366665081,0,0.0,3,0,43,0,Better,Snacks,001_D,13.0
2024-09-27,001,D,16,2.481444500740872,0,0.0,4,0,54,0,Better,Snacks,001_D,18.0
2024-09-28,001,D,17,2.4812784963882755,0,0.0,5,0,47,0,Better,Snacks,001_D,15.0
2024-09-29,001,D,12,2.49996495842657,0,0.0,6,0,64,0,Better,Snacks,001_D,12.0
2024-09-30,001,D,11,2.471004478310366,0,0.0,0,0,53,0,Better,Snacks,001_D,13.0
2024-10-01,001,D,11,2.4861977919633707,0,0.0,1,0,74,0,Better,Snacks,001_D,9.0
2024-10-02,001,D,16,2.44589980423924,0,0.0,2,0,57,0,Better,Snacks,001_D,9.0
2024-10-03,001,D,5,2.491481918938633,0,0.0,3,0,70,0,Better,Snacks,001_D,13.0
2024-10-04,001,D,28,2.0045813512979254,1,0.2,4,0,56,0,Better,Snacks,001_D,16.0
2024-10-05,001,D,26,1.999221366296377,1,0.2,5,0,60,0,Better,Snacks,001_D,17.0
2024-10-06,001,D,13,2.4893752530129123,0,0.0,6,0,61,0,Better,Snacks,001_D,12.0
2024-10-07,001,D,13,2.4689502973690707,0,0.0,0,0,41,0,Better,Snacks,001_D,11.0
2024-10-08,001,D,11,2.469787833834963,0,0.0,1,0,64,0,Better,Snacks,001_D,11.0
2024-10-09,001,D,12,2.457843872287339,0,0.0,2,0,73,0,Better,Snacks,001_D,16.0
2024-10-10,001,D,9,2.571344230371406,0,0.0,3,0,66,0,Better,Snacks,001_D,5.0
2024-10-11,001,D,29,1.9901944624420669,1,0.2,4,0,51,0,Better,Snacks,001_D,28.0
2024-10-12,001,D,14,2.518348837109301,0,0.0,5,0,59,0,Better,Snacks,001_D,26.0
2024-10-13,001,D,11,2.504653045851253,0,0.0,6,0,45,0,Better,Snacks,001_D,13.0
2024-10-14,001,D,13,2.5139702095775425,0,0.0,0,0,43,0,Better,Snacks,001_D,13.0
2024-10-15,001,D,15,2.4975487591720817,0,0.0,1,0,62,0,Better,Snacks,001_D,11.0
2024-10-16,001,D,14,2.5325774091076254,0,0.0,2,0,60,0,Better,Snacks,001_D,12.0
2024-10-17,001,D,12,2.492453088650836,0,0.0,3,0,55,0,Better,Snacks,001_D,9.0
2024-10-18,001,D,14,2.470942577188911,0,0.0,4,0,59,0,Better,Snacks,001_D,29.0
2024-10-19,001,D,18,2.5147092944455163,0,0.0,5,0,55,0,Better,Snacks,001_D,14.0
2024-10-20,001,D,18,2.4460686038439947,0,0.0,6,0,52,0,Better,Snacks,001_D,11.0
2024-10-21,001,D,9,2.5183329410505295,0,0.0,0,0,60,0,Better,Snacks,001_D,13.0
2024-10-22,001,D,9,2.443778575014862,0,0.0,1,0,54,0,Better,Snacks,001_D,15.0
2024-10-23,001,D,12,2.506573103974262,0,0.0,2,0,66,0,Better,Snacks,001_D,14.0
2024-10-24,001,D,8,2.468190725472841,0,0.0,3,0,65,0,Better,Snacks,001_D,12.0
2024-10-25,001,D,19,2.5008868610729467,0,0.0,4,0,62,0,Better,Snacks,001_D,14.0
2024-10-26,001,D,28,2.0172716978410743,1,0.2,5,0,49,0,Better,Snacks,001_D,18.0
2024-10-27,001,D,18,2.4816694625449833,0,0.0,6,0,36,0,Better,Snacks,001_D,18.0
2024-10-28,001,D,13,2.5017905193362466,0,0.0,0,0,58,0,Better,Snacks,001_D,9.0
2024-10-29,001,D,13,2.553070591391903,0,0.0,1,0,63,0,Better,Snacks,001_D,9.0
2024-10-30,001,D,8,2.5153663801118125,0,0.0,2,0,58,0,Better,Snacks,001_D,12.0
2024-10-31,001,D,16,2.428106386978301,0,0.0,3,0,49,0,Better,Snacks,001_D,8.0
2024-11-01,001,D,31,1.9874007512098013,1,0.2,4,0,61,0,Better,Snacks,001_D,19.0
2024-11-02,001,D,30,2.025120947731342,1,0.2,5,0,71,0,Better,Snacks,001_D,28.0
2024-11-03,001,D,13,2.4548623078532574,0,0.0,6,0,64,0,Better,Snacks,001_D,18.0
2024-11-04,001,D,12,2.500426736740711,0,0.0,0,0,62,0,Better,Snacks,001_D,13.0
2024-11-05,001,D,13,2.441045462174537,0,0.0,1,0,65,0,Better,Snacks,001_D,13.0
2024-11-06,001,D,11,2.4616907033898503,0,0.0,2,0,45,0,Better,Snacks,001_D,8.0
2024-11-07,001,D,9,2.4730327086740385,0,0.0,3,0,53,0,Better,Snacks,001_D,16.0
2024-11-08,001,D,22,1.9562264228951356,1,0.2,4,0,57,0,Better,Snacks,001_D,31.0
2024-11-09,001,D,28,1.9667266811732458,1,0.2,5,0,54,0,Better,Snacks,001_D,30.0
2024-11-10,001,D,14,2.530516903863957,0,0.0,6,0,52,0,Better,Snacks,001_D,13.0
2024-11-11,001,D,15,2.4409605044884537,0,0.0,0,0,66,0,Better,Snacks,001_D,12.0
2024-11-12,001,D,11,2.487628408178985,0,0.0,1,0,47,0,Better,Snacks,001_D,13.0
2024-11-13,001,D,14,2.443368754510142,0,0.0,2,0,47,0,Better,Snacks,001_D,11.0
2024-11-14,001,D,14,2.4438417126798915,0,0.0,3,0,57,0,Better,Snacks,001_D,9.0
2024-11-15,001,D,26,1.9440480018434674,1,0.2,4,0,45,0,Better,Snacks,001_D,22.0
2024-11-16,001,D,13,2.477318756856943,0,0.0,5,0,53,0,Better,Snacks,001_D,28.0
2024-11-17,001,D,12,2.4485914902192185,0,0.0,6,0,48,0,Better,Snacks,001_D,14.0
2024-11-18,001,D,13,2.5209035654323233,0,0.0,0,0,78,0,Better,Snacks,001_D,15.0
2024-11-19,001,D,10,2.536093496236449,0,0.0,1,0,75,0,Better,Snacks,001_D,11.0
2024-11-20,001,D,14,2.4775489255185548,0,0.0,2,0,75,0,Better,Snacks,001_D,14.0
2024-11-21,001,D,8,2.5518772977490722,0,0.0,3,0,62,0,Better,Snacks,001_D,14.0
2024-11-22,001,D,27,2.0082958700512266,1,0.2,4,0,41,0,Better,Snacks,001_D,26.0
2024-11-23,001,D,25,1.9943162893689477,1,0.2,5,0,51,0,Better,Snacks,001_D,13.0
2024-11-24,001,D,11,2.4530676156191524,0,0.0,6,0,65,0,Better,Snacks,001_D,12.0
2024-11-25,001,D,10,2.533806665484626,0,0.0,0,0,54,0,Better,Snacks,001_D,13.0
2024-11-26,001,D,8,2.488683786696847,0,0.0,1,0,69,0,Better,Snacks,001_D,10.0
2024-11-27,001,D,13,2.5149861094145685,0,0.0,2,0,48,0,Better,Snacks,001_D,14.0
2024-11-28,001,D,12,2.460414854348832,0,0.0,3,1,49,0,Better,Snacks,001_D,8.0
2024-11-29,001,D,19,2.4850850541917247,0,0.0,4,1,65,0,Better,Snacks,001_D,27.0
2024-11-30,001,D,16,2.5033536975626234,0,0.0,5,0,45,0,Better,Snacks,001_D,25.0
2024-12-01,001,D,13,2.499036763400439,0,0.0,6,0,48,0,Better,Snacks,001_D,11.0
2024-12-02,001,D,14,2.5079640563673684,0,0.0,0,0,68,0,Better,Snacks,001_D,10.0
2024-12-03,001,D,13,2.514076312639322,0,0.0,1,0,52,0,Better,Snacks,001_D,8.0
2024-12-04,001,D,11,2.5420116910803694,0,0.0,2,0,43,0,Better,Snacks,001_D,13.0
2024-12-05,001,D,11,2.552243723235853,0,0.0,3,0,58,0,Better,Snacks,001_D,12.0
2024-12-06,001,D,14,2.5305180935773492,0,0.0,4,0,66,0,Better,Snacks,001_D,19.0
2024-12-07,001,D,17,2.4364983858586275,0,0.0,5,0,47,0,Better,Snacks,001_D,16.0
2024-12-08,001,D,16,2.524240493850501,0,0.0,6,0,53,0,Better,Snacks,001_D,13.0
2024-12-09,001,D,14,2.4105281365573363,0,0.0,0,0,47,0,Better,Snacks,001_D,14.0
2024-12-10,001,D,9,2.4413873131088235,0,0.0,1,0,46,0,Better,Snacks,001_D,13.0
2024-12-11,001,D,9,2.436424603928649,0,0.0,2,0,53,0,Better,Snacks,001_D,11.0
2024-12-12,001,D,7,2.447532756872598,0,0.0,3,0,52,0,Better,Snacks,001_D,11.0
2024-12-13,001,D,26,2.0310884110388114,1,0.2,4,0,65,0,Better,Snacks,001_D,14.0
2024-12-14,001,D,17,2.527076301004649,0,0.0,5,0,49,0,Better,Snacks,001_D,17.0
2024-12-15,001,D,13,2.489145807270913,0,0.0,6,0,59,0,Better,Snacks,001_D,16.0
2024-12-16,001,D,11,2.4941873431456494,0,0.0,0,0,46,0,Better,Snacks,001_D,14.0
2024-12-17,001,D,10,2.564217848584784,0,0.0,1,0,36,0,Better,Snacks,001_D,9.0
2024-12-18,001,D,14,2.4880727729131684,0,0.0,2,0,61,0,Better,Snacks,001_D,9.0
2024-12-19,001,D,13,2.4902882711649013,0,0.0,3,0,49,0,Better,Snacks,001_D,7.0
2024-12-20,001,D,23,1.9484169496586556,1,0.2,4,0,49,0,Better,Snacks,001_D,26.0
2024-12-21,001,D,16,2.4914368980932133,0,0.0,5,0,79,0,Better,Snacks,001_D,17.0
2024-12-22,001,D,12,2.505981757120815,0,0.0,6,0,62,0,Better,Snacks,001_D,13.0
2024-12-23,001,D,13,2.502115365115467,0,0.0,0,0,47,0,Better,Snacks,001_D,11.0
2024-12-24,001,D,14,2.4577411700139185,0,0.0,1,0,50,0,Better,Snacks,001_D,10.0
2024-12-25,001,D,15,2.4838407421672715,0,0.0,2,0,58,0,Better,Snacks,001_D,14.0
2024-12-26,001,D,11,2.4753064692514193,0,0.0,3,0,62,0,Better,Snacks,001_D,13.0
2024-12-27,001,D,19,2.4820714669092685,0,0.0,4,0,31,0,Better,Snacks,001_D,23.0
2024-12-28,001,D,29,1.9659484934719196,1,0.2,5,0,49,0,Better,Snacks,001_D,16.0
2024-12-29,001,D,6,2.492442687198717,0,0.0,6,0,65,0,Better,Snacks,001_D,12.0
2024-12-30,001,D,15,2.4838003716704926,0,0.0,0,0,59,0,Better,Snacks,001_D,13.0
2024-12-31,001,D,13,2.52544628030919,0,0.0,1,0,55,0,Better,Snacks,001_D,14.0
2025-01-01,001,D,13,2.514778719774327,0,0.0,2,0,50,0,Better,Snacks,001_D,15.0
2025-01-02,001,D,10,2.53334673461675,0,0.0,3,0,48,0,Better,Snacks,001_D,11.0
2025-01-03,001,D,16,2.4421754527661106,0,0.0,4,0,67,0,Better,Snacks,001_D,19.0
2025-01-04,001,D,34,1.9852705863470137,1,0.2,5,0,33,0,Better,Snacks,001_D,29.0
2025-01-05,001,D,13,2.490882576869232,0,0.0,6,0,50,0,Better,Snacks,001_D,6.0
2025-01-06,001,D,12,2.4658590064060006,0,0.0,0,0,49,0,Better,Snacks,001_D,15.0
2025-01-07,001,D,13,2.460053629318463,0,0.0,1,0,66,0,Better,Snacks,001_D,13.0
2025-01-08,001,D,11,2.4960055726748314,0,0.0,2,0,56,0,Better,Snacks,001_D,13.0
2025-01-09,001,D,12,2.5267002144461914,0,0.0,3,0,35,0,Better,Snacks,001_D,10.0
2025-01-10,001,D,15,2.463598650130878,0,0.0,4,0,60,0,Better,Snacks,001_D,16.0
2025-01-11,001,D,28,2.020525725075268,1,0.2,5,0,61,0,Better,Snacks,001_D,34.0
2025-01-12,001,D,13,2.5276616688892735,0,0.0,6,0,50,0,Better,Snacks,001_D,13.0
2025-01-13,001,D,12,2.4960726592549305,0,0.0,0,0,66,0,Better,Snacks,001_D,12.0
2025-01-14,001,D,13,2.4311777190470925,0,0.0,1,0,57,0,Better,Snacks,001_D,13.0
2025-01-15,001,D,11,2.4502983789236397,0,0.0,2,0,63,0,Better,Snacks,001_D,11.0
2025-01-16,001,D,10,2.463115160533232,0,0.0,3,0,62,0,Better,Snacks,001_D,12.0
2025-01-17,001,D,16,2.527797400398318,0,0.0,4,0,56,0,Better,Snacks,001_D,15.0
2025-01-18,001,D,14,2.4802495144241847,0,0.0,5,0,52,0,Better,Snacks,001_D,28.0
2025-01-19,001,D,8,2.5390841181473536,0,0.0,6,0,36,0,Better,Snacks,001_D,13.0
2025-01-20,001,D,11,2.4788078351332086,0,0.0,0,0,74,0,Better,Snacks,001_D,12.0
2025-01-21,001,D,15,2.4948218902735624,0,0.0,1,0,59,0,Better,Snacks,001_D,13.0
2025-01-22,001,D,6,2.498663015020442,0,0.0,2,0,70,0,Better,Snacks,001_D,11.0
2025-01-23,001,D,14,2.4405798777676733,0,0.0,3,0,53,0,Better,Snacks,001_D,10.0
2025-01-24,001,D,16,2.521794814105852,0,0.0,4,0,43,0,Better,Snacks,001_D,16.0
2025-01-25,001,D,23,2.0388507523633153,1,0.2,5,0,50,0,Better,Snacks,001_D,14.0
2025-01-26,001,D,10,2.5478584164792655,0,0.0,6,0,51,0,Better,Snacks,001_D,8.0
2025-01-27,001,D,16,2.4865042852882158,0,0.0,0,0,55,0,Better,Snacks,001_D,11.0
