retail_synth_eda.csv
date,store_id,item_id,units,price,promo,promo_depth,dow,holiday,on_hand,stockout,brand,category,key,yhat_t7
2024-08-01,001,E,12,2.0104113535982244,0,0.0,3,0,52,0,Choice,Beverage,001_E,
2024-08-02,001,E,24,1.6101560593528843,1,0.2,4,0,59,0,Choice,Beverage,001_E,
2024-08-03,001,E,15,1.9561051265796068,0,0.0,5,0,54,0,Choice,Beverage,001_E,
2024-08-04,001,E,10,2.008954171780464,0,0.0,6,0,64,0,Choice,Beverage,001_E,
2024-08-05,001,E,12,2.005102751399678,0,0.0,0,0,44,0,Choice,Beverage,001_E,
2024-08-06,001,E,12,1.9889460974531474,0,0.0,1,0,64,0,Choice,Beverage,001_E,
2024-08-07,001,E,12,1.999504033663418,0,0.0,2,0,63,0,Choice,Beverage,001_E,
2024-08-08,001,E,8,1.9876535702257385,0,0.0,3,0,65,0,Choice,Beverage,001_E,12.0
2024-08-09,001,E,17,1.9608431017120806,0,0.0,4,0,43,0,Choice,Beverage,001_E,24.0
2024-08-10,001,E,25,1.573683430972031,1,0.2,5,0,58,0,Choice,Beverage,001_E,15.0
2024-08-11,001,E,12,1.957777840148375,0,0.0,6,0,43,0,Choice,Beverage,001_E,10.0
2024-08-12,001,E,11,1.9817210748325325,0,0.0,0,0,63,0,Choice,Beverage,001_E,12.0
2024-08-13,001,E,11,1.9952362706248232,0,0.0,1,0,53,0,Choice,Beverage,001_E,12.0
2024-08-14,001,E,10,2.064504479258453,0,0.0,2,0,44,0,Choice,Beverage,001_E,12.0
2024-08-15,001,E,15,1.9977965116453098,0,0.0,3,0,75,0,Choice,Beverage,001_E,8.0
2024-08-16,001,E,32,1.552509984740962,1,0.2,4,0,66,0,Choice,Beverage,001_E,17.0
2024-08-17,001,E,15,2.0546344247910846,0,0.0,5,0,57,0,Choice,Beverage,001_E,25.0
2024-08-18,001,E,12,1.9549188120106715,0,0.0,6,0,62,0,Choice,Beverage,001_E,12.0
2024-08-19,001,E,11,1.9847463344630878,0,0.0,0,0,52,0,Choice,Beverage,001_E,11.0
2024-08-20,001,E,11,1.9862982614572247,0,0.0,1,0,59,0,Choice,Beverage,001_E,11.0
2024-08-21,001,E,11,1.9709644500647254,0,0.0,2,0,46,0,Choice,Beverage,001_E,10.0
2024-08-22,001,E,14,1.9491871367823461,0,0.0,3,0,69,0,Choice,Beverage,001_E,15.0
2024-08-23,001,E,19,1.9355107719098876,0,0.0,4,0,55,0,Choice,Beverage,001_E,32.0
2024-08-24,001,E,13,1.986268064083649,0,0.0,5,0,40,0,Choice,Beverage,001_E,15.0
2024-08-25,001,E,11,2.011619832743495,0,0.0,6,0,75,0,Choice,Beverage,001_E,12.0
2024-08-26,001,E,12,1.9910825897979327,0,0.0,0,0,74,0,Choice,Beverage,001_E,11.0
2024-08-27,001,E,9,1.9821190785981455,0,0.0,1,0,63,0,Choice,Beverage,001_E,11.0
2024-08-28,001,E,15,1.9966336950263917,0,0.0,2,0,61,0,Choice,Beverage,001_E,11.0
2024-08-29,001,E,13,1.9840264194140262,0,0.0,3,0,50,0,Choice,Beverage,001_E,14.0
2024-08-30,001,E,17,1.95224576811109,0,0.0,4,0,52,0,Choice,Beverage,001_E,19.0
2024-08-31,001,E,15,1.9914120005278033,0,0.0,5,0,45,0,Choice,Beverage,001_E,13.0
2024-09-01,001,E,15,2.0026493929758287,0,0.0,6,0,57,0,Choice,Beverage,001_E,11.0
2024-09-02,001,E,11,1.910688902435107,0,0.0,0,0,62,0,Choice,Beverage,001_E,12.0
2024-09-03,001,E,12,2.0559022551120862,0,0.0,1,0,40,0,Choice,Beverage,001_E,9.0
2024-09-04,001,E,12,1.9688742018714436,0,0.0,2,0,51,0,Choice,Beverage,001_E,15.0
2024-09-05,001,E,13,1.9842406791450553,0,0.0,3,0,46,0,Choice,Beverage,001_E,13.0
2024-09-06,001,E,10,1.9836419476597165,0,0.0,4,0,60,0,Choice,Beverage,001_E,17.0
2024-09-07,001,E,14,1.9865651915313447,0,0.0,5,0,60,0,Choice,Beverage,001_E,15.0
2024-09-08,001,E,14,1.9898072757939145,0,0.0,6,0,43,0,Choice,Beverage,001_E,15.0
2024-09-09,001,E,16,1.9387876324301583,0,0.0,0,0,50,0,Choice,Beverage,001_E,11.0
2024-09-10,001,E,9,2.0074681213088916,0,0.0,1,0,66,0,Choice,Beverage,001_E,12.0
2024-09-11,001,E,14,1.9733213072558433,0,0.0,2,0,53,0,Choice,Beverage,001_E,12.0
2024-09-12,001,E,15,1.98031999933007,0,0.0,3,0,69,0,Choice,Beverage,001_E,13.0
2024-09-13,001,E,18,1.9957079078852675,0,0.0,4,0,49,0,Choice,Beverage,001_E,10.0
2024-09-14,001,E,15,1.9653326399165174,0,0.0,5,0,63,0,Choice,Beverage,001_E,14.0
2024-09-15,001,E,15,1.9933950447481263,0,0.0,6,0,61,0,Choice,Beverage,001_E,14.0
2024-09-16,001,E,12,2.0271857921072,0,0.0,0,0,59,0,Choice,Beverage,001_E,16.0
2024-09-17,001,E,8,1.9538046347440032,0,0.0,1,0,55,0,Choice,Beverage,001_E,9.0
2024-09-18,001,E,11,1.9393550311885577,0,0.0,2,0,70,0,Choice,Beverage,001_E,14.0
2024-09-19,001,E,11,2.0453161339214545,0,0.0,3,0,62,0,Choice,Beverage,001_E,15.0
2024-09-20,001,E,20,1.9694835783402007,0,0.0,4,0,38,0,Choice,Beverage,001_E,18.0
2024-09-21,001,E,15,1.961494337062207,0,0.0,5,0,54,0,Choice,Beverage,001_E,15.0
2024-09-22,001,E,11,1.9918548927327295,0,0.0,6,0,45,0,Choice,Beverage,001_E,15.0
2024-09-23,001,E,10,2.0134308217460806,0,0.0,0,0,47,0,Choice,Beverage,001_E,12.0
2024-09-24,001,E,10,1.980847263616677,0,0.0,1,0,60,0,Choice,Beverage,001_E,8.0
2024-09-25,001,E,15,1.99824731099158,0,0.0,2,0,47,0,Choice,Beverage,001_E,11.0
2024-09-26,001,E,15,1.9770860258045586,0,0.0,3,0,54,0,Choice,Beverage,001_E,11.0
2024-09-27,001,E,14,1.9681719489963934,0,0.0,4,0,42,0,Choice,Beverage,001_E,20.0
2024-09-28,001,E,17,1.9450217226030342,0,0.0,5,0,52,0,Choice,Beverage,001_E,15.0
2024-09-29,001,E,10,1.974984846982926,0,0.0,6,0,38,0,Choice,Beverage,001_E,11.0
2024-09-30,001,E,7,1.9812405502465962,0,0.0,0,0,43,0,Choice,Beverage,001_E,10.0
2024-10-01,001,E,10,2.0099829629977677,0,0.0,1,0,51,0,Choice,Beverage,001_E,10.0
2024-10-02,001,E,15,2.0380555318018474,0,0.0,2,0,51,0,Choice,Beverage,001_E,15.0
2024-10-03,001,E,15,2.025372463407596,0,0.0,3,0,64,0,Choice,Beverage,001_E,15.0
2024-10-04,001,E,30,1.6121026195500774,1,0.2,4,0,46,0,Choice,Beverage,001_E,14.0
2024-10-05,001,E,14,1.933265194546252,0,0.0,5,0,34,0,Choice,Beverage,001_E,17.0
2024-10-06,001,E,12,2.020145063188854,0,0.0,6,0,60,0,Choice,Beverage,001_E,10.0
2024-10-07,001,E,11,1.9907085289796957,0,0.0,0,0,44,0,Choice,Beverage,001_E,7.0
2024-10-08,001,E,11,2.022073341347677,0,0.0,1,0,50,0,Choice,Beverage,001_E,10.0
2024-10-09,001,E,9,2.001886280515365,0,0.0,2,0,36,0,Choice,Beverage,001_E,15.0
2024-10-10,001,E,9,2.003247451190084,0,0.0,3,0,51,0,Choice,Beverage,001_E,15.0
2024-10-11,001,E,15,1.9504130598884113,0,0.0,4,0,27,0,Choice,Beverage,001_E,30.0
2024-10-12,001,E,29,1.6129687252146108,1,0.2,5,0,57,0,Choice,Beverage,001_E,14.0
2024-10-13,001,E,14,1.9937547579538033,0,0.0,6,0,35,0,Choice,Beverage,001_E,12.0
2024-10-14,001,E,12,1.945832822625856,0,0.0,0,0,46,0,Choice,Beverage,001_E,11.0
2024-10-15,001,E,13,1.9641375500648122,0,0.0,1,0,54,0,Choice,Beverage,001_E,11.0
2024-10-16,001,E,11,2.034177935474701,0,0.0,2,0,59,0,Choice,Beverage,001_E,9.0
2024-10-17,001,E,9,1.9918423376049195,0,0.0,3,0,69,0,Choice,Beverage,001_E,9.0
2024-10-18,001,E,23,1.593420844433014,1,0.2,4,0,37,0,Choice,Beverage,001_E,15.0
2024-10-19,001,E,15,1.9910914756611358,0,0.0,5,0,44,0,Choice,Beverage,001_E,29.0
2024-10-20,001,E,15,1.9795342202766308,0,0.0,6,0,57,0,Choice,Beverage,001_E,14.0
2024-10-21,001,E,14,1.9860082255615783,0,0.0,0,0,64,0,Choice,Beverage,001_E,12.0
2024-10-22,001,E,12,1.9769187549325973,0,0.0,1,0,49,0,Choice,Beverage,001_E,13.0
2024-10-23,001,E,14,1.9677742270322967,0,0.0,2,0,67,0,Choice,Beverage,001_E,11.0
2024-10-24,001,E,8,2.010926054253085,0,0.0,3,0,53,0,Choice,Beverage,001_E,9.0
2024-10-25,001,E,24,1.5911365019122607,1,0.2,4,0,56,0,Choice,Beverage,001_E,23.0
2024-10-26,001,E,24,1.689900533366653,1,0.2,5,0,67,0,Choice,Beverage,001_E,15.0
2024-10-27,001,E,15,2.0370234006322,0,0.0,6,0,67,0,Choice,Beverage,001_E,15.0
2024-10-28,001,E,15,2.0397618740796175,0,0.0,0,0,66,0,Choice,Beverage,001_E,14.0
2024-10-29,001,E,13,1.9636307256992522,0,0.0,1,0,71,0,Choice,Beverage,001_E,12.0
2024-10-30,001,E,14,1.9852256966415374,0,0.0,2,0,55,0,Choice,Beverage,001_E,14.0
2024-10-31,001,E,14,1.9853586287369531,0,0.0,3,0,60,0,Choice,Beverage,001_E,8.0
2024-11-01,001,E,18,1.9526904830304828,0,0.0,4,0,62,0,Choice,Beverage,001_E,24.0
2024-11-02,001,E,16,1.9792409145534073,0,0.0,5,0,79,0,Choice,Beverage,001_E,24.0
2024-11-03,001,E,12,1.9952933461501687,0,0.0,6,0,51,0,Choice,Beverage,001_E,15.0
2024-11-04,001,E,14,1.986040909866982,0,0.0,0,0,62,0,Choice,Beverage,001_E,15.0
2024-11-05,001,E,13,1.991490619700544,0,0.0,1,0,49,0,Choice,Beverage,001_E,13.0
2024-11-06,001,E,12,2.0078371479023644,0,0.0,2,0,64,0,Choice,Beverage,001_E,14.0
2024-11-07,001,E,15,2.0143020853211153,0,0.0,3,0,68,0,Choice,Beverage,001_E,14.0
2024-11-08,001,E,16,1.9651552407154607,0,0.0,4,0,57,0,Choice,Beverage,001_E,18.0
2024-11-09,001,E,25,1.592840863056012,1,0.2,5,0,62,0,Choice,Beverage,001_E,16.0
2024-11-10,001,E,12,2.0162813983260475,0,0.0,6,0,58,0,Choice,Beverage,001_E,12.0
2024-11-11,001,E,11,1.990298545205983,0,0.0,0,0,56,0,Choice,Beverage,001_E,14.0
2024-11-12,001,E,14,1.9875564646364807,0,0.0,1,0,62,0,Choice,Beverage,001_E,13.0
2024-11-13,001,E,14,1.9850587489664901,0,0.0,2,0,70,0,Choice,Beverage,001_E,12.0
2024-11-14,001,E,8,2.0157296636915283,0,0.0,3,0,48,0,Choice,Beverage,001_E,15.0
2024-11-15,001,E,19,2.029761724664387,0,0.0,4,0,65,0,Choice,Beverage,001_E,16.0
2024-11-16,001,E,16,2.0371668338830977,0,0.0,5,0,42,0,Choice,Beverage,001_E,25.0
2024-11-17,001,E,11,1.9880290479712344,0,0.0,6,0,77,0,Choice,Beverage,001_E,12.0
2024-11-18,001,E,14,2.04041626841479,0,0.0,0,0,49,0,Choice,Beverage,001_E,11.0
2024-11-19,001,E,16,1.9530430992336363,0,0.0,1,0,65,0,Choice,Beverage,001_E,14.0
2024-11-20,001,E,11,2.0121717316157124,0,0.0,2,0,59,0,Choice,Beverage,001_E,14.0
2024-11-21,001,E,11,2.0302253063596334,0,0.0,3,0,78,0,Choice,Beverage,001_E,8.0
2024-11-22,001,E,15,1.9372575886780352,0,0.0,4,0,47,0,Choice,Beverage,001_E,19.0
2024-11-23,001,E,16,1.974166143268426,0,0.0,5,0,43,0,Choice,Beverage,001_E,16.0
2024-11-24,001,E,12,2.0417905105920027,0,0.0,6,0,67,0,Choice,Beverage,001_E,11.0
2024-11-25,001,E,13,1.9768051021738613,0,0.0,0,0,54,0,Choice,Beverage,001_E,14.0
2024-11-26,001,E,13,1.9559835245664474,0,0.0,1,0,60,0,Choice,Beverage,001_E,16.0
2024-11-27,001,E,13,1.9700540410554446,0,0.0,2,0,46,0,Choice,Beverage,001_E,11.0
2024-11-28,001,E,15,1.989439382571676,0,0.0,3,1,58,0,Choice,Beverage,001_E,11.0
2024-11-29,001,E,35,1.5625782682532223,1,0.2,4,1,36,0,Choice,Beverage,001_E,15.0
2024-11-30,001,E,14,1.9837279103830798,0,0.0,5,0,71,0,Choice,Beverage,001_E,16.0
2024-12-01,001,E,14,1.989072575778174,0,0.0,6,0,69,0,Choice,Beverage,001_E,12.0
2024-12-02,001,E,14,1.936740634554288,0,0.0,0,0,39,0,Choice,Beverage,001_E,13.0
2024-12-03,001,E,12,1.9895179201183026,0,0.0,1,0,66,0,Choice,Beverage,001_E,13.0
2024-12-04,001,E,13,2.021614456058921,0,0.0,2,0,45,0,Choice,Beverage,001_E,13.0
2024-12-05,001,E,11,2.0012211007372023,0,0.0,3,0,64,0,Choice,Beverage,001_E,15.0
2024-12-06,001,E,24,1.5994696136781634,1,0.2,4,0,57,0,Choice,Beverage,001_E,35.0
2024-12-07,001,E,23,1.6072307340385907,1,0.2,5,0,68,0,Choice,Beverage,001_E,14.0
2024-12-08,001,E,13,1.9796805602817265,0,0.0,6,0,64,0,Choice,Beverage,001_E,14.0
2024-12-09,001,E,8,1.990487116379258,0,0.0,0,0,59,0,Choice,Beverage,001_E,14.0
2024-12-10,001,E,10,2.0291958767435934,0,0.0,1,0,49,0,Choice,Beverage,001_E,12.0
2024-12-11,001,E,15,2.021730432967867,0,0.0,2,0,61,0,Choice,Beverage,001_E,13.0
2024-12-12,001,E,13,1.9955260226374487,0,0.0,3,0,41,0,Choice,Beverage,001_E,11.0
2024-12-13,001,E,19,2.0285199784250736,0,0.0,4,0,42,0,Choice,Beverage,001_E,24.0
2024-12-14,001,E,17,1.9809254672454015,0,0.0,5,0,51,0,Choice,Beverage,001_E,23.0
2024-12-15,001,E,15,1.9741191020654214,0,0.0,6,0,71,0,Choice,Beverage,001_E,13.0
2024-12-16,001,E,11,1.9934759295654292,0,0.0,0,0,60,0,Choice,Beverage,001_E,8.0
2024-12-17,001,E,13,1.9960849275616703,0,0.0,1,0,62,0,Choice,Beverage,001_E,10.0
2024-12-18,001,E,10,1.985140768164703,0,0.0,2,0,72,0,Choice,Beverage,001_E,15.0
2024-12-19,001,E,15,1.9772905049488416,0,0.0,3,0,52,0,Choice,Beverage,001_E,13.0
2024-12-20,001,E,14,2.0299572079390398,0,0.0,4,0,46,0,Choice,Beverage,001_E,19.0
2024-12-21,001,E,16,1.9978477778881678,0,0.0,5,0,58,0,Choice,Beverage,001_E,17.0
2024-12-22,001,E,9,2.061266786475108,0,0.0,6,0,58,0,Choice,Beverage,001_E,15.0
2024-12-23,001,E,9,1.9879486218341897,0,0.0,0,0,42,0,Choice,Beverage,001_E,11.0
2024-12-24,001,E,12,1.979115257471504,0,0.0,1,0,49,0,Choice,Beverage,001_E,13.0
2024-12-25,001,E,22,1.976042642035257,0,0.0,2,0,60,0,Choice,Beverage,001_E,10.0
2024-12-26,001,E,12,1.9774760547474397,0,0.0,3,0,57,0,Choice,Beverage,001_E,15.0
2024-12-27,001,E,15,1.9839062350628596,0,0.0,4,0,71,0,Choice,Beverage,001_E,14.0
2024-12-28,001,E,29,1.6074953257927533,1,0.2,5,0,50,0,Choice,Beverage,001_E,16.0
2024-12-29,001,E,11,2.045833038103552,0,0.0,6,0,48,0,Choice,Beverage,001_E,9.0
2024-12-30,001,E,15,1.967976617734259,0,0.0,0,0,41,0,Choice,Beverage,001_E,9.0
2024-12-31,001,E,10,1.950119951066224,0,0.0,1,0,62,0,Choice,Beverage,001_E,12.0
2025-01-01,001,E,12,2.0104676444373757,0,0.0,2,0,81,0,Choice,Beverage,001_E,22.0
2025-01-02,001,E,11,2.0476609353082935,0,0.0,3,0,59,0,Choice,Beverage,001_E,12.0
2025-01-03,001,E,11,1.9484315495424183,0,0.0,4,0,49,0,Choice,Beverage,001_E,15.0
2025-01-04,001,E,13,1.9333564596065664,0,0.0,5,0,52,0,Choice,Beverage,001_E,29.0
2025-01-05,001,E,10,1.960918072677482,0,0.0,6,0,55,0,Choice,Beverage,001_E,11.0
2025-01-06,001,E,13,2.020890732738373,0,0.0,0,0,53,0,Choice,Beverage,001_E,15.0
2025-01-07,001,E,16,1.9785797268786065,0,0.0,1,0,47,0,Choice,Beverage,001_E,10.0
2025-01-08,001,E,10,2.000427271364799,0,0.0,2,0,56,0,Choice,Beverage,001_E,12.0
2025-01-09,001,E,14,1.9994549932484784,0,0.0,3,0,61,0,Choice,Beverage,001_E,11.0
2025-01-10,001,E,21,2.004336687103793,0,0.0,4,0,51,0,Choice,Beverage,001_E,11.0
2025-01-11,001,E,15,1.970031624863886,0,0.0,5,0,55,0,Choice,Beverage,001_E,13.0
2025-01-12,001,E,14,1.9825049602066758,0,0.0,6,0,70,0,Choice,Beverage,001_E,10.0
2025-01-13,001,E,12,1.9360220873558394,0,0.0,0,0,48,0,Choice,Beverage,001_E,13.0
2025-01-14,001,E,8,1.997923819941822,0,0.0,1,0,70,0,Choice,Beverage,001_E,16.0
2025-01-15,001,E,14,1.9919380278098917,0,0.0,2,0,48,0,Choice,Beverage,001_E,10.0
2025-01-16,001,E,13,2.0423493395477337,0,0.0,3,0,52,0,Choice,Beverage,001_E,14.0
2025-01-17,001,E,26,1.5516623847537265,1,0.2,4,0,40,0,Choice,Beverage,001_E,21.0
2025-01-18,001,E,28,1.6095347343597057,1,0.2,5,0,35,0,Choice,Beverage,001_E,15.0
2025-01-19,001,E,15,1.993829050586835,0,0.0,6,0,57,0,Choice,Beverage,001_E,14.0
2025-01-20,001,E,12,1.9702537178571813,0,0.0,0,0,60,0,Choice,Beverage,001_E,12.0
2025-01-21,001,E,13,1.9635888621923439,0,0.0,1,0,31,0,Choice,Beverage,001_E,8.0
2025-01-22,001,E,13,2.006626304550237,0,0.0,2,0,57,0,Choice,Beverage,001_E,14.0
2025-01-23,001,E,12,1.992469184689596,0,0.0,3,0,66,0,Choice,Beverage,001_E,13.0
2025-01-24,001,E,26,1.597334750140677,1,0.2,4,0,46,0,Choice,Beverage,001_E,26.0
2025-01-25,001,E,22,1.6048359281849656,1,0.2,5,0,41,0,Choice,Beverage,001_E,28.0
2025-01-26,001,E,17,1.9609525867681563,0,0.0,6,0,64,0,Choice,Beverage,001_E,15.0
2025-01-27,001,E,15,1.9941020307728574,0,0.0,0,0,58,0,Choice,Beverage,001_E,12.0
