retail_synth_eda.csv
date,store_id,item_id,units,price,promo,promo_depth,dow,holiday,on_hand,stockout,brand,category,key,yhat_t7
2024-08-01,002,B,16,3.4445684948880584,0,0.0,3,0,48,0,Acme,Cereal,002_B,
2024-08-02,002,B,33,2.8090083639720427,1,0.2,4,0,34,0,Acme,Cereal,002_B,
2024-08-03,002,B,19,3.550317925671272,0,0.0,5,0,72,0,Acme,Cereal,002_B,
2024-08-04,002,B,13,3.5109417901599587,0,0.0,6,0,54,0,Acme,Cereal,002_B,
2024-08-05,002,B,15,3.4693328462380015,0,0.0,0,0,61,0,Acme,Cereal,002_B,
2024-08-06,002,B,12,3.485739492592171,0,0.0,1,0,62,0,Acme,Cereal,002_B,
2024-08-07,002,B,13,3.5018015719085125,0,0.0,2,0,48,0,Acme,Cereal,002_B,
2024-08-08,002,B,18,3.4466416833800397,0,0.0,3,0,59,0,Acme,Cereal,002_B,16.0
2024-08-09,002,B,31,2.8267985382170324,1,0.2,4,0,47,0,Acme,Cereal,002_B,33.0
2024-08-10,002,B,30,2.764455082303245,1,0.2,5,0,40,0,Acme,Cereal,002_B,19.0
2024-08-11,002,B,14,3.488999739027363,0,0.0,6,0,61,0,Acme,Cereal,002_B,13.0
2024-08-12,002,B,12,3.4843668400007806,0,0.0,0,0,56,0,Acme,Cereal,002_B,15.0
2024-08-13,002,B,11,3.4746053431977892,0,0.0,1,0,65,0,Acme,Cereal,002_B,12.0
2024-08-14,002,B,13,3.480662176981223,0,0.0,2,0,55,0,Acme,Cereal,002_B,13.0
2024-08-15,002,B,11,3.4927251872915983,0,0.0,3,0,67,0,Acme,Cereal,002_B,18.0
2024-08-16,002,B,18,3.5003379731197537,0,0.0,4,0,44,0,Acme,Cereal,002_B,31.0
2024-08-17,002,B,15,3.434714937988412,0,0.0,5,0,62,0,Acme,Cereal,002_B,30.0
2024-08-18,002,B,16,3.483942392782231,0,0.0,6,0,56,0,Acme,Cereal,002_B,14.0
2024-08-19,002,B,14,3.497322153441091,0,0.0,0,0,53,0,Acme,Cereal,002_B,12.0
2024-08-20,002,B,14,3.505508096746368,0,0.0,1,0,54,0,Acme,Cereal,002_B,11.0
2024-08-21,002,B,12,3.473336495262879,0,0.0,2,0,31,0,Acme,Cereal,002_B,13.0
2024-08-22,002,B,12,3.511000078793975,0,0.0,3,0,62,0,Acme,Cereal,002_B,11.0
2024-08-23,002,B,30,2.8128441928300183,1,0.2,4,0,55,0,Acme,Cereal,002_B,18.0
2024-08-24,002,B,31,2.7823627107838305,1,0.2,5,0,40,0,Acme,Cereal,002_B,15.0
2024-08-25,002,B,18,3.5011202038803213,0,0.0,6,0,59,0,Acme,Cereal,002_B,16.0
2024-08-26,002,B,13,3.49034052053813,0,0.0,0,0,51,0,Acme,Cereal,002_B,14.0
2024-08-27,002,B,15,3.434769324486822,0,0.0,1,0,40,0,Acme,Cereal,002_B,14.0
2024-08-28,002,B,9,3.535991914759943,0,0.0,2,0,47,0,Acme,Cereal,002_B,12.0
2024-08-29,002,B,13,3.4722302895875106,0,0.0,3,0,53,0,Acme,Cereal,002_B,12.0
2024-08-30,002,B,30,2.805569345220646,1,0.2,4,0,46,0,Acme,Cereal,002_B,30.0
2024-08-31,002,B,28,2.7936330311302924,1,0.2,5,0,22,0,Acme,Cereal,002_B,31.0
2024-09-01,002,B,13,3.4864076460880864,0,0.0,6,0,55,0,Acme,Cereal,002_B,18.0
2024-09-02,002,B,11,3.533740636735457,0,0.0,0,0,33,0,Acme,Cereal,002_B,13.0
2024-09-03,002,B,15,3.490756610159644,0,0.0,1,0,66,0,Acme,Cereal,002_B,15.0
2024-09-04,002,B,15,3.409730504725825,0,0.0,2,0,60,0,Acme,Cereal,002_B,9.0
2024-09-05,002,B,15,3.4611578574054094,0,0.0,3,0,53,0,Acme,Cereal,002_B,13.0
2024-09-06,002,B,29,2.8067418287285237,1,0.2,4,0,54,0,Acme,Cereal,002_B,30.0
2024-09-07,002,B,19,3.4410788894576188,0,0.0,5,0,61,0,Acme,Cereal,002_B,28.0
2024-09-08,002,B,9,3.5233392014831897,0,0.0,6,0,59,0,Acme,Cereal,002_B,13.0
2024-09-09,002,B,10,3.441322177978109,0,0.0,0,0,59,0,Acme,Cereal,002_B,11.0
2024-09-10,002,B,16,3.5090008723389112,0,0.0,1,0,50,0,Acme,Cereal,002_B,15.0
2024-09-11,002,B,9,3.469841466888363,0,0.0,2,0,39,0,Acme,Cereal,002_B,15.0
2024-09-12,002,B,14,3.4799295906250998,0,0.0,3,0,61,0,Acme,Cereal,002_B,15.0
2024-09-13,002,B,11,3.4998829188753926,0,0.0,4,0,66,0,Acme,Cereal,002_B,29.0
2024-09-14,002,B,21,3.4890525808928894,0,0.0,5,0,71,0,Acme,Cereal,002_B,19.0
2024-09-15,002,B,13,3.5352718905714156,0,0.0,6,0,57,0,Acme,Cereal,002_B,9.0
2024-09-16,002,B,19,3.5125767278949227,0,0.0,0,0,55,0,Acme,Cereal,002_B,10.0
2024-09-17,002,B,16,3.5102494060152374,0,0.0,1,0,30,0,Acme,Cereal,002_B,16.0
2024-09-18,002,B,7,3.499806675736555,0,0.0,2,0,37,0,Acme,Cereal,002_B,9.0
2024-09-19,002,B,12,3.528851037037234,0,0.0,3,0,46,0,Acme,Cereal,002_B,14.0
2024-09-20,002,B,26,2.814509137513975,1,0.2,4,0,55,0,Acme,Cereal,002_B,11.0
2024-09-21,002,B,28,2.8117554475277373,1,0.2,5,0,53,0,Acme,Cereal,002_B,21.0
2024-09-22,002,B,11,3.434110467591044,0,0.0,6,0,64,0,Acme,Cereal,002_B,13.0
2024-09-23,002,B,9,3.476634456998146,0,0.0,0,0,55,0,Acme,Cereal,002_B,19.0
2024-09-24,002,B,15,3.5488275546094994,0,0.0,1,0,43,0,Acme,Cereal,002_B,16.0
2024-09-25,002,B,15,3.5263820201149993,0,0.0,2,0,57,0,Acme,Cereal,002_B,7.0
2024-09-26,002,B,15,3.4898776581123667,0,0.0,3,0,48,0,Acme,Cereal,002_B,12.0
2024-09-27,002,B,33,2.747044909891132,1,0.2,4,0,47,0,Acme,Cereal,002_B,26.0
2024-09-28,002,B,23,3.493173545968422,0,0.0,5,0,57,0,Acme,Cereal,002_B,28.0
2024-09-29,002,B,12,3.5257236516538177,0,0.0,6,0,51,0,Acme,Cereal,002_B,11.0
2024-09-30,002,B,16,3.4946850346049363,0,0.0,0,0,56,0,Acme,Cereal,002_B,9.0
2024-10-01,002,B,8,3.541241446096234,0,0.0,1,0,55,0,Acme,Cereal,002_B,15.0
2024-10-02,002,B,16,3.463778413130405,0,0.0,2,0,55,0,Acme,Cereal,002_B,15.0
2024-10-03,002,B,19,3.4839771222406273,0,0.0,3,0,57,0,Acme,Cereal,002_B,15.0
2024-10-04,002,B,21,3.5406427045428024,0,0.0,4,0,35,0,Acme,Cereal,002_B,33.0
2024-10-05,002,B,31,2.7706364804480033,1,0.2,5,0,42,0,Acme,Cereal,002_B,23.0
2024-10-06,002,B,16,3.4707322264793508,0,0.0,6,0,53,0,Acme,Cereal,002_B,12.0
2024-10-07,002,B,13,3.51268275641896,0,0.0,0,0,70,0,Acme,Cereal,002_B,16.0
2024-10-08,002,B,16,3.5009938450934217,0,0.0,1,0,32,0,Acme,Cereal,002_B,8.0
2024-10-09,002,B,13,3.4702861376832743,0,0.0,2,0,51,0,Acme,Cereal,002_B,16.0
2024-10-10,002,B,13,3.470136253009681,0,0.0,3,0,50,0,Acme,Cereal,002_B,19.0
2024-10-11,002,B,28,2.7482875372717115,1,0.2,4,0,71,0,Acme,Cereal,002_B,21.0
2024-10-12,002,B,26,2.7908659961180082,1,0.2,5,0,46,0,Acme,Cereal,002_B,31.0
2024-10-13,002,B,12,3.4941372594357447,0,0.0,6,0,60,0,Acme,Cereal,002_B,16.0
2024-10-14,002,B,18,3.455256780542804,0,0.0,0,0,55,0,Acme,Cereal,002_B,13.0
2024-10-15,002,B,13,3.4923292172463283,0,0.0,1,0,43,0,Acme,Cereal,002_B,16.0
2024-10-16,002,B,15,3.4305622167229175,0,0.0,2,0,41,0,Acme,Cereal,002_B,13.0
2024-10-17,002,B,13,3.47227126524138,0,0.0,3,0,53,0,Acme,Cereal,002_B,13.0
2024-10-18,002,B,15,3.495653372092164,0,0.0,4,0,54,0,Acme,Cereal,002_B,28.0
2024-10-19,002,B,30,2.7919234221696203,1,0.2,5,0,47,0,Acme,Cereal,002_B,26.0
2024-10-20,002,B,13,3.5090596846235025,0,0.0,6,0,34,0,Acme,Cereal,002_B,12.0
2024-10-21,002,B,15,3.5112335534298342,0,0.0,0,0,45,0,Acme,Cereal,002_B,18.0
2024-10-22,002,B,13,3.502692629056398,0,0.0,1,0,52,0,Acme,Cereal,002_B,13.0
2024-10-23,002,B,18,3.5482397713203824,0,0.0,2,0,57,0,Acme,Cereal,002_B,15.0
2024-10-24,002,B,11,3.4547191096116054,0,0.0,3,0,42,0,Acme,Cereal,002_B,13.0
2024-10-25,002,B,18,3.4815945544515787,0,0.0,4,0,63,0,Acme,Cereal,002_B,15.0
2024-10-26,002,B,18,3.517395537524411,0,0.0,5,0,57,0,Acme,Cereal,002_B,30.0
2024-10-27,002,B,15,3.530848964733216,0,0.0,6,0,52,0,Acme,Cereal,002_B,13.0
2024-10-28,002,B,20,3.4721359709840134,0,0.0,0,0,52,0,Acme,Cereal,002_B,15.0
2024-10-29,002,B,17,3.525868614167333,0,0.0,1,0,54,0,Acme,Cereal,002_B,13.0
2024-10-30,002,B,14,3.524407480037311,0,0.0,2,0,50,0,Acme,Cereal,002_B,18.0
2024-10-31,002,B,15,3.4336654068046206,0,0.0,3,0,53,0,Acme,Cereal,002_B,11.0
2024-11-01,002,B,19,3.4592520855372753,0,0.0,4,0,52,0,Acme,Cereal,002_B,18.0
2024-11-02,002,B,26,2.784918893737378,1,0.2,5,0,50,0,Acme,Cereal,002_B,18.0
2024-11-03,002,B,14,3.498865944637279,0,0.0,6,0,69,0,Acme,Cereal,002_B,15.0
2024-11-04,002,B,15,3.531486652818214,0,0.0,0,0,55,0,Acme,Cereal,002_B,20.0
2024-11-05,002,B,14,3.5163970330124887,0,0.0,1,0,68,0,Acme,Cereal,002_B,17.0
2024-11-06,002,B,17,3.460571371147732,0,0.0,2,0,49,0,Acme,Cereal,002_B,14.0
2024-11-07,002,B,14,3.4663621538990994,0,0.0,3,0,62,0,Acme,Cereal,002_B,15.0
2024-11-08,002,B,17,3.4959973013642753,0,0.0,4,0,74,0,Acme,Cereal,002_B,19.0
2024-11-09,002,B,30,2.7483439924642266,1,0.2,5,0,48,0,Acme,Cereal,002_B,26.0
2024-11-10,002,B,12,3.440331654758432,0,0.0,6,0,55,0,Acme,Cereal,002_B,14.0
2024-11-11,002,B,19,3.505717723852971,0,0.0,0,0,46,0,Acme,Cereal,002_B,15.0
2024-11-12,002,B,12,3.4992534915811007,0,0.0,1,0,52,0,Acme,Cereal,002_B,14.0
2024-11-13,002,B,14,3.512111601734772,0,0.0,2,0,56,0,Acme,Cereal,002_B,17.0
2024-11-14,002,B,17,3.475565576718281,0,0.0,3,0,72,0,Acme,Cereal,002_B,14.0
2024-11-15,002,B,16,3.5115797222734355,0,0.0,4,0,48,0,Acme,Cereal,002_B,17.0
2024-11-16,002,B,18,3.5056628174428495,0,0.0,5,0,64,0,Acme,Cereal,002_B,30.0
2024-11-17,002,B,15,3.461372240218224,0,0.0,6,0,49,0,Acme,Cereal,002_B,12.0
2024-11-18,002,B,11,3.4788740093294597,0,0.0,0,0,57,0,Acme,Cereal,002_B,19.0
2024-11-19,002,B,12,3.470146185790138,0,0.0,1,0,63,0,Acme,Cereal,002_B,12.0
2024-11-20,002,B,15,3.444831735969492,0,0.0,2,0,50,0,Acme,Cereal,002_B,14.0
2024-11-21,002,B,15,3.5483321008530737,0,0.0,3,0,33,0,Acme,Cereal,002_B,17.0
2024-11-22,002,B,32,2.7664928807323634,1,0.2,4,0,34,0,Acme,Cereal,002_B,16.0
2024-11-23,002,B,15,3.4645361476226344,0,0.0,5,0,54,0,Acme,Cereal,002_B,18.0
2024-11-24,002,B,13,3.4919267121592914,0,0.0,6,0,61,0,Acme,Cereal,002_B,15.0
2024-11-25,002,B,18,3.4896336884961787,0,0.0,0,0,63,0,Acme,Cereal,002_B,11.0
2024-11-26,002,B,12,3.5225353765775456,0,0.0,1,0,60,0,Acme,Cereal,002_B,12.0
2024-11-27,002,B,18,3.4916077247145827,0,0.0,2,0,55,0,Acme,Cereal,002_B,15.0
2024-11-28,002,B,21,3.4773369074955354,0,0.0,3,1,50,0,Acme,Cereal,002_B,15.0
2024-11-29,002,B,38,2.7605042402407647,1,0.2,4,1,65,0,Acme,Cereal,002_B,32.0
2024-11-30,002,B,17,3.4858492983246627,0,0.0,5,0,48,0,Acme,Cereal,002_B,15.0
2024-12-01,002,B,13,3.468699367915595,0,0.0,6,0,57,0,Acme,Cereal,002_B,13.0
2024-12-02,002,B,13,3.549065304510801,0,0.0,0,0,55,0,Acme,Cereal,002_B,18.0
2024-12-03,002,B,19,3.4833182858859244,0,0.0,1,0,58,0,Acme,Cereal,002_B,12.0
2024-12-04,002,B,14,3.4556111186272105,0,0.0,2,0,68,0,Acme,Cereal,002_B,18.0
2024-12-05,002,B,15,3.510526262504533,0,0.0,3,0,57,0,Acme,Cereal,002_B,21.0
2024-12-06,002,B,28,2.847985290653524,1,0.2,4,0,29,0,Acme,Cereal,002_B,38.0
2024-12-07,002,B,31,2.717129273418853,1,0.2,5,0,35,0,Acme,Cereal,002_B,17.0
2024-12-08,002,B,20,3.509017265486085,0,0.0,6,0,60,0,Acme,Cereal,002_B,13.0
2024-12-09,002,B,14,3.547834559423399,0,0.0,0,0,34,0,Acme,Cereal,002_B,13.0
2024-12-10,002,B,17,3.486178779839649,0,0.0,1,0,61,0,Acme,Cereal,002_B,19.0
2024-12-11,002,B,12,3.5113354018895033,0,0.0,2,0,71,0,Acme,Cereal,002_B,14.0
2024-12-12,002,B,15,3.4698343642487437,0,0.0,3,0,61,0,Acme,Cereal,002_B,15.0
2024-12-13,002,B,32,2.8027124122043,1,0.2,4,0,41,0,Acme,Cereal,002_B,28.0
2024-12-14,002,B,32,2.7884760788020904,1,0.2,5,0,46,0,Acme,Cereal,002_B,31.0
2024-12-15,002,B,17,3.4721029499992255,0,0.0,6,0,46,0,Acme,Cereal,002_B,20.0
2024-12-16,002,B,14,3.5772504311474886,0,0.0,0,0,76,0,Acme,Cereal,002_B,14.0
2024-12-17,002,B,14,3.514114344475226,0,0.0,1,0,57,0,Acme,Cereal,002_B,17.0
2024-12-18,002,B,18,3.4591364753818823,0,0.0,2,0,51,0,Acme,Cereal,002_B,12.0
2024-12-19,002,B,14,3.526241594121354,0,0.0,3,0,64,0,Acme,Cereal,002_B,15.0
2024-12-20,002,B,18,3.4408530505326684,0,0.0,4,0,35,0,Acme,Cereal,002_B,32.0
2024-12-21,002,B,30,2.8279311602699972,1,0.2,5,0,51,0,Acme,Cereal,002_B,32.0
2024-12-22,002,B,15,3.4862333343095786,0,0.0,6,0,68,0,Acme,Cereal,002_B,17.0
2024-12-23,002,B,14,3.506851379886532,0,0.0,0,0,49,0,Acme,Cereal,002_B,14.0
2024-12-24,002,B,13,3.5150162475599465,0,0.0,1,0,70,0,Acme,Cereal,002_B,14.0
2024-12-25,002,B,11,3.459103128598748,0,0.0,2,0,55,0,Acme,Cereal,002_B,18.0
2024-12-26,002,B,16,3.4935205521861556,0,0.0,3,0,78,0,Acme,Cereal,002_B,14.0
2024-12-27,002,B,18,3.5150425631450397,0,0.0,4,0,38,0,Acme,Cereal,002_B,18.0
2024-12-28,002,B,30,2.7965682504868927,1,0.2,5,0,47,0,Acme,Cereal,002_B,30.0
2024-12-29,002,B,17,3.460185820768397,0,0.0,6,0,53,0,Acme,Cereal,002_B,15.0
2024-12-30,002,B,12,3.4738881796949905,0,0.0,0,0,66,0,Acme,Cereal,002_B,14.0
2024-12-31,002,B,19,3.5393956284498733,0,0.0,1,0,47,0,Acme,Cereal,002_B,13.0
2025-01-01,002,B,10,3.4816796659393283,0,0.0,2,0,57,0,Acme,Cereal,002_B,11.0
2025-01-02,002,B,19,3.4941455592116664,0,0.0,3,0,37,0,Acme,Cereal,002_B,16.0
2025-01-03,002,B,32,2.795995349176931,1,0.2,4,0,61,0,Acme,Cereal,002_B,18.0
2025-01-04,002,B,19,3.505335147841242,0,0.0,5,0,61,0,Acme,Cereal,002_B,30.0
2025-01-05,002,B,13,3.476474092423365,0,0.0,6,0,51,0,Acme,Cereal,002_B,17.0
2025-01-06,002,B,14,3.468509143379415,0,0.0,0,0,49,0,Acme,Cereal,002_B,12.0
2025-01-07,002,B,15,3.4685570822672687,0,0.0,1,0,49,0,Acme,Cereal,002_B,19.0
2025-01-08,002,B,15,3.4649645585172006,0,0.0,2,0,71,0,Acme,Cereal,002_B,10.0
2025-01-09,002,B,13,3.5192797434888052,0,0.0,3,0,45,0,Acme,Cereal,002_B,19.0
2025-01-10,002,B,30,2.787363736378181,1,0.2,4,0,58,0,Acme,Cereal,002_B,32.0
2025-01-11,002,B,30,2.79077738007367,1,0.2,5,0,58,0,Acme,Cereal,002_B,19.0
2025-01-12,002,B,13,3.5282092446291236,0,0.0,6,0,56,0,Acme,Cereal,002_B,13.0
2025-01-13,002,B,12,3.495787703252326,0,0.0,0,0,62,0,Acme,Cereal,002_B,14.0
2025-01-14,002,B,18,3.471009105685147,0,0.0,1,0,43,0,Acme,Cereal,002_B,15.0
2025-01-15,002,B,14,3.4694281045127395,0,0.0,2,0,56,0,Acme,Cereal,002_B,15.0
2025-01-16,002,B,15,3.4740167913303313,0,0.0,3,0,69,0,Acme,Cereal,002_B,13.0
2025-01-17,002,B,31,2.76837639356819,1,0.2,4,0,59,0,Acme,Cereal,002_B,30.0
2025-01-18,002,B,32,2.7729680937674215,1,0.2,5,0,48,0,Acme,Cereal,002_B,30.0
2025-01-19,002,B,14,3.5054073137513297,0,0.0,6,0,59,0,Acme,Cereal,002_B,13.0
2025-01-20,002,B,16,3.486729699649396,0,0.0,0,0,54,0,Acme,Cereal,002_B,12.0
2025-01-21,002,B,13,3.5276332651895372,0,0.0,1,0,72,0,Acme,Cereal,002_B,18.0
2025-01-22,002,B,15,3.494423678143101,0,0.0,2,0,44,0,Acme,Cereal,002_B,14.0
2025-01-23,002,B,14,3.455621859363551,0,0.0,3,0,63,0,Acme,Cereal,002_B,15.0
2025-01-24,002,B,28,2.7650158204811013,1,0.2,4,0,46,0,Acme,Cereal,002_B,31.0
2025-01-25,002,B,22,3.484605380441902,0,0.0,5,0,54,0,Acme,Cereal,002_B,32.0
2025-01-26,002,B,15,3.5269530202365305,0,0.0,6,0,57,0,Acme,Cereal,002_B,14.0
2025-01-27,002,B,13,3.46163926764523,0,0.0,0,0,56,0,Acme,Cereal,002_B,16.0
