retail_synth_eda.csv
date,store_id,item_id,units,price,promo,promo_depth,dow,holiday,on_hand,stockout,brand,category,key,yhat_t7
2024-08-01,002,C,8,2.9323897822964593,0,0.0,3,0,52,0,Better,Snacks,002_C,
2024-08-02,002,C,22,2.3527234954745113,1,0.2,4,0,68,0,Better,Snacks,002_C,
2024-08-03,002,C,14,2.9654574900018384,0,0.0,5,0,60,0,Better,Snacks,002_C,
2024-08-04,002,C,4,2.9926858547965125,0,0.0,6,0,60,0,Better,Snacks,002_C,
2024-08-05,002,C,10,2.9949669471538485,0,0.0,0,0,61,0,Better,Snacks,002_C,
2024-08-06,002,C,14,2.9848020955812773,0,0.0,1,0,65,0,Better,Snacks,002_C,
2024-08-07,002,C,10,2.9936037706848304,0,0.0,2,0,63,0,Better,Snacks,002_C,
2024-08-08,002,C,9,2.967456373945605,0,0.0,3,0,42,0,Better,Snacks,002_C,8.0
2024-08-09,002,C,10,2.9591126734410507,0,0.0,4,0,48,0,Better,Snacks,002_C,22.0
2024-08-10,002,C,12,3.0408867242799764,0,0.0,5,0,69,0,Better,Snacks,002_C,14.0
2024-08-11,002,C,8,3.00416050337543,0,0.0,6,0,59,0,Better,Snacks,002_C,4.0
2024-08-12,002,C,9,2.9692876479547565,0,0.0,0,0,72,0,Better,Snacks,002_C,10.0
2024-08-13,002,C,9,2.9618093077971106,0,0.0,1,0,51,0,Better,Snacks,002_C,14.0
2024-08-14,002,C,6,3.026125744847075,0,0.0,2,0,54,0,Better,Snacks,002_C,10.0
2024-08-15,002,C,5,2.982425037367295,0,0.0,3,0,57,0,Better,Snacks,002_C,9.0
2024-08-16,002,C,24,2.3619798740105167,1,0.2,4,0,37,0,Better,Snacks,002_C,10.0
2024-08-17,002,C,16,2.4043465611154526,1,0.2,5,0,28,0,Better,Snacks,002_C,12.0
2024-08-18,002,C,8,2.9967623244876003,0,0.0,6,0,61,0,Better,Snacks,002_C,8.0
2024-08-19,002,C,10,3.0188425858895926,0,0.0,0,0,47,0,Better,Snacks,002_C,9.0
2024-08-20,002,C,13,2.9920637711135436,0,0.0,1,0,45,0,Better,Snacks,002_C,9.0
2024-08-21,002,C,10,2.982124467746191,0,0.0,2,0,41,0,Better,Snacks,002_C,6.0
2024-08-22,002,C,9,2.964815906239942,0,0.0,3,0,55,0,Better,Snacks,002_C,5.0
2024-08-23,002,C,24,2.338554590633569,1,0.2,4,0,58,0,Better,Snacks,002_C,24.0
2024-08-24,002,C,22,2.395585443436895,1,0.2,5,0,48,0,Better,Snacks,002_C,16.0
2024-08-25,002,C,11,2.9578908047882315,0,0.0,6,0,65,0,Better,Snacks,002_C,8.0
2024-08-26,002,C,9,3.0265506510876254,0,0.0,0,0,68,0,Better,Snacks,002_C,10.0
2024-08-27,002,C,11,2.978178616532627,0,0.0,1,0,53,0,Better,Snacks,002_C,13.0
2024-08-28,002,C,10,3.031360383138838,0,0.0,2,0,49,0,Better,Snacks,002_C,10.0
2024-08-29,002,C,8,2.9858240877772886,0,0.0,3,0,51,0,Better,Snacks,002_C,9.0
2024-08-30,002,C,14,2.948632610842021,0,0.0,4,0,52,0,Better,Snacks,002_C,24.0
2024-08-31,002,C,21,2.3448014505502472,1,0.2,5,0,56,0,Better,Snacks,002_C,22.0
2024-09-01,002,C,10,2.9870145872663674,0,0.0,6,0,61,0,Better,Snacks,002_C,11.0
2024-09-02,002,C,12,2.9954678279628064,0,0.0,0,0,40,0,Better,Snacks,002_C,9.0
2024-09-03,002,C,9,2.971051910972227,0,0.0,1,0,62,0,Better,Snacks,002_C,11.0
2024-09-04,002,C,10,3.0110031704289777,0,0.0,2,0,48,0,Better,Snacks,002_C,10.0
2024-09-05,002,C,11,2.9475364674863096,0,0.0,3,0,49,0,Better,Snacks,002_C,8.0
2024-09-06,002,C,11,2.983403303846543,0,0.0,4,0,71,0,Better,Snacks,002_C,14.0
2024-09-07,002,C,18,2.4048274356905854,1,0.2,5,0,61,0,Better,Snacks,002_C,21.0
2024-09-08,002,C,6,2.9529825101471636,0,0.0,6,0,62,0,Better,Snacks,002_C,10.0
2024-09-09,002,C,11,2.9612350607600297,0,0.0,0,0,58,0,Better,Snacks,002_C,12.0
2024-09-10,002,C,12,2.9859722149348973,0,0.0,1,0,62,0,Better,Snacks,002_C,9.0
2024-09-11,002,C,8,3.0121558427381614,0,0.0,2,0,56,0,Better,Snacks,002_C,10.0
2024-09-12,002,C,10,2.977934002567084,0,0.0,3,0,56,0,Better,Snacks,002_C,11.0
2024-09-13,002,C,24,2.4005689648046697,1,0.2,4,0,48,0,Better,Snacks,002_C,11.0
2024-09-14,002,C,22,2.3886475050557254,1,0.2,5,0,72,0,Better,Snacks,002_C,18.0
2024-09-15,002,C,13,2.969878250380027,0,0.0,6,0,55,0,Better,Snacks,002_C,6.0
2024-09-16,002,C,13,3.001137262690609,0,0.0,0,0,45,0,Better,Snacks,002_C,11.0
2024-09-17,002,C,5,3.028184386638983,0,0.0,1,0,56,0,Better,Snacks,002_C,12.0
2024-09-18,002,C,12,3.040821681179294,0,0.0,2,0,52,0,Better,Snacks,002_C,8.0
2024-09-19,002,C,13,3.05707447273118,0,0.0,3,0,72,0,Better,Snacks,002_C,10.0
2024-09-20,002,C,13,2.9946430136287066,0,0.0,4,0,68,0,Better,Snacks,002_C,24.0
2024-09-21,002,C,20,2.3650345825299737,1,0.2,5,0,52,0,Better,Snacks,002_C,22.0
2024-09-22,002,C,5,2.9929270549452758,0,0.0,6,0,51,0,Better,Snacks,002_C,13.0
2024-09-23,002,C,8,2.96092298780577,0,0.0,0,0,41,0,Better,Snacks,002_C,13.0
2024-09-24,002,C,5,3.0210988679977415,0,0.0,1,0,53,0,Better,Snacks,002_C,5.0
2024-09-25,002,C,5,2.9682867494266216,0,0.0,2,0,40,0,Better,Snacks,002_C,12.0
2024-09-26,002,C,9,2.9881483430808844,0,0.0,3,0,64,0,Better,Snacks,002_C,13.0
2024-09-27,002,C,11,3.014696157216009,0,0.0,4,0,54,0,Better,Snacks,002_C,13.0
2024-09-28,002,C,16,2.9741363251044817,0,0.0,5,0,43,0,Better,Snacks,002_C,20.0
2024-09-29,002,C,10,2.953057093292687,0,0.0,6,0,53,0,Better,Snacks,002_C,5.0
2024-09-30,002,C,9,2.9576927821122965,0,0.0,0,0,56,0,Better,Snacks,002_C,8.0
2024-10-01,002,C,9,3.019291677646341,0,0.0,1,0,49,0,Better,Snacks,002_C,5.0
2024-10-02,002,C,12,2.9838458002442807,0,0.0,2,0,53,0,Better,Snacks,002_C,5.0
2024-10-03,002,C,6,2.9849713569563976,0,0.0,3,0,63,0,Better,Snacks,002_C,9.0
2024-10-04,002,C,7,2.9706141699005997,0,0.0,4,0,62,0,Better,Snacks,002_C,11.0
2024-10-05,002,C,21,2.4097550726999195,1,0.2,5,0,44,0,Better,Snacks,002_C,16.0
2024-10-06,002,C,5,3.038314049703549,0,0.0,6,0,52,0,Better,Snacks,002_C,10.0
2024-10-07,002,C,11,2.9510162297107616,0,0.0,0,0,57,0,Better,Snacks,002_C,9.0
2024-10-08,002,C,9,2.975919291274842,0,0.0,1,0,53,0,Better,Snacks,002_C,9.0
2024-10-09,002,C,7,3.0394131592746647,0,0.0,2,0,53,0,Better,Snacks,002_C,12.0
2024-10-10,002,C,11,2.979563239111238,0,0.0,3,0,57,0,Better,Snacks,002_C,6.0
2024-10-11,002,C,9,3.0173593056683816,0,0.0,4,0,56,0,Better,Snacks,002_C,7.0
2024-10-12,002,C,14,3.0249025537222245,0,0.0,5,0,45,0,Better,Snacks,002_C,21.0
2024-10-13,002,C,13,3.009408745679142,0,0.0,6,0,56,0,Better,Snacks,002_C,5.0
2024-10-14,002,C,13,3.0031843304279393,0,0.0,0,0,60,0,Better,Snacks,002_C,11.0
2024-10-15,002,C,7,3.011789225740667,0,0.0,1,0,69,0,Better,Snacks,002_C,9.0
2024-10-16,002,C,5,2.9643800818917554,0,0.0,2,0,66,0,Better,Snacks,002_C,7.0
2024-10-17,002,C,8,3.0302272556086765,0,0.0,3,0,63,0,Better,Snacks,002_C,11.0
2024-10-18,002,C,10,2.9837557564087978,0,0.0,4,0,53,0,Better,Snacks,002_C,9.0
2024-10-19,002,C,15,2.971755059145961,0,0.0,5,0,58,0,Better,Snacks,002_C,14.0
2024-10-20,002,C,11,2.9727769667208417,0,0.0,6,0,49,0,Better,Snacks,002_C,13.0
2024-10-21,002,C,11,2.9677819561638077,0,0.0,0,0,42,0,Better,Snacks,002_C,13.0
2024-10-22,002,C,17,2.9915931177820796,0,0.0,1,0,56,0,Better,Snacks,002_C,7.0
2024-10-23,002,C,7,2.978926182659189,0,0.0,2,0,66,0,Better,Snacks,002_C,5.0
2024-10-24,002,C,6,2.97918217074201,0,0.0,3,0,57,0,Better,Snacks,002_C,8.0
2024-10-25,002,C,20,2.429443360627595,1,0.2,4,0,46,0,Better,Snacks,002_C,10.0
2024-10-26,002,C,12,3.033849005237453,0,0.0,5,0,38,0,Better,Snacks,002_C,15.0
2024-10-27,002,C,10,2.9665613987119603,0,0.0,6,0,43,0,Better,Snacks,002_C,11.0
2024-10-28,002,C,7,2.9459909878622335,0,0.0,0,0,57,0,Better,Snacks,002_C,11.0
2024-10-29,002,C,9,2.951828045421473,0,0.0,1,0,78,0,Better,Snacks,002_C,17.0
2024-10-30,002,C,10,2.9880586916186203,0,0.0,2,0,67,0,Better,Snacks,002_C,7.0
2024-10-31,002,C,11,2.932613758871772,0,0.0,3,0,63,0,Better,Snacks,002_C,6.0
2024-11-01,002,C,21,2.9308691667958,0,0.0,4,0,50,0,Better,Snacks,002_C,20.0
2024-11-02,002,C,16,2.991358438860012,0,0.0,5,0,63,0,Better,Snacks,002_C,12.0
2024-11-03,002,C,5,2.9865729913946177,0,0.0,6,0,47,0,Better,Snacks,002_C,10.0
2024-11-04,002,C,11,2.961230776867068,0,0.0,0,0,61,0,Better,Snacks,002_C,7.0
2024-11-05,002,C,9,3.003051226203413,0,0.0,1,0,48,0,Better,Snacks,002_C,9.0
2024-11-06,002,C,7,2.9607412152718813,0,0.0,2,0,55,0,Better,Snacks,002_C,10.0
2024-11-07,002,C,8,2.9733283008216143,0,0.0,3,0,67,0,Better,Snacks,002_C,11.0
2024-11-08,002,C,13,3.00244704995802,0,0.0,4,0,49,0,Better,Snacks,002_C,21.0
2024-11-09,002,C,9,2.993642188698043,0,0.0,5,0,53,0,Better,Snacks,002_C,16.0
2024-11-10,002,C,8,2.965131967403834,0,0.0,6,0,54,0,Better,Snacks,002_C,5.0
2024-11-11,002,C,8,2.9891471579388678,0,0.0,0,0,45,0,Better,Snacks,002_C,11.0
2024-11-12,002,C,12,2.9808231610670095,0,0.0,1,0,51,0,Better,Snacks,002_C,9.0
2024-11-13,002,C,11,2.9977265862108964,0,0.0,2,0,70,0,Better,Snacks,002_C,7.0
2024-11-14,002,C,7,2.99354208727276,0,0.0,3,0,81,0,Better,Snacks,002_C,8.0
2024-11-15,002,C,12,2.993937006012011,0,0.0,4,0,40,0,Better,Snacks,002_C,13.0
2024-11-16,002,C,13,3.028865843653402,0,0.0,5,0,65,0,Better,Snacks,002_C,9.0
2024-11-17,002,C,10,3.0044928990718343,0,0.0,6,0,46,0,Better,Snacks,002_C,8.0
2024-11-18,002,C,6,3.0087455377873975,0,0.0,0,0,77,0,Better,Snacks,002_C,8.0
2024-11-19,002,C,10,2.994371630843409,0,0.0,1,0,51,0,Better,Snacks,002_C,12.0
2024-11-20,002,C,8,3.0372400211059243,0,0.0,2,0,44,0,Better,Snacks,002_C,11.0
2024-11-21,002,C,14,3.004098087732528,0,0.0,3,0,50,0,Better,Snacks,002_C,7.0
2024-11-22,002,C,23,2.3903581154802236,1,0.2,4,0,64,0,Better,Snacks,002_C,12.0
2024-11-23,002,C,14,3.026468516975595,0,0.0,5,0,59,0,Better,Snacks,002_C,13.0
2024-11-24,002,C,12,2.9495572861308923,0,0.0,6,0,50,0,Better,Snacks,002_C,10.0
2024-11-25,002,C,9,2.955305989494735,0,0.0,0,0,47,0,Better,Snacks,002_C,6.0
2024-11-26,002,C,7,3.076522395257457,0,0.0,1,0,39,0,Better,Snacks,002_C,10.0
2024-11-27,002,C,11,2.9894125474154434,0,0.0,2,0,52,0,Better,Snacks,002_C,8.0
2024-11-28,002,C,11,3.0094257365218513,0,0.0,3,1,60,0,Better,Snacks,002_C,14.0
2024-11-29,002,C,31,2.3255047648520115,1,0.2,4,1,48,0,Better,Snacks,002_C,23.0
2024-11-30,002,C,21,2.424790131745839,1,0.2,5,0,57,0,Better,Snacks,002_C,14.0
2024-12-01,002,C,7,3.0093872169625238,0,0.0,6,0,76,0,Better,Snacks,002_C,12.0
2024-12-02,002,C,8,2.9546847786303876,0,0.0,0,0,70,0,Better,Snacks,002_C,9.0
2024-12-03,002,C,11,3.0027353037063076,0,0.0,1,0,31,0,Better,Snacks,002_C,7.0
2024-12-04,002,C,11,2.969070746366544,0,0.0,2,0,49,0,Better,Snacks,002_C,11.0
2024-12-05,002,C,12,2.9709931420507196,0,0.0,3,0,68,0,Better,Snacks,002_C,11.0
2024-12-06,002,C,12,2.9913563814216015,0,0.0,4,0,56,0,Better,Snacks,002_C,31.0
2024-12-07,002,C,11,3.051784986327919,0,0.0,5,0,63,0,Better,Snacks,002_C,21.0
2024-12-08,002,C,7,2.9752412222432367,0,0.0,6,0,60,0,Better,Snacks,002_C,7.0
2024-12-09,002,C,12,2.940362673273258,0,0.0,0,0,73,0,Better,Snacks,002_C,8.0
2024-12-10,002,C,8,2.9579990545071992,0,0.0,1,0,60,0,Better,Snacks,002_C,11.0
2024-12-11,002,C,8,2.9487165546748995,0,0.0,2,0,55,0,Better,Snacks,002_C,11.0
2024-12-12,002,C,8,3.0124705033564383,0,0.0,3,0,45,0,Better,Snacks,002_C,12.0
2024-12-13,002,C,13,3.026748469715202,0,0.0,4,0,52,0,Better,Snacks,002_C,12.0
2024-12-14,002,C,14,2.994211712119162,0,0.0,5,0,48,0,Better,Snacks,002_C,11.0
2024-12-15,002,C,6,2.970404625109885,0,0.0,6,0,51,0,Better,Snacks,002_C,7.0
2024-12-16,002,C,6,3.0252228791458156,0,0.0,0,0,53,0,Better,Snacks,002_C,12.0
2024-12-17,002,C,13,2.982998667361054,0,0.0,1,0,58,0,Better,Snacks,002_C,8.0
2024-12-18,002,C,7,3.025011453260643,0,0.0,2,0,66,0,Better,Snacks,002_C,8.0
2024-12-19,002,C,9,2.9777392082257887,0,0.0,3,0,64,0,Better,Snacks,002_C,8.0
2024-12-20,002,C,13,2.9708616818346023,0,0.0,4,0,61,0,Better,Snacks,002_C,13.0
2024-12-21,002,C,10,2.9688605410308813,0,0.0,5,0,37,0,Better,Snacks,002_C,14.0
2024-12-22,002,C,9,3.0076586724080414,0,0.0,6,0,59,0,Better,Snacks,002_C,6.0
2024-12-23,002,C,9,3.0484977289485164,0,0.0,0,0,51,0,Better,Snacks,002_C,6.0
2024-12-24,002,C,10,3.056790470067393,0,0.0,1,0,53,0,Better,Snacks,002_C,13.0
2024-12-25,002,C,13,2.959858006297021,0,0.0,2,0,37,0,Better,Snacks,002_C,7.0
2024-12-26,002,C,8,3.0253989645624495,0,0.0,3,0,59,0,Better,Snacks,002_C,9.0
2024-12-27,002,C,15,2.9530379609718804,0,0.0,4,0,42,0,Better,Snacks,002_C,13.0
2024-12-28,002,C,14,3.029232712228942,0,0.0,5,0,70,0,Better,Snacks,002_C,10.0
2024-12-29,002,C,10,3.011529918046421,0,0.0,6,0,57,0,Better,Snacks,002_C,9.0
2024-12-30,002,C,12,2.9321906959522517,0,0.0,0,0,59,0,Better,Snacks,002_C,9.0
2024-12-31,002,C,8,3.0057503352389703,0,0.0,1,0,60,0,Better,Snacks,002_C,10.0
2025-01-01,002,C,7,3.040492159719692,0,0.0,2,0,54,0,Better,Snacks,002_C,13.0
2025-01-02,002,C,11,2.9887398580662725,0,0.0,3,0,51,0,Better,Snacks,002_C,8.0
2025-01-03,002,C,16,3.0245777072393865,0,0.0,4,0,65,0,Better,Snacks,002_C,15.0
2025-01-04,002,C,17,2.4049097667978394,1,0.2,5,0,33,0,Better,Snacks,002_C,14.0
2025-01-05,002,C,11,3.042840291914524,0,0.0,6,0,70,0,Better,Snacks,002_C,10.0
2025-01-06,002,C,9,2.996350858225831,0,0.0,0,0,62,0,Better,Snacks,002_C,12.0
2025-01-07,002,C,12,2.993640530343967,0,0.0,1,0,69,0,Better,Snacks,002_C,8.0
2025-01-08,002,C,12,2.9427562736670976,0,0.0,2,0,65,0,Better,Snacks,002_C,7.0
2025-01-09,002,C,9,2.977302695522477,0,0.0,3,0,53,0,Better,Snacks,002_C,11.0
2025-01-10,002,C,16,3.0065946089188267,0,0.0,4,0,44,0,Better,Snacks,002_C,16.0
2025-01-11,002,C,24,2.3903838036227687,1,0.2,5,0,61,0,Better,Snacks,002_C,17.0
2025-01-12,002,C,8,2.9998426689657895,0,0.0,6,0,54,0,Better,Snacks,002_C,11.0
2025-01-13,002,C,4,2.975582632948913,0,0.0,0,0,56,0,Better,Snacks,002_C,9.0
2025-01-14,002,C,5,2.9932042202310827,0,0.0,1,0,68,0,Better,Snacks,002_C,12.0
2025-01-15,002,C,7,2.945524472687564,0,0.0,2,0,41,0,Better,Snacks,002_C,12.0
2025-01-16,002,C,7,2.988783694372261,0,0.0,3,0,71,0,Better,Snacks,002_C,9.0
2025-01-17,002,C,9,2.9441769963227356,0,0.0,4,0,50,0,Better,Snacks,002_C,16.0
2025-01-18,002,C,14,3.0672213050793258,0,0.0,5,0,61,0,Better,Snacks,002_C,24.0
2025-01-19,002,C,12,2.9902864146523327,0,0.0,6,0,54,0,Better,Snacks,002_C,8.0
2025-01-20,002,C,10,2.954752669154998,0,0.0,0,0,68,0,Better,Snacks,002_C,4.0
2025-01-21,002,C,9,3.037603643717335,0,0.0,1,0,58,0,Better,Snacks,002_C,5.0
2025-01-22,002,C,10,2.960800303036772,0,0.0,2,0,23,0,Better,Snacks,002_C,7.0
2025-01-23,002,C,5,3.018496061555121,0,0.0,3,0,60,0,Better,Snacks,002_C,7.0
2025-01-24,002,C,20,2.3884938829508435,1,0.2,4,0,52,0,Better,Snacks,002_C,9.0
2025-01-25,002,C,12,2.9546470706109886,0,0.0,5,0,45,0,Better,Snacks,002_C,14.0
2025-01-26,002,C,10,2.9735281901117845,0,0.0,6,0,65,0,Better,Snacks,002_C,12.0
2025-01-27,002,C,7,2.9856190641715967,0,0.0,0,0,50,0,Better,Snacks,002_C,10.0
