retail_synth_eda.csv
date,store_id,item_id,units,price,promo,promo_depth,dow,holiday,on_hand,stockout,brand,category,key,yhat_t7
2024-08-01,002,D,6,2.4542039256770325,0,0.0,3,0,58,0,Better,Snacks,002_D,
2024-08-02,002,D,11,2.436656566713495,0,0.0,4,0,63,0,Better,Snacks,002_D,
2024-08-03,002,D,13,2.506257066758462,0,0.0,5,0,57,0,Better,Snacks,002_D,
2024-08-04,002,D,8,2.45911172433546,0,0.0,6,0,42,0,Better,Snacks,002_D,
2024-08-05,002,D,12,2.483670716941044,0,0.0,0,0,57,0,Better,Snacks,002_D,
2024-08-06,002,D,10,2.5167120867737784,0,0.0,1,0,56,0,Better,Snacks,002_D,
2024-08-07,002,D,8,2.451991997174779,0,0.0,2,0,56,0,Better,Snacks,002_D,
2024-08-08,002,D,12,2.4795672677943132,0,0.0,3,0,39,0,Better,Snacks,002_D,6.0
2024-08-09,002,D,19,2.000875376822954,1,0.2,4,0,61,0,Better,Snacks,002_D,11.0
2024-08-10,002,D,21,1.9584052950192965,1,0.2,5,0,43,0,Better,Snacks,002_D,13.0
2024-08-11,002,D,11,2.4787610645327374,0,0.0,6,0,55,0,Better,Snacks,002_D,8.0
2024-08-12,002,D,10,2.501757029617015,0,0.0,0,0,60,0,Better,Snacks,002_D,12.0
2024-08-13,002,D,11,2.4681652836637826,0,0.0,1,0,60,0,Better,Snacks,002_D,10.0
2024-08-14,002,D,15,2.4484957314023057,0,0.0,2,0,73,0,Better,Snacks,002_D,8.0
2024-08-15,002,D,7,2.4381891041866135,0,0.0,3,0,58,0,Better,Snacks,002_D,12.0
2024-08-16,002,D,22,1.96783307543572,1,0.2,4,0,47,0,Better,Snacks,002_D,19.0
2024-08-17,002,D,20,1.9822327510025766,1,0.2,5,0,57,0,Better,Snacks,002_D,21.0
2024-08-18,002,D,4,2.4863654392776153,0,0.0,6,0,63,0,Better,Snacks,002_D,11.0
2024-08-19,002,D,8,2.4771600215118657,0,0.0,0,0,59,0,Better,Snacks,002_D,10.0
2024-08-20,002,D,6,2.5166319949167835,0,0.0,1,0,53,0,Better,Snacks,002_D,11.0
2024-08-21,002,D,6,2.489954747120421,0,0.0,2,0,57,0,Better,Snacks,002_D,15.0
2024-08-22,002,D,4,2.4755243971310956,0,0.0,3,0,50,0,Better,Snacks,002_D,7.0
2024-08-23,002,D,21,1.9788568066404044,1,0.2,4,0,52,0,Better,Snacks,002_D,22.0
2024-08-24,002,D,11,2.4810141232771663,0,0.0,5,0,67,0,Better,Snacks,002_D,20.0
2024-08-25,002,D,10,2.5206713469040865,0,0.0,6,0,44,0,Better,Snacks,002_D,4.0
2024-08-26,002,D,12,2.4979252995511647,0,0.0,0,0,50,0,Better,Snacks,002_D,8.0
2024-08-27,002,D,11,2.4742451414013718,0,0.0,1,0,53,0,Better,Snacks,002_D,6.0
2024-08-28,002,D,12,2.499396919046797,0,0.0,2,0,50,0,Better,Snacks,002_D,6.0
2024-08-29,002,D,10,2.48759586552154,0,0.0,3,0,54,0,Better,Snacks,002_D,4.0
2024-08-30,002,D,11,2.4825258170634896,0,0.0,4,0,64,0,Better,Snacks,002_D,21.0
2024-08-31,002,D,9,2.4872456941811976,0,0.0,5,0,80,0,Better,Snacks,002_D,11.0
2024-09-01,002,D,8,2.4543039014382417,0,0.0,6,0,60,0,Better,Snacks,002_D,10.0
2024-09-02,002,D,9,2.475467017520031,0,0.0,0,0,58,0,Better,Snacks,002_D,12.0
2024-09-03,002,D,9,2.4842705889610164,0,0.0,1,0,61,0,Better,Snacks,002_D,11.0
2024-09-04,002,D,10,2.5440895560063113,0,0.0,2,0,54,0,Better,Snacks,002_D,12.0
2024-09-05,002,D,6,2.4840595002309733,0,0.0,3,0,68,0,Better,Snacks,002_D,10.0
2024-09-06,002,D,19,2.4888600218905803,0,0.0,4,0,57,0,Better,Snacks,002_D,11.0
2024-09-07,002,D,15,2.4701865634317284,0,0.0,5,0,52,0,Better,Snacks,002_D,9.0
2024-09-08,002,D,6,2.526771168170991,0,0.0,6,0,47,0,Better,Snacks,002_D,8.0
2024-09-09,002,D,7,2.447260898483219,0,0.0,0,0,46,0,Better,Snacks,002_D,9.0
2024-09-10,002,D,13,2.4648175831770285,0,0.0,1,0,59,0,Better,Snacks,002_D,9.0
2024-09-11,002,D,8,2.4451322495767385,0,0.0,2,0,65,0,Better,Snacks,002_D,10.0
2024-09-12,002,D,12,2.530941073140079,0,0.0,3,0,42,0,Better,Snacks,002_D,6.0
2024-09-13,002,D,14,2.477259269883387,0,0.0,4,0,51,0,Better,Snacks,002_D,19.0
2024-09-14,002,D,14,2.490971388933761,0,0.0,5,0,65,0,Better,Snacks,002_D,15.0
2024-09-15,002,D,11,2.5205969163726145,0,0.0,6,0,52,0,Better,Snacks,002_D,6.0
2024-09-16,002,D,9,2.471316377577147,0,0.0,0,0,58,0,Better,Snacks,002_D,7.0
2024-09-17,002,D,5,2.52779953976808,0,0.0,1,0,40,0,Better,Snacks,002_D,13.0
2024-09-18,002,D,10,2.489920740351449,0,0.0,2,0,67,0,Better,Snacks,002_D,8.0
2024-09-19,002,D,10,2.49179987585839,0,0.0,3,0,65,0,Better,Snacks,002_D,12.0
2024-09-20,002,D,21,1.991576914981869,1,0.2,4,0,60,0,Better,Snacks,002_D,14.0
2024-09-21,002,D,9,2.4727449756609876,0,0.0,5,0,50,0,Better,Snacks,002_D,14.0
2024-09-22,002,D,8,2.4588765997716178,0,0.0,6,0,72,0,Better,Snacks,002_D,11.0
2024-09-23,002,D,9,2.462980225184557,0,0.0,0,0,56,0,Better,Snacks,002_D,9.0
2024-09-24,002,D,9,2.4822656386688364,0,0.0,1,0,45,0,Better,Snacks,002_D,5.0
2024-09-25,002,D,9,2.471823534632799,0,0.0,2,0,45,0,Better,Snacks,002_D,10.0
2024-09-26,002,D,8,2.506615185486628,0,0.0,3,0,52,0,Better,Snacks,002_D,10.0
2024-09-27,002,D,21,2.022687747167897,1,0.2,4,0,55,0,Better,Snacks,002_D,21.0
2024-09-28,002,D,17,1.9819500946161697,1,0.2,5,0,41,0,Better,Snacks,002_D,9.0
2024-09-29,002,D,8,2.5024489798024434,0,0.0,6,0,43,0,Better,Snacks,002_D,8.0
2024-09-30,002,D,7,2.447303120998774,0,0.0,0,0,69,0,Better,Snacks,002_D,9.0
2024-10-01,002,D,4,2.4635142495267335,0,0.0,1,0,45,0,Better,Snacks,002_D,9.0
2024-10-02,002,D,9,2.531502641602754,0,0.0,2,0,48,0,Better,Snacks,002_D,9.0
2024-10-03,002,D,10,2.4913873063086576,0,0.0,3,0,67,0,Better,Snacks,002_D,8.0
2024-10-04,002,D,9,2.4801459439529268,0,0.0,4,0,47,0,Better,Snacks,002_D,21.0
2024-10-05,002,D,24,1.9831973970646966,1,0.2,5,0,67,0,Better,Snacks,002_D,17.0
2024-10-06,002,D,10,2.4719017520129185,0,0.0,6,0,56,0,Better,Snacks,002_D,8.0
2024-10-07,002,D,6,2.5135785440638427,0,0.0,0,0,46,0,Better,Snacks,002_D,7.0
2024-10-08,002,D,9,2.4789310170329433,0,0.0,1,0,29,0,Better,Snacks,002_D,4.0
2024-10-09,002,D,13,2.529469337783828,0,0.0,2,0,46,0,Better,Snacks,002_D,9.0
2024-10-10,002,D,11,2.5486964432371715,0,0.0,3,0,59,0,Better,Snacks,002_D,10.0
2024-10-11,002,D,20,1.9870377592740844,1,0.2,4,0,52,0,Better,Snacks,002_D,9.0
2024-10-12,002,D,26,2.014107314431092,1,0.2,5,0,60,0,Better,Snacks,002_D,24.0
2024-10-13,002,D,10,2.5214158445942694,0,0.0,6,0,52,0,Better,Snacks,002_D,10.0
2024-10-14,002,D,9,2.5371096072195636,0,0.0,0,0,53,0,Better,Snacks,002_D,6.0
2024-10-15,002,D,10,2.484651533869975,0,0.0,1,0,55,0,Better,Snacks,002_D,9.0
2024-10-16,002,D,9,2.480077321216763,0,0.0,2,0,69,0,Better,Snacks,002_D,13.0
2024-10-17,002,D,10,2.5031080835491704,0,0.0,3,0,54,0,Better,Snacks,002_D,11.0
2024-10-18,002,D,16,2.0025743523522035,1,0.2,4,0,37,0,Better,Snacks,002_D,20.0
2024-10-19,002,D,11,2.4476710172795584,0,0.0,5,0,56,0,Better,Snacks,002_D,26.0
2024-10-20,002,D,8,2.5284609431400753,0,0.0,6,0,56,0,Better,Snacks,002_D,10.0
2024-10-21,002,D,14,2.464085295025947,0,0.0,0,0,48,0,Better,Snacks,002_D,9.0
2024-10-22,002,D,9,2.463310605090159,0,0.0,1,0,51,0,Better,Snacks,002_D,10.0
2024-10-23,002,D,9,2.5064328285216235,0,0.0,2,0,55,0,Better,Snacks,002_D,9.0
2024-10-24,002,D,13,2.5076298908369705,0,0.0,3,0,52,0,Better,Snacks,002_D,10.0
2024-10-25,002,D,21,1.966162876905592,1,0.2,4,0,36,0,Better,Snacks,002_D,16.0
2024-10-26,002,D,11,2.523498646614813,0,0.0,5,0,50,0,Better,Snacks,002_D,11.0
2024-10-27,002,D,10,2.5091595896072514,0,0.0,6,0,41,0,Better,Snacks,002_D,8.0
2024-10-28,002,D,9,2.516953401648634,0,0.0,0,0,66,0,Better,Snacks,002_D,14.0
2024-10-29,002,D,9,2.452234161250934,0,0.0,1,0,53,0,Better,Snacks,002_D,9.0
2024-10-30,002,D,4,2.4628426660087652,0,0.0,2,0,87,0,Better,Snacks,002_D,9.0
2024-10-31,002,D,5,2.49940194028405,0,0.0,3,0,56,0,Better,Snacks,002_D,13.0
2024-11-01,002,D,10,2.4311892901527403,0,0.0,4,0,55,0,Better,Snacks,002_D,21.0
2024-11-02,002,D,23,1.9729919556420112,1,0.2,5,0,66,0,Better,Snacks,002_D,11.0
2024-11-03,002,D,9,2.494185660661668,0,0.0,6,0,50,0,Better,Snacks,002_D,10.0
2024-11-04,002,D,11,2.493688978433533,0,0.0,0,0,58,0,Better,Snacks,002_D,9.0
2024-11-05,002,D,7,2.494810740877674,0,0.0,1,0,66,0,Better,Snacks,002_D,9.0
2024-11-06,002,D,9,2.4975055474433288,0,0.0,2,0,46,0,Better,Snacks,002_D,4.0
2024-11-07,002,D,7,2.533702723693342,0,0.0,3,0,56,0,Better,Snacks,002_D,5.0
2024-11-08,002,D,25,1.9342459013273847,1,0.2,4,0,36,0,Better,Snacks,002_D,10.0
2024-11-09,002,D,21,2.009175607253951,1,0.2,5,0,45,0,Better,Snacks,002_D,23.0
2024-11-10,002,D,12,2.484553284590812,0,0.0,6,0,39,0,Better,Snacks,002_D,9.0
2024-11-11,002,D,12,2.4997211861044417,0,0.0,0,0,45,0,Better,Snacks,002_D,11.0
2024-11-12,002,D,9,2.4937575879979077,0,0.0,1,0,51,0,Better,Snacks,002_D,7.0
2024-11-13,002,D,6,2.454309001926293,0,0.0,2,0,63,0,Better,Snacks,002_D,9.0
2024-11-14,002,D,11,2.5091601009757754,0,0.0,3,0,57,0,Better,Snacks,002_D,7.0
2024-11-15,002,D,11,2.455639267733285,0,0.0,4,0,49,0,Better,Snacks,002_D,25.0
2024-11-16,002,D,15,2.5425022884944664,0,0.0,5,0,62,0,Better,Snacks,002_D,21.0
2024-11-17,002,D,11,2.481973364016742,0,0.0,6,0,56,0,Better,Snacks,002_D,12.0
2024-11-18,002,D,12,2.4680051518883768,0,0.0,0,0,63,0,Better,Snacks,002_D,12.0
2024-11-19,002,D,8,2.5189562521741258,0,0.0,1,0,42,0,Better,Snacks,002_D,9.0
2024-11-20,002,D,7,2.4692917154758103,0,0.0,2,0,70,0,Better,Snacks,002_D,6.0
2024-11-21,002,D,8,2.516504181745325,0,0.0,3,0,58,0,Better,Snacks,002_D,11.0
2024-11-22,002,D,13,2.486851734248771,0,0.0,4,0,54,0,Better,Snacks,002_D,11.0
2024-11-23,002,D,24,1.9863634941013766,1,0.2,5,0,53,0,Better,Snacks,002_D,15.0
2024-11-24,002,D,6,2.5011685451530976,0,0.0,6,0,67,0,Better,Snacks,002_D,11.0
2024-11-25,002,D,8,2.4688867604083926,0,0.0,0,0,45,0,Better,Snacks,002_D,12.0
2024-11-26,002,D,9,2.474793505846547,0,0.0,1,0,74,0,Better,Snacks,002_D,8.0
2024-11-27,002,D,8,2.543090125570787,0,0.0,2,0,49,0,Better,Snacks,002_D,7.0
2024-11-28,002,D,8,2.4953621188860637,0,0.0,3,1,56,0,Better,Snacks,002_D,8.0
2024-11-29,002,D,30,2.0003223329863333,1,0.2,4,1,63,0,Better,Snacks,002_D,13.0
2024-11-30,002,D,13,2.4013928338678716,0,0.0,5,0,61,0,Better,Snacks,002_D,24.0
2024-12-01,002,D,9,2.531623064464691,0,0.0,6,0,60,0,Better,Snacks,002_D,6.0
2024-12-02,002,D,7,2.497044306045552,0,0.0,0,0,52,0,Better,Snacks,002_D,8.0
2024-12-03,002,D,6,2.445716715307723,0,0.0,1,0,59,0,Better,Snacks,002_D,9.0
2024-12-04,002,D,8,2.5016295230553487,0,0.0,2,0,61,0,Better,Snacks,002_D,8.0
2024-12-05,002,D,10,2.538823919055437,0,0.0,3,0,58,0,Better,Snacks,002_D,8.0
2024-12-06,002,D,19,2.00132427169413,1,0.2,4,0,76,0,Better,Snacks,002_D,30.0
2024-12-07,002,D,11,2.579798072865241,0,0.0,5,0,60,0,Better,Snacks,002_D,13.0
2024-12-08,002,D,6,2.5387850197585786,0,0.0,6,0,47,0,Better,Snacks,002_D,9.0
2024-12-09,002,D,6,2.484309431705824,0,0.0,0,0,69,0,Better,Snacks,002_D,7.0
2024-12-10,002,D,6,2.4704747594052483,0,0.0,1,0,59,0,Better,Snacks,002_D,6.0
2024-12-11,002,D,6,2.4825553593650325,0,0.0,2,0,66,0,Better,Snacks,002_D,8.0
2024-12-12,002,D,13,2.50350668720415,0,0.0,3,0,51,0,Better,Snacks,002_D,10.0
2024-12-13,002,D,21,1.9506597505092582,1,0.2,4,0,37,0,Better,Snacks,002_D,19.0
2024-12-14,002,D,14,2.496525681040716,0,0.0,5,0,48,0,Better,Snacks,002_D,11.0
2024-12-15,002,D,12,2.4395082425486367,0,0.0,6,0,54,0,Better,Snacks,002_D,6.0
2024-12-16,002,D,10,2.5220521662882964,0,0.0,0,0,66,0,Better,Snacks,002_D,6.0
2024-12-17,002,D,10,2.469167131544831,0,0.0,1,0,69,0,Better,Snacks,002_D,6.0
2024-12-18,002,D,9,2.4956169006761875,0,0.0,2,0,40,0,Better,Snacks,002_D,6.0
2024-12-19,002,D,3,2.4735855244684863,0,0.0,3,0,57,0,Better,Snacks,002_D,13.0
2024-12-20,002,D,15,2.5297291359341996,0,0.0,4,0,62,0,Better,Snacks,002_D,21.0
2024-12-21,002,D,10,2.514256690381007,0,0.0,5,0,46,0,Better,Snacks,002_D,14.0
2024-12-22,002,D,8,2.5487981492620144,0,0.0,6,0,68,0,Better,Snacks,002_D,12.0
2024-12-23,002,D,9,2.508809233863778,0,0.0,0,0,69,0,Better,Snacks,002_D,10.0
2024-12-24,002,D,13,2.4924494414217992,0,0.0,1,0,44,0,Better,Snacks,002_D,10.0
2024-12-25,002,D,7,2.5268306747866927,0,0.0,2,0,45,0,Better,Snacks,002_D,9.0
2024-12-26,002,D,8,2.4932978907885115,0,0.0,3,0,63,0,Better,Snacks,002_D,3.0
2024-12-27,002,D,21,2.0066277814569244,1,0.2,4,0,64,0,Better,Snacks,002_D,15.0
2024-12-28,002,D,22,2.0007550829318377,1,0.2,5,0,50,0,Better,Snacks,002_D,10.0
2024-12-29,002,D,8,2.500210381990001,0,0.0,6,0,50,0,Better,Snacks,002_D,8.0
2024-12-30,002,D,11,2.4889157418218955,0,0.0,0,0,41,0,Better,Snacks,002_D,9.0
2024-12-31,002,D,8,2.405467672937029,0,0.0,1,0,39,0,Better,Snacks,002_D,13.0
2025-01-01,002,D,9,2.4694047234539824,0,0.0,2,0,50,0,Better,Snacks,002_D,7.0
2025-01-02,002,D,9,2.4986724950065216,0,0.0,3,0,65,0,Better,Snacks,002_D,8.0
2025-01-03,002,D,13,2.500389389593049,0,0.0,4,0,57,0,Better,Snacks,002_D,21.0
2025-01-04,002,D,14,2.5007780803403548,0,0.0,5,0,58,0,Better,Snacks,002_D,22.0
2025-01-05,002,D,10,2.488643707766022,0,0.0,6,0,48,0,Better,Snacks,002_D,8.0
2025-01-06,002,D,10,2.4883246006313313,0,0.0,0,0,52,0,Better,Snacks,002_D,11.0
2025-01-07,002,D,11,2.52177336722524,0,0.0,1,0,60,0,Better,Snacks,002_D,8.0
2025-01-08,002,D,6,2.446102241166003,0,0.0,2,0,52,0,Better,Snacks,002_D,9.0
2025-01-09,002,D,12,2.463034231572785,0,0.0,3,0,66,0,Better,Snacks,002_D,9.0
2025-01-10,002,D,11,2.5021923643291895,0,0.0,4,0,60,0,Better,Snacks,002_D,13.0
2025-01-11,002,D,20,1.952731107357355,1,0.2,5,0,59,0,Better,Snacks,002_D,14.0
2025-01-12,002,D,6,2.489110307382668,0,0.0,6,0,53,0,Better,Snacks,002_D,10.0
2025-01-13,002,D,10,2.5033792935128147,0,0.0,0,0,57,0,Better,Snacks,002_D,10.0
2025-01-14,002,D,7,2.4497215961357486,0,0.0,1,0,56,0,Better,Snacks,002_D,11.0
2025-01-15,002,D,10,2.49886027383327,0,0.0,2,0,48,0,Better,Snacks,002_D,6.0
2025-01-16,002,D,10,2.5206568274375916,0,0.0,3,0,69,0,Better,Snacks,002_D,12.0
2025-01-17,002,D,11,2.491520189449916,0,0.0,4,0,49,0,Better,Snacks,002_D,11.0
2025-01-18,002,D,17,2.008960323201923,1,0.2,5,0,49,0,Better,Snacks,002_D,20.0
2025-01-19,002,D,10,2.539489355319152,0,0.0,6,0,59,0,Better,Snacks,002_D,6.0
2025-01-20,002,D,7,2.472045587776228,0,0.0,0,0,47,0,Better,Snacks,002_D,10.0
2025-01-21,002,D,9,2.463471581942882,0,0.0,1,0,71,0,Better,Snacks,002_D,7.0
2025-01-22,002,D,7,2.525016851329902,0,0.0,2,0,48,0,Better,Snacks,002_D,10.0
2025-01-23,002,D,16,2.5009553724161324,0,0.0,3,0,51,0,Better,Snacks,002_D,10.0
2025-01-24,002,D,11,2.4982498343406103,0,0.0,4,0,53,0,Better,Snacks,002_D,11.0
2025-01-25,002,D,20,1.96740327790363,1,0.2,5,0,40,0,Better,Snacks,002_D,17.0
2025-01-26,002,D,11,2.445502491187487,0,0.0,6,0,69,0,Better,Snacks,002_D,10.0
2025-01-27,002,D,12,2.5078899244356534,0,0.0,0,0,71,0,Better,Snacks,002_D,7.0
