retail_synth_eda.csv
date,store_id,item_id,units,price,promo,promo_depth,dow,holiday,on_hand,stockout,brand,category,key,yhat_t7
2024-08-01,003,A,14,4.006340034237627,0,0.0,3,0,53,0,Acme,Cereal,003_A,
2024-08-02,003,A,13,3.98721047617271,0,0.0,4,0,43,0,Acme,Cereal,003_A,
2024-08-03,003,A,13,3.9927884005484993,0,0.0,5,0,54,0,Acme,Cereal,003_A,
2024-08-04,003,A,7,3.9820805805936397,0,0.0,6,0,59,0,Acme,Cereal,003_A,
2024-08-05,003,A,12,3.981521517641545,0,0.0,0,0,51,0,Acme,Cereal,003_A,
2024-08-06,003,A,10,3.9876715480958516,0,0.0,1,0,51,0,Acme,Cereal,003_A,
2024-08-07,003,A,15,4.000936531907081,0,0.0,2,0,59,0,Acme,Cereal,003_A,
2024-08-08,003,A,11,4.0035119898333775,0,0.0,3,0,53,0,Acme,Cereal,003_A,14.0
2024-08-09,003,A,18,3.941470337337953,0,0.0,4,0,46,0,Acme,Cereal,003_A,13.0
2024-08-10,003,A,25,3.1380485480489626,1,0.2,5,0,35,0,Acme,Cereal,003_A,13.0
2024-08-11,003,A,6,4.033891101648486,0,0.0,6,0,40,0,Acme,Cereal,003_A,7.0
2024-08-12,003,A,11,4.002647974385172,0,0.0,0,0,77,0,Acme,Cereal,003_A,12.0
2024-08-13,003,A,11,3.980155089958089,0,0.0,1,0,58,0,Acme,Cereal,003_A,10.0
2024-08-14,003,A,10,3.9502568157397504,0,0.0,2,0,53,0,Acme,Cereal,003_A,15.0
2024-08-15,003,A,12,4.017899153109763,0,0.0,3,0,57,0,Acme,Cereal,003_A,11.0
2024-08-16,003,A,16,3.96617263307104,0,0.0,4,0,65,0,Acme,Cereal,003_A,18.0
2024-08-17,003,A,23,3.162219918144932,1,0.2,5,0,58,0,Acme,Cereal,003_A,25.0
2024-08-18,003,A,7,3.9765921056095075,0,0.0,6,0,76,0,Acme,Cereal,003_A,6.0
2024-08-19,003,A,13,3.9937305298657035,0,0.0,0,0,64,0,Acme,Cereal,003_A,11.0
2024-08-20,003,A,7,3.9787030126858283,0,0.0,1,0,56,0,Acme,Cereal,003_A,11.0
2024-08-21,003,A,13,4.000258307236529,0,0.0,2,0,52,0,Acme,Cereal,003_A,10.0
2024-08-22,003,A,12,3.9653434059708035,0,0.0,3,0,52,0,Acme,Cereal,003_A,12.0
2024-08-23,003,A,16,4.009195506166026,0,0.0,4,0,67,0,Acme,Cereal,003_A,16.0
2024-08-24,003,A,19,3.1552293866828345,1,0.2,5,0,48,0,Acme,Cereal,003_A,23.0
2024-08-25,003,A,16,4.02304672569794,0,0.0,6,0,67,0,Acme,Cereal,003_A,7.0
2024-08-26,003,A,9,3.9550137665270895,0,0.0,0,0,61,0,Acme,Cereal,003_A,13.0
2024-08-27,003,A,8,4.006969252135745,0,0.0,1,0,61,0,Acme,Cereal,003_A,7.0
2024-08-28,003,A,13,3.977059402515604,0,0.0,2,0,43,0,Acme,Cereal,003_A,13.0
2024-08-29,003,A,9,3.939395812664225,0,0.0,3,0,62,0,Acme,Cereal,003_A,12.0
2024-08-30,003,A,22,3.2010949482433793,1,0.2,4,0,33,0,Acme,Cereal,003_A,16.0
2024-08-31,003,A,13,4.025638607894973,0,0.0,5,0,50,0,Acme,Cereal,003_A,19.0
2024-09-01,003,A,12,4.029683043399783,0,0.0,6,0,38,0,Acme,Cereal,003_A,16.0
2024-09-02,003,A,9,3.9610449379377948,0,0.0,0,0,62,0,Acme,Cereal,003_A,9.0
2024-09-03,003,A,14,4.009776150901199,0,0.0,1,0,71,0,Acme,Cereal,003_A,8.0
2024-09-04,003,A,15,3.9664091214494435,0,0.0,2,0,45,0,Acme,Cereal,003_A,13.0
2024-09-05,003,A,12,3.998131771002086,0,0.0,3,0,45,0,Acme,Cereal,003_A,9.0
2024-09-06,003,A,26,3.213630362292682,1,0.2,4,0,56,0,Acme,Cereal,003_A,22.0
2024-09-07,003,A,27,3.193832208758881,1,0.2,5,0,55,0,Acme,Cereal,003_A,13.0
2024-09-08,003,A,17,3.9755244469608133,0,0.0,6,0,77,0,Acme,Cereal,003_A,12.0
2024-09-09,003,A,14,4.036967545410133,0,0.0,0,0,58,0,Acme,Cereal,003_A,9.0
2024-09-10,003,A,13,3.940721951985323,0,0.0,1,0,40,0,Acme,Cereal,003_A,14.0
2024-09-11,003,A,13,3.9373587121129714,0,0.0,2,0,44,0,Acme,Cereal,003_A,15.0
2024-09-12,003,A,12,3.988146504098013,0,0.0,3,0,61,0,Acme,Cereal,003_A,12.0
2024-09-13,003,A,10,3.971073778085485,0,0.0,4,0,51,0,Acme,Cereal,003_A,26.0
2024-09-14,003,A,24,3.1407266160285428,1,0.2,5,0,19,0,Acme,Cereal,003_A,27.0
2024-09-15,003,A,8,4.013932478748223,0,0.0,6,0,63,0,Acme,Cereal,003_A,17.0
2024-09-16,003,A,12,4.018052121875342,0,0.0,0,0,61,0,Acme,Cereal,003_A,14.0
2024-09-17,003,A,9,3.985649930689659,0,0.0,1,0,61,0,Acme,Cereal,003_A,13.0
2024-09-18,003,A,9,4.015464119091602,0,0.0,2,0,57,0,Acme,Cereal,003_A,13.0
2024-09-19,003,A,11,3.979650568431215,0,0.0,3,0,60,0,Acme,Cereal,003_A,12.0
2024-09-20,003,A,26,3.2040324695331885,1,0.2,4,0,71,0,Acme,Cereal,003_A,10.0
2024-09-21,003,A,14,3.991805378300684,0,0.0,5,0,45,0,Acme,Cereal,003_A,24.0
2024-09-22,003,A,16,4.031284014489153,0,0.0,6,0,65,0,Acme,Cereal,003_A,8.0
2024-09-23,003,A,10,4.007749271240783,0,0.0,0,0,60,0,Acme,Cereal,003_A,12.0
2024-09-24,003,A,14,3.995627306347776,0,0.0,1,0,52,0,Acme,Cereal,003_A,9.0
2024-09-25,003,A,6,3.9522595337073003,0,0.0,2,0,77,0,Acme,Cereal,003_A,9.0
2024-09-26,003,A,12,4.030940664988806,0,0.0,3,0,56,0,Acme,Cereal,003_A,11.0
2024-09-27,003,A,21,3.218088583018884,1,0.2,4,0,56,0,Acme,Cereal,003_A,26.0
2024-09-28,003,A,12,3.976443789317248,0,0.0,5,0,46,0,Acme,Cereal,003_A,14.0
2024-09-29,003,A,14,3.9793290192224187,0,0.0,6,0,60,0,Acme,Cereal,003_A,16.0
2024-09-30,003,A,10,4.026993902466255,0,0.0,0,0,76,0,Acme,Cereal,003_A,10.0
2024-10-01,003,A,11,3.980803301631353,0,0.0,1,0,53,0,Acme,Cereal,003_A,14.0
2024-10-02,003,A,8,3.9319763619449586,0,0.0,2,0,62,0,Acme,Cereal,003_A,6.0
2024-10-03,003,A,9,3.995268241885048,0,0.0,3,0,66,0,Acme,Cereal,003_A,12.0
2024-10-04,003,A,26,3.1963077454204436,1,0.2,4,0,53,0,Acme,Cereal,003_A,21.0
2024-10-05,003,A,18,3.9648278212871912,0,0.0,5,0,71,0,Acme,Cereal,003_A,12.0
2024-10-06,003,A,9,4.005158561339508,0,0.0,6,0,43,0,Acme,Cereal,003_A,14.0
2024-10-07,003,A,11,3.9503314284312787,0,0.0,0,0,62,0,Acme,Cereal,003_A,10.0
2024-10-08,003,A,9,4.04233060064211,0,0.0,1,0,73,0,Acme,Cereal,003_A,11.0
2024-10-09,003,A,7,3.9558682578510247,0,0.0,2,0,66,0,Acme,Cereal,003_A,8.0
2024-10-10,003,A,13,4.030637662892744,0,0.0,3,0,52,0,Acme,Cereal,003_A,9.0
2024-10-11,003,A,29,3.1722787398853383,1,0.2,4,0,53,0,Acme,Cereal,003_A,26.0
2024-10-12,003,A,23,3.215938206757884,1,0.2,5,0,64,0,Acme,Cereal,003_A,18.0
2024-10-13,003,A,10,3.9987886350007154,0,0.0,6,0,55,0,Acme,Cereal,003_A,9.0
2024-10-14,003,A,6,3.923055506859271,0,0.0,0,0,65,0,Acme,Cereal,003_A,11.0
2024-10-15,003,A,10,4.044332392885868,0,0.0,1,0,51,0,Acme,Cereal,003_A,9.0
2024-10-16,003,A,10,4.01193661777459,0,0.0,2,0,56,0,Acme,Cereal,003_A,7.0
2024-10-17,003,A,10,4.013089436297815,0,0.0,3,0,55,0,Acme,Cereal,003_A,13.0
2024-10-18,003,A,11,3.9905278078771182,0,0.0,4,0,58,0,Acme,Cereal,003_A,29.0
2024-10-19,003,A,23,3.2080739112607533,1,0.2,5,0,46,0,Acme,Cereal,003_A,23.0
2024-10-20,003,A,12,3.924942324239789,0,0.0,6,0,54,0,Acme,Cereal,003_A,10.0
2024-10-21,003,A,9,4.025670484076504,0,0.0,0,0,75,0,Acme,Cereal,003_A,6.0
2024-10-22,003,A,8,4.012073752401053,0,0.0,1,0,61,0,Acme,Cereal,003_A,10.0
2024-10-23,003,A,13,3.992106199918471,0,0.0,2,0,74,0,Acme,Cereal,003_A,10.0
2024-10-24,003,A,11,4.013628961307054,0,0.0,3,0,65,0,Acme,Cereal,003_A,10.0
2024-10-25,003,A,13,3.984144461679641,0,0.0,4,0,53,0,Acme,Cereal,003_A,11.0
2024-10-26,003,A,27,3.183753902116809,1,0.2,5,0,42,0,Acme,Cereal,003_A,23.0
2024-10-27,003,A,11,3.9524375242325602,0,0.0,6,0,68,0,Acme,Cereal,003_A,12.0
2024-10-28,003,A,10,3.987142344663862,0,0.0,0,0,54,0,Acme,Cereal,003_A,9.0
2024-10-29,003,A,10,4.008287056117113,0,0.0,1,0,51,0,Acme,Cereal,003_A,8.0
2024-10-30,003,A,10,4.006376759981008,0,0.0,2,0,65,0,Acme,Cereal,003_A,13.0
2024-10-31,003,A,12,4.072290670576957,0,0.0,3,0,59,0,Acme,Cereal,003_A,11.0
2024-11-01,003,A,16,3.948738095268836,0,0.0,4,0,53,0,Acme,Cereal,003_A,13.0
2024-11-02,003,A,12,3.9994194018355724,0,0.0,5,0,69,0,Acme,Cereal,003_A,27.0
2024-11-03,003,A,16,3.9543644686088544,0,0.0,6,0,37,0,Acme,Cereal,003_A,11.0
2024-11-04,003,A,13,4.017786336153634,0,0.0,0,0,62,0,Acme,Cereal,003_A,10.0
2024-11-05,003,A,13,3.9771247571403157,0,0.0,1,0,33,0,Acme,Cereal,003_A,10.0
2024-11-06,003,A,13,3.9928282530901797,0,0.0,2,0,56,0,Acme,Cereal,003_A,10.0
2024-11-07,003,A,14,4.0359169670513815,0,0.0,3,0,38,0,Acme,Cereal,003_A,12.0
2024-11-08,003,A,17,3.965701671510486,0,0.0,4,0,63,0,Acme,Cereal,003_A,16.0
2024-11-09,003,A,20,4.050915426413872,0,0.0,5,0,51,0,Acme,Cereal,003_A,12.0
2024-11-10,003,A,10,4.025048231367698,0,0.0,6,0,54,0,Acme,Cereal,003_A,16.0
2024-11-11,003,A,13,3.978899273021612,0,0.0,0,0,40,0,Acme,Cereal,003_A,13.0
2024-11-12,003,A,12,3.8942812187073605,0,0.0,1,0,58,0,Acme,Cereal,003_A,13.0
2024-11-13,003,A,9,4.019517470933593,0,0.0,2,0,50,0,Acme,Cereal,003_A,13.0
2024-11-14,003,A,12,3.994618800505766,0,0.0,3,0,60,0,Acme,Cereal,003_A,14.0
2024-11-15,003,A,18,3.9464266281720044,0,0.0,4,0,72,0,Acme,Cereal,003_A,17.0
2024-11-16,003,A,10,3.990789323179834,0,0.0,5,0,33,0,Acme,Cereal,003_A,20.0
2024-11-17,003,A,13,3.975403256651317,0,0.0,6,0,64,0,Acme,Cereal,003_A,10.0
2024-11-18,003,A,12,3.9380627859973183,0,0.0,0,0,44,0,Acme,Cereal,003_A,13.0
2024-11-19,003,A,6,4.01117935807314,0,0.0,1,0,54,0,Acme,Cereal,003_A,12.0
2024-11-20,003,A,11,3.929434089757286,0,0.0,2,0,50,0,Acme,Cereal,003_A,9.0
2024-11-21,003,A,9,4.004125235048685,0,0.0,3,0,37,0,Acme,Cereal,003_A,12.0
2024-11-22,003,A,21,3.213032536002514,1,0.2,4,0,45,0,Acme,Cereal,003_A,18.0
2024-11-23,003,A,27,3.226761014761232,1,0.2,5,0,43,0,Acme,Cereal,003_A,10.0
2024-11-24,003,A,13,3.936738872685351,0,0.0,6,0,65,0,Acme,Cereal,003_A,13.0
2024-11-25,003,A,17,4.022136106206348,0,0.0,0,0,28,0,Acme,Cereal,003_A,12.0
2024-11-26,003,A,11,3.9992439224917717,0,0.0,1,0,59,0,Acme,Cereal,003_A,6.0
2024-11-27,003,A,13,3.978505609387413,0,0.0,2,0,49,0,Acme,Cereal,003_A,11.0
2024-11-28,003,A,20,4.017357361242579,0,0.0,3,1,50,0,Acme,Cereal,003_A,9.0
2024-11-29,003,A,26,3.176167891210115,1,0.2,4,1,32,0,Acme,Cereal,003_A,21.0
2024-11-30,003,A,17,3.990494836032324,0,0.0,5,0,63,0,Acme,Cereal,003_A,27.0
2024-12-01,003,A,12,3.983005792158307,0,0.0,6,0,57,0,Acme,Cereal,003_A,13.0
2024-12-02,003,A,9,4.008993798939107,0,0.0,0,0,47,0,Acme,Cereal,003_A,17.0
2024-12-03,003,A,9,3.9750963182899435,0,0.0,1,0,39,0,Acme,Cereal,003_A,11.0
2024-12-04,003,A,15,3.9830186314252107,0,0.0,2,0,41,0,Acme,Cereal,003_A,13.0
2024-12-05,003,A,14,3.9136620130197075,0,0.0,3,0,70,0,Acme,Cereal,003_A,20.0
2024-12-06,003,A,12,4.022196349900786,0,0.0,4,0,66,0,Acme,Cereal,003_A,26.0
2024-12-07,003,A,13,3.963375533386993,0,0.0,5,0,76,0,Acme,Cereal,003_A,17.0
2024-12-08,003,A,15,3.9949649011277337,0,0.0,6,0,41,0,Acme,Cereal,003_A,12.0
2024-12-09,003,A,14,3.992728053227148,0,0.0,0,0,66,0,Acme,Cereal,003_A,9.0
2024-12-10,003,A,12,4.011718486628229,0,0.0,1,0,63,0,Acme,Cereal,003_A,9.0
2024-12-11,003,A,11,3.9562222107218945,0,0.0,2,0,54,0,Acme,Cereal,003_A,15.0
2024-12-12,003,A,13,4.034172321289072,0,0.0,3,0,48,0,Acme,Cereal,003_A,14.0
2024-12-13,003,A,14,3.9332294806231514,0,0.0,4,0,63,0,Acme,Cereal,003_A,12.0
2024-12-14,003,A,21,3.219922443921245,1,0.2,5,0,59,0,Acme,Cereal,003_A,13.0
2024-12-15,003,A,12,3.924390859874493,0,0.0,6,0,49,0,Acme,Cereal,003_A,15.0
2024-12-16,003,A,12,3.9653365222514565,0,0.0,0,0,55,0,Acme,Cereal,003_A,14.0
2024-12-17,003,A,14,4.018231487305457,0,0.0,1,0,53,0,Acme,Cereal,003_A,12.0
2024-12-18,003,A,13,4.0168762088612135,0,0.0,2,0,63,0,Acme,Cereal,003_A,11.0
2024-12-19,003,A,15,3.9227194164166326,0,0.0,3,0,51,0,Acme,Cereal,003_A,13.0
2024-12-20,003,A,19,3.153062211574086,1,0.2,4,0,49,0,Acme,Cereal,003_A,14.0
2024-12-21,003,A,19,3.1839363662014866,1,0.2,5,0,42,0,Acme,Cereal,003_A,21.0
2024-12-22,003,A,9,3.9668378137590934,0,0.0,6,0,46,0,Acme,Cereal,003_A,12.0
2024-12-23,003,A,12,3.992318661585521,0,0.0,0,0,46,0,Acme,Cereal,003_A,12.0
2024-12-24,003,A,9,4.033171098962967,0,0.0,1,0,58,0,Acme,Cereal,003_A,14.0
2024-12-25,003,A,6,4.000095757723018,0,0.0,2,0,44,0,Acme,Cereal,003_A,13.0
2024-12-26,003,A,8,4.015711036308818,0,0.0,3,0,36,0,Acme,Cereal,003_A,15.0
2024-12-27,003,A,16,4.034788002229145,0,0.0,4,0,64,0,Acme,Cereal,003_A,19.0
2024-12-28,003,A,16,4.020781901388915,0,0.0,5,0,61,0,Acme,Cereal,003_A,19.0
2024-12-29,003,A,14,3.9893788288857976,0,0.0,6,0,62,0,Acme,Cereal,003_A,9.0
2024-12-30,003,A,11,3.921867903255071,0,0.0,0,0,57,0,Acme,Cereal,003_A,12.0
2024-12-31,003,A,12,4.02268310888865,0,0.0,1,0,62,0,Acme,Cereal,003_A,9.0
2025-01-01,003,A,13,4.030825675173664,0,0.0,2,0,67,0,Acme,Cereal,003_A,6.0
2025-01-02,003,A,12,3.9277505499556766,0,0.0,3,0,46,0,Acme,Cereal,003_A,8.0
2025-01-03,003,A,26,3.20207383393995,1,0.2,4,0,60,0,Acme,Cereal,003_A,16.0
2025-01-04,003,A,14,4.056487159963051,0,0.0,5,0,55,0,Acme,Cereal,003_A,16.0
2025-01-05,003,A,11,3.94315868731911,0,0.0,6,0,60,0,Acme,Cereal,003_A,14.0
2025-01-06,003,A,11,4.027976226023549,0,0.0,0,0,57,0,Acme,Cereal,003_A,11.0
2025-01-07,003,A,15,4.00248852118259,0,0.0,1,0,54,0,Acme,Cereal,003_A,12.0
2025-01-08,003,A,9,3.998348034061624,0,0.0,2,0,60,0,Acme,Cereal,003_A,13.0
2025-01-09,003,A,12,3.9361219098095086,0,0.0,3,0,37,0,Acme,Cereal,003_A,12.0
2025-01-10,003,A,23,3.1844759732183743,1,0.2,4,0,33,0,Acme,Cereal,003_A,26.0
2025-01-11,003,A,14,4.029460771048537,0,0.0,5,0,57,0,Acme,Cereal,003_A,14.0
2025-01-12,003,A,9,4.013704062430914,0,0.0,6,0,60,0,Acme,Cereal,003_A,11.0
2025-01-13,003,A,13,3.986523862939739,0,0.0,0,0,65,0,Acme,Cereal,003_A,11.0
2025-01-14,003,A,14,4.002675282077682,0,0.0,1,0,78,0,Acme,Cereal,003_A,15.0
2025-01-15,003,A,8,3.9708895850948633,0,0.0,2,0,63,0,Acme,Cereal,003_A,9.0
2025-01-16,003,A,10,3.9951340587446516,0,0.0,3,0,52,0,Acme,Cereal,003_A,12.0
2025-01-17,003,A,11,4.001469059013943,0,0.0,4,0,51,0,Acme,Cereal,003_A,23.0
2025-01-18,003,A,27,3.122746549436421,1,0.2,5,0,58,0,Acme,Cereal,003_A,14.0
2025-01-19,003,A,14,3.96197525917366,0,0.0,6,0,35,0,Acme,Cereal,003_A,9.0
2025-01-20,003,A,8,3.9787903206686033,0,0.0,0,0,68,0,Acme,Cereal,003_A,13.0
2025-01-21,003,A,11,3.986445184903859,0,0.0,1,0,40,0,Acme,Cereal,003_A,14.0
2025-01-22,003,A,8,4.012938991657414,0,0.0,2,0,29,0,Acme,Cereal,003_A,8.0
2025-01-23,003,A,11,3.9653984300465472,0,0.0,3,0,56,0,Acme,Cereal,003_A,10.0
2025-01-24,003,A,16,3.991315105611685,0,0.0,4,0,55,0,Acme,Cereal,003_A,11.0
2025-01-25,003,A,12,3.973204548589021,0,0.0,5,0,61,0,Acme,Cereal,003_A,27.0
2025-01-26,003,A,12,3.961507297548207,0,0.0,6,0,52,0,Acme,Cereal,003_A,14.0
2025-01-27,003,A,11,3.980314631530934,0,0.0,0,0,41,0,Acme,Cereal,003_A,8.0
