retail_synth_eda.csv
date,store_id,item_id,units,price,promo,promo_depth,dow,holiday,on_hand,stockout,brand,category,key,yhat_t7
2024-08-01,003,B,12,3.465594533740553,0,0.0,3,0,58,0,Acme,Cereal,003_B,
2024-08-02,003,B,23,2.8281934901403996,1,0.2,4,0,38,0,Acme,Cereal,003_B,
2024-08-03,003,B,24,2.803639614024374,1,0.2,5,0,58,0,Acme,Cereal,003_B,
2024-08-04,003,B,10,3.5033694478942774,0,0.0,6,0,60,0,Acme,Cereal,003_B,
2024-08-05,003,B,10,3.498356988658969,0,0.0,0,0,59,0,Acme,Cereal,003_B,
2024-08-06,003,B,5,3.4709185966081915,0,0.0,1,0,68,0,Acme,Cereal,003_B,
2024-08-07,003,B,12,3.5030019982743346,0,0.0,2,0,48,0,Acme,Cereal,003_B,
2024-08-08,003,B,16,3.5224055103682907,0,0.0,3,0,57,0,Acme,Cereal,003_B,12.0
2024-08-09,003,B,11,3.4390812076762547,0,0.0,4,0,62,0,Acme,Cereal,003_B,23.0
2024-08-10,003,B,18,2.738361117497522,1,0.2,5,0,58,0,Acme,Cereal,003_B,24.0
2024-08-11,003,B,11,3.454340219496525,0,0.0,6,0,81,0,Acme,Cereal,003_B,10.0
2024-08-12,003,B,9,3.490282976615154,0,0.0,0,0,64,0,Acme,Cereal,003_B,10.0
2024-08-13,003,B,16,3.4346972496964887,0,0.0,1,0,47,0,Acme,Cereal,003_B,5.0
2024-08-14,003,B,13,3.507226577344718,0,0.0,2,0,58,0,Acme,Cereal,003_B,12.0
2024-08-15,003,B,14,3.488499041581636,0,0.0,3,0,49,0,Acme,Cereal,003_B,16.0
2024-08-16,003,B,14,3.462323663476512,0,0.0,4,0,54,0,Acme,Cereal,003_B,11.0
2024-08-17,003,B,15,3.485339836664339,0,0.0,5,0,56,0,Acme,Cereal,003_B,18.0
2024-08-18,003,B,11,3.442636414060716,0,0.0,6,0,63,0,Acme,Cereal,003_B,11.0
2024-08-19,003,B,8,3.4856436572115577,0,0.0,0,0,71,0,Acme,Cereal,003_B,9.0
2024-08-20,003,B,15,3.4660668800758456,0,0.0,1,0,46,0,Acme,Cereal,003_B,16.0
2024-08-21,003,B,13,3.451215501253725,0,0.0,2,0,44,0,Acme,Cereal,003_B,13.0
2024-08-22,003,B,8,3.4631733836224887,0,0.0,3,0,56,0,Acme,Cereal,003_B,14.0
2024-08-23,003,B,15,3.3955417230783485,0,0.0,4,0,68,0,Acme,Cereal,003_B,14.0
2024-08-24,003,B,25,2.781082560879486,1,0.2,5,0,67,0,Acme,Cereal,003_B,15.0
2024-08-25,003,B,9,3.4555176829005134,0,0.0,6,0,48,0,Acme,Cereal,003_B,11.0
2024-08-26,003,B,10,3.5144453385339176,0,0.0,0,0,55,0,Acme,Cereal,003_B,8.0
2024-08-27,003,B,16,3.4548453359704485,0,0.0,1,0,37,0,Acme,Cereal,003_B,15.0
2024-08-28,003,B,13,3.4406675020559327,0,0.0,2,0,55,0,Acme,Cereal,003_B,13.0
2024-08-29,003,B,15,3.4535802882911657,0,0.0,3,0,54,0,Acme,Cereal,003_B,8.0
2024-08-30,003,B,24,2.8290313847192063,1,0.2,4,0,43,0,Acme,Cereal,003_B,15.0
2024-08-31,003,B,24,2.752612221772253,1,0.2,5,0,48,0,Acme,Cereal,003_B,25.0
2024-09-01,003,B,12,3.4925906003559777,0,0.0,6,0,77,0,Acme,Cereal,003_B,9.0
2024-09-02,003,B,12,3.5474288033197228,0,0.0,0,0,67,0,Acme,Cereal,003_B,10.0
2024-09-03,003,B,11,3.511153751588804,0,0.0,1,0,66,0,Acme,Cereal,003_B,16.0
2024-09-04,003,B,12,3.4574169682858487,0,0.0,2,0,57,0,Acme,Cereal,003_B,13.0
2024-09-05,003,B,6,3.535849499383295,0,0.0,3,0,60,0,Acme,Cereal,003_B,15.0
2024-09-06,003,B,24,2.7845543700186117,1,0.2,4,0,64,0,Acme,Cereal,003_B,24.0
2024-09-07,003,B,14,3.4048207336217726,0,0.0,5,0,53,0,Acme,Cereal,003_B,24.0
2024-09-08,003,B,13,3.4763612628339144,0,0.0,6,0,69,0,Acme,Cereal,003_B,12.0
2024-09-09,003,B,9,3.418894075370797,0,0.0,0,0,58,0,Acme,Cereal,003_B,12.0
2024-09-10,003,B,5,3.494891759161722,0,0.0,1,0,57,0,Acme,Cereal,003_B,11.0
2024-09-11,003,B,10,3.465990682447157,0,0.0,2,0,58,0,Acme,Cereal,003_B,12.0
2024-09-12,003,B,9,3.445632520232568,0,0.0,3,0,47,0,Acme,Cereal,003_B,6.0
2024-09-13,003,B,22,2.7639725250799825,1,0.2,4,0,34,0,Acme,Cereal,003_B,24.0
2024-09-14,003,B,16,2.826347717810573,1,0.2,5,0,64,0,Acme,Cereal,003_B,14.0
2024-09-15,003,B,14,3.4769056553273314,0,0.0,6,0,56,0,Acme,Cereal,003_B,13.0
2024-09-16,003,B,12,3.5194094043484223,0,0.0,0,0,64,0,Acme,Cereal,003_B,9.0
2024-09-17,003,B,9,3.4910976186980816,0,0.0,1,0,76,0,Acme,Cereal,003_B,5.0
2024-09-18,003,B,9,3.4709024541374767,0,0.0,2,0,70,0,Acme,Cereal,003_B,10.0
2024-09-19,003,B,13,3.492294303532646,0,0.0,3,0,50,0,Acme,Cereal,003_B,9.0
2024-09-20,003,B,10,3.458270740541381,0,0.0,4,0,63,0,Acme,Cereal,003_B,22.0
2024-09-21,003,B,17,3.4673657709561367,0,0.0,5,0,68,0,Acme,Cereal,003_B,16.0
2024-09-22,003,B,7,3.5268055669915968,0,0.0,6,0,49,0,Acme,Cereal,003_B,14.0
2024-09-23,003,B,12,3.4613799162307344,0,0.0,0,0,54,0,Acme,Cereal,003_B,12.0
2024-09-24,003,B,11,3.500342528445719,0,0.0,1,0,62,0,Acme,Cereal,003_B,9.0
2024-09-25,003,B,10,3.508561326971587,0,0.0,2,0,72,0,Acme,Cereal,003_B,9.0
2024-09-26,003,B,14,3.4839081571000623,0,0.0,3,0,62,0,Acme,Cereal,003_B,13.0
2024-09-27,003,B,27,2.7820459233716877,1,0.2,4,0,50,0,Acme,Cereal,003_B,10.0
2024-09-28,003,B,22,2.8053017234642654,1,0.2,5,0,49,0,Acme,Cereal,003_B,17.0
2024-09-29,003,B,14,3.463706142905967,0,0.0,6,0,54,0,Acme,Cereal,003_B,7.0
2024-09-30,003,B,11,3.5388253556814178,0,0.0,0,0,64,0,Acme,Cereal,003_B,12.0
2024-10-01,003,B,6,3.4635691561254363,0,0.0,1,0,64,0,Acme,Cereal,003_B,11.0
2024-10-02,003,B,9,3.5069102626066013,0,0.0,2,0,60,0,Acme,Cereal,003_B,10.0
2024-10-03,003,B,9,3.5179800664363063,0,0.0,3,0,61,0,Acme,Cereal,003_B,14.0
2024-10-04,003,B,19,2.79719874190497,1,0.2,4,0,44,0,Acme,Cereal,003_B,27.0
2024-10-05,003,B,22,2.8076606800926593,1,0.2,5,0,70,0,Acme,Cereal,003_B,22.0
2024-10-06,003,B,13,3.5278832139446994,0,0.0,6,0,53,0,Acme,Cereal,003_B,14.0
2024-10-07,003,B,10,3.520400867839404,0,0.0,0,0,67,0,Acme,Cereal,003_B,11.0
2024-10-08,003,B,9,3.483089578122585,0,0.0,1,0,43,0,Acme,Cereal,003_B,6.0
2024-10-09,003,B,11,3.502569752871614,0,0.0,2,0,58,0,Acme,Cereal,003_B,9.0
2024-10-10,003,B,13,3.4857026658249626,0,0.0,3,0,67,0,Acme,Cereal,003_B,9.0
2024-10-11,003,B,14,3.518713881469066,0,0.0,4,0,58,0,Acme,Cereal,003_B,19.0
2024-10-12,003,B,11,3.5128233357044767,0,0.0,5,0,41,0,Acme,Cereal,003_B,22.0
2024-10-13,003,B,12,3.4449533333745865,0,0.0,6,0,40,0,Acme,Cereal,003_B,13.0
2024-10-14,003,B,15,3.4612346154805733,0,0.0,0,0,48,0,Acme,Cereal,003_B,10.0
2024-10-15,003,B,10,3.4393645047582146,0,0.0,1,0,39,0,Acme,Cereal,003_B,9.0
2024-10-16,003,B,13,3.5165311353629045,0,0.0,2,0,49,0,Acme,Cereal,003_B,11.0
2024-10-17,003,B,9,3.4991359452576,0,0.0,3,0,64,0,Acme,Cereal,003_B,13.0
2024-10-18,003,B,14,3.4698958309429697,0,0.0,4,0,56,0,Acme,Cereal,003_B,14.0
2024-10-19,003,B,16,3.4742460131085204,0,0.0,5,0,72,0,Acme,Cereal,003_B,11.0
2024-10-20,003,B,12,3.458756328919583,0,0.0,6,0,48,0,Acme,Cereal,003_B,12.0
2024-10-21,003,B,8,3.497529860350778,0,0.0,0,0,63,0,Acme,Cereal,003_B,15.0
2024-10-22,003,B,8,3.455729072264189,0,0.0,1,0,62,0,Acme,Cereal,003_B,10.0
2024-10-23,003,B,13,3.522884551248602,0,0.0,2,0,55,0,Acme,Cereal,003_B,13.0
2024-10-24,003,B,12,3.497245157173914,0,0.0,3,0,59,0,Acme,Cereal,003_B,9.0
2024-10-25,003,B,14,3.4635251344890117,0,0.0,4,0,39,0,Acme,Cereal,003_B,14.0
2024-10-26,003,B,25,2.775978670199256,1,0.2,5,0,75,0,Acme,Cereal,003_B,16.0
2024-10-27,003,B,10,3.4830601871890514,0,0.0,6,0,65,0,Acme,Cereal,003_B,12.0
2024-10-28,003,B,11,3.5053292941986185,0,0.0,0,0,69,0,Acme,Cereal,003_B,8.0
2024-10-29,003,B,12,3.5254973324025696,0,0.0,1,0,80,0,Acme,Cereal,003_B,8.0
2024-10-30,003,B,15,3.4808340522540515,0,0.0,2,0,60,0,Acme,Cereal,003_B,13.0
2024-10-31,003,B,11,3.515697682862546,0,0.0,3,0,54,0,Acme,Cereal,003_B,12.0
2024-11-01,003,B,26,2.7990865247643635,1,0.2,4,0,57,0,Acme,Cereal,003_B,14.0
2024-11-02,003,B,26,2.7860714710829795,1,0.2,5,0,40,0,Acme,Cereal,003_B,25.0
2024-11-03,003,B,13,3.5178422350549496,0,0.0,6,0,72,0,Acme,Cereal,003_B,10.0
2024-11-04,003,B,10,3.4955418468612733,0,0.0,0,0,30,0,Acme,Cereal,003_B,11.0
2024-11-05,003,B,13,3.4836727331594197,0,0.0,1,0,67,0,Acme,Cereal,003_B,12.0
2024-11-06,003,B,12,3.476218519237647,0,0.0,2,0,66,0,Acme,Cereal,003_B,15.0
2024-11-07,003,B,9,3.442026133953144,0,0.0,3,0,65,0,Acme,Cereal,003_B,11.0
2024-11-08,003,B,27,2.8216278774355787,1,0.2,4,0,45,0,Acme,Cereal,003_B,26.0
2024-11-09,003,B,25,2.737980360354352,1,0.2,5,0,59,0,Acme,Cereal,003_B,26.0
2024-11-10,003,B,11,3.5321965652721867,0,0.0,6,0,65,0,Acme,Cereal,003_B,13.0
2024-11-11,003,B,11,3.518928021716977,0,0.0,0,0,50,0,Acme,Cereal,003_B,10.0
2024-11-12,003,B,10,3.4731464955978164,0,0.0,1,0,53,0,Acme,Cereal,003_B,13.0
2024-11-13,003,B,11,3.5016320070040137,0,0.0,2,0,65,0,Acme,Cereal,003_B,12.0
2024-11-14,003,B,9,3.435242101252817,0,0.0,3,0,50,0,Acme,Cereal,003_B,9.0
2024-11-15,003,B,13,3.5024321655675963,0,0.0,4,0,64,0,Acme,Cereal,003_B,27.0
2024-11-16,003,B,26,2.8194161851781168,1,0.2,5,0,53,0,Acme,Cereal,003_B,25.0
2024-11-17,003,B,13,3.510229409696668,0,0.0,6,0,64,0,Acme,Cereal,003_B,11.0
2024-11-18,003,B,12,3.4832813615458433,0,0.0,0,0,55,0,Acme,Cereal,003_B,11.0
2024-11-19,003,B,13,3.5127123544793806,0,0.0,1,0,64,0,Acme,Cereal,003_B,10.0
2024-11-20,003,B,11,3.528046643872614,0,0.0,2,0,64,0,Acme,Cereal,003_B,11.0
2024-11-21,003,B,10,3.510800985437006,0,0.0,3,0,65,0,Acme,Cereal,003_B,9.0
2024-11-22,003,B,27,2.8265354472815916,1,0.2,4,0,64,0,Acme,Cereal,003_B,13.0
2024-11-23,003,B,15,3.4726393163050755,0,0.0,5,0,39,0,Acme,Cereal,003_B,26.0
2024-11-24,003,B,12,3.53300335769893,0,0.0,6,0,41,0,Acme,Cereal,003_B,13.0
2024-11-25,003,B,12,3.5023224957291124,0,0.0,0,0,58,0,Acme,Cereal,003_B,12.0
2024-11-26,003,B,7,3.448646423106572,0,0.0,1,0,71,0,Acme,Cereal,003_B,13.0
2024-11-27,003,B,9,3.532829774887126,0,0.0,2,0,54,0,Acme,Cereal,003_B,11.0
2024-11-28,003,B,14,3.535601420452494,0,0.0,3,1,40,0,Acme,Cereal,003_B,10.0
2024-11-29,003,B,18,3.4559590054190337,0,0.0,4,1,59,0,Acme,Cereal,003_B,27.0
2024-11-30,003,B,22,2.771066542967603,1,0.2,5,0,46,0,Acme,Cereal,003_B,15.0
2024-12-01,003,B,15,3.4835835652686318,0,0.0,6,0,53,0,Acme,Cereal,003_B,12.0
2024-12-02,003,B,12,3.5405185529328547,0,0.0,0,0,37,0,Acme,Cereal,003_B,12.0
2024-12-03,003,B,9,3.4870631605711697,0,0.0,1,0,51,0,Acme,Cereal,003_B,7.0
2024-12-04,003,B,10,3.485045889912497,0,0.0,2,0,49,0,Acme,Cereal,003_B,9.0
2024-12-05,003,B,14,3.531225447373858,0,0.0,3,0,67,0,Acme,Cereal,003_B,14.0
2024-12-06,003,B,16,3.49569976294111,0,0.0,4,0,34,0,Acme,Cereal,003_B,18.0
2024-12-07,003,B,22,2.8312195906679185,1,0.2,5,0,56,0,Acme,Cereal,003_B,22.0
2024-12-08,003,B,8,3.4353346791201362,0,0.0,6,0,54,0,Acme,Cereal,003_B,15.0
2024-12-09,003,B,10,3.529411350575046,0,0.0,0,0,38,0,Acme,Cereal,003_B,12.0
2024-12-10,003,B,13,3.477670946867758,0,0.0,1,0,50,0,Acme,Cereal,003_B,9.0
2024-12-11,003,B,13,3.499601420818888,0,0.0,2,0,72,0,Acme,Cereal,003_B,10.0
2024-12-12,003,B,12,3.447233913946173,0,0.0,3,0,70,0,Acme,Cereal,003_B,14.0
2024-12-13,003,B,13,3.5022298140446275,0,0.0,4,0,57,0,Acme,Cereal,003_B,16.0
2024-12-14,003,B,22,2.8156315127301683,1,0.2,5,0,53,0,Acme,Cereal,003_B,22.0
2024-12-15,003,B,10,3.459636062612626,0,0.0,6,0,56,0,Acme,Cereal,003_B,8.0
2024-12-16,003,B,12,3.4828871288287306,0,0.0,0,0,53,0,Acme,Cereal,003_B,10.0
2024-12-17,003,B,11,3.5248232744108052,0,0.0,1,0,60,0,Acme,Cereal,003_B,13.0
2024-12-18,003,B,11,3.473187162448166,0,0.0,2,0,62,0,Acme,Cereal,003_B,13.0
2024-12-19,003,B,11,3.501704478807627,0,0.0,3,0,42,0,Acme,Cereal,003_B,12.0
2024-12-20,003,B,17,3.4507343824951935,0,0.0,4,0,73,0,Acme,Cereal,003_B,13.0
2024-12-21,003,B,13,3.4924736371059555,0,0.0,5,0,66,0,Acme,Cereal,003_B,22.0
2024-12-22,003,B,5,3.4719728510280423,0,0.0,6,0,62,0,Acme,Cereal,003_B,10.0
2024-12-23,003,B,10,3.504789240636141,0,0.0,0,0,59,0,Acme,Cereal,003_B,12.0
2024-12-24,003,B,12,3.513946919837729,0,0.0,1,0,67,0,Acme,Cereal,003_B,11.0
2024-12-25,003,B,14,3.4624270736591036,0,0.0,2,0,64,0,Acme,Cereal,003_B,11.0
2024-12-26,003,B,10,3.4910963385227487,0,0.0,3,0,46,0,Acme,Cereal,003_B,11.0
2024-12-27,003,B,28,2.8011997008948923,1,0.2,4,0,40,0,Acme,Cereal,003_B,17.0
2024-12-28,003,B,20,2.8388189109247213,1,0.2,5,0,37,0,Acme,Cereal,003_B,13.0
2024-12-29,003,B,13,3.4988889649834287,0,0.0,6,0,41,0,Acme,Cereal,003_B,5.0
2024-12-30,003,B,13,3.467201570465244,0,0.0,0,0,62,0,Acme,Cereal,003_B,10.0
2024-12-31,003,B,13,3.523595405135293,0,0.0,1,0,55,0,Acme,Cereal,003_B,12.0
2025-01-01,003,B,10,3.465005479473781,0,0.0,2,0,64,0,Acme,Cereal,003_B,14.0
2025-01-02,003,B,13,3.478389386166986,0,0.0,3,0,62,0,Acme,Cereal,003_B,10.0
2025-01-03,003,B,16,3.491733388193228,0,0.0,4,0,50,0,Acme,Cereal,003_B,28.0
2025-01-04,003,B,11,3.542128248523632,0,0.0,5,0,46,0,Acme,Cereal,003_B,20.0
2025-01-05,003,B,10,3.4540569749274757,0,0.0,6,0,61,0,Acme,Cereal,003_B,13.0
2025-01-06,003,B,13,3.5362542340436955,0,0.0,0,0,62,0,Acme,Cereal,003_B,13.0
2025-01-07,003,B,11,3.5158612141542807,0,0.0,1,0,58,0,Acme,Cereal,003_B,13.0
2025-01-08,003,B,9,3.5090117202623063,0,0.0,2,0,59,0,Acme,Cereal,003_B,10.0
2025-01-09,003,B,13,3.5442880360993008,0,0.0,3,0,50,0,Acme,Cereal,003_B,13.0
2025-01-10,003,B,9,3.4847571279326344,0,0.0,4,0,49,0,Acme,Cereal,003_B,16.0
2025-01-11,003,B,27,2.8386352457708353,1,0.2,5,0,36,0,Acme,Cereal,003_B,11.0
2025-01-12,003,B,13,3.4529260993369437,0,0.0,6,0,63,0,Acme,Cereal,003_B,10.0
2025-01-13,003,B,10,3.4929978557988286,0,0.0,0,0,73,0,Acme,Cereal,003_B,13.0
2025-01-14,003,B,7,3.5270992423501424,0,0.0,1,0,70,0,Acme,Cereal,003_B,11.0
2025-01-15,003,B,14,3.4872138339867966,0,0.0,2,0,49,0,Acme,Cereal,003_B,9.0
2025-01-16,003,B,10,3.4526887688199546,0,0.0,3,0,72,0,Acme,Cereal,003_B,13.0
2025-01-17,003,B,22,2.815145059595858,1,0.2,4,0,49,0,Acme,Cereal,003_B,9.0
2025-01-18,003,B,21,2.7827934587785337,1,0.2,5,0,46,0,Acme,Cereal,003_B,27.0
2025-01-19,003,B,8,3.492946124088952,0,0.0,6,0,29,0,Acme,Cereal,003_B,13.0
2025-01-20,003,B,11,3.421495107495236,0,0.0,0,0,68,0,Acme,Cereal,003_B,10.0
2025-01-21,003,B,11,3.4913288652901837,0,0.0,1,0,65,0,Acme,Cereal,003_B,7.0
2025-01-22,003,B,10,3.465327505785398,0,0.0,2,0,53,0,Acme,Cereal,003_B,14.0
2025-01-23,003,B,11,3.5654858045995437,0,0.0,3,0,45,0,Acme,Cereal,003_B,10.0
2025-01-24,003,B,24,2.760542027150629,1,0.2,4,0,48,0,Acme,Cereal,003_B,22.0
2025-01-25,003,B,11,3.519623335524223,0,0.0,5,0,58,0,Acme,Cereal,003_B,21.0
2025-01-26,003,B,15,3.4836578759587518,0,0.0,6,0,58,0,Acme,Cereal,003_B,8.0
2025-01-27,003,B,13,3.446649901775546,0,0.0,0,0,76,0,Acme,Cereal,003_B,11.0
