retail_synth_eda.csv
date,store_id,item_id,units,price,promo,promo_depth,dow,holiday,on_hand,stockout,brand,category,key,yhat_t7
2024-08-01,003,C,4,3.0229643830524324,0,0.0,3,0,52,0,Better,Snacks,003_C,
2024-08-02,003,C,22,2.407907962254488,1,0.2,4,0,54,0,Better,Snacks,003_C,
2024-08-03,003,C,8,3.016633367852146,0,0.0,5,0,50,0,Better,Snacks,003_C,
2024-08-04,003,C,5,3.00717668742828,0,0.0,6,0,43,0,Better,Snacks,003_C,
2024-08-05,003,C,11,2.9426689234304297,0,0.0,0,0,51,0,Better,Snacks,003_C,
2024-08-06,003,C,7,3.0069943270828343,0,0.0,1,0,68,0,Better,Snacks,003_C,
2024-08-07,003,C,7,3.006290535555828,0,0.0,2,0,49,0,Better,Snacks,003_C,
2024-08-08,003,C,9,2.9842335567580687,0,0.0,3,0,38,0,Better,Snacks,003_C,4.0
2024-08-09,003,C,12,3.0221314078585637,0,0.0,4,0,40,0,Better,Snacks,003_C,22.0
2024-08-10,003,C,19,2.37412991273075,1,0.2,5,0,55,0,Better,Snacks,003_C,8.0
2024-08-11,003,C,10,3.00174100917186,0,0.0,6,0,54,0,Better,Snacks,003_C,5.0
2024-08-12,003,C,6,2.963005215510468,0,0.0,0,0,61,0,Better,Snacks,003_C,11.0
2024-08-13,003,C,11,2.9729505684481925,0,0.0,1,0,58,0,Better,Snacks,003_C,7.0
2024-08-14,003,C,9,2.9616699021780697,0,0.0,2,0,56,0,Better,Snacks,003_C,7.0
2024-08-15,003,C,7,3.005907157931516,0,0.0,3,0,60,0,Better,Snacks,003_C,9.0
2024-08-16,003,C,10,3.016937023549791,0,0.0,4,0,52,0,Better,Snacks,003_C,12.0
2024-08-17,003,C,24,2.29376574924216,1,0.2,5,0,61,0,Better,Snacks,003_C,19.0
2024-08-18,003,C,9,3.001400510372128,0,0.0,6,0,64,0,Better,Snacks,003_C,10.0
2024-08-19,003,C,8,2.998936589150306,0,0.0,0,0,60,0,Better,Snacks,003_C,6.0
2024-08-20,003,C,6,3.0409841659499777,0,0.0,1,0,77,0,Better,Snacks,003_C,11.0
2024-08-21,003,C,5,2.963010540431478,0,0.0,2,0,66,0,Better,Snacks,003_C,9.0
2024-08-22,003,C,13,2.963318448600519,0,0.0,3,0,54,0,Better,Snacks,003_C,7.0
2024-08-23,003,C,10,2.9736355604194236,0,0.0,4,0,59,0,Better,Snacks,003_C,10.0
2024-08-24,003,C,13,3.0313205918093242,0,0.0,5,0,51,0,Better,Snacks,003_C,24.0
2024-08-25,003,C,8,3.010413141257653,0,0.0,6,0,59,0,Better,Snacks,003_C,9.0
2024-08-26,003,C,7,2.9789466461635903,0,0.0,0,0,45,0,Better,Snacks,003_C,8.0
2024-08-27,003,C,9,3.0249071386809683,0,0.0,1,0,38,0,Better,Snacks,003_C,6.0
2024-08-28,003,C,8,2.9836805743813377,0,0.0,2,0,47,0,Better,Snacks,003_C,5.0
2024-08-29,003,C,7,2.9424106090118665,0,0.0,3,0,75,0,Better,Snacks,003_C,13.0
2024-08-30,003,C,8,2.965199018328875,0,0.0,4,0,44,0,Better,Snacks,003_C,10.0
2024-08-31,003,C,5,2.987674672191165,0,0.0,5,0,58,0,Better,Snacks,003_C,13.0
2024-09-01,003,C,12,2.934669316801588,0,0.0,6,0,54,0,Better,Snacks,003_C,8.0
2024-09-02,003,C,10,2.9827628968891764,0,0.0,0,0,51,0,Better,Snacks,003_C,7.0
2024-09-03,003,C,8,2.9503222507237217,0,0.0,1,0,64,0,Better,Snacks,003_C,9.0
2024-09-04,003,C,7,2.992917052680685,0,0.0,2,0,58,0,Better,Snacks,003_C,8.0
2024-09-05,003,C,3,2.9874937048248453,0,0.0,3,0,62,0,Better,Snacks,003_C,7.0
2024-09-06,003,C,25,2.406811492845058,1,0.2,4,0,35,0,Better,Snacks,003_C,8.0
2024-09-07,003,C,15,2.3739369862590447,1,0.2,5,0,47,0,Better,Snacks,003_C,5.0
2024-09-08,003,C,6,2.9553734413388764,0,0.0,6,0,72,0,Better,Snacks,003_C,12.0
2024-09-09,003,C,13,2.9720580708535502,0,0.0,0,0,56,0,Better,Snacks,003_C,10.0
2024-09-10,003,C,9,3.011842911298643,0,0.0,1,0,69,0,Better,Snacks,003_C,8.0
2024-09-11,003,C,8,2.9930761492564257,0,0.0,2,0,59,0,Better,Snacks,003_C,7.0
2024-09-12,003,C,8,3.040895996505738,0,0.0,3,0,61,0,Better,Snacks,003_C,3.0
2024-09-13,003,C,20,2.3703486337668935,1,0.2,4,0,64,0,Better,Snacks,003_C,25.0
2024-09-14,003,C,18,2.438160653232227,1,0.2,5,0,53,0,Better,Snacks,003_C,15.0
2024-09-15,003,C,11,2.959131922242586,0,0.0,6,0,56,0,Better,Snacks,003_C,6.0
2024-09-16,003,C,8,2.966620052134054,0,0.0,0,0,42,0,Better,Snacks,003_C,13.0
2024-09-17,003,C,10,2.952253954707079,0,0.0,1,0,49,0,Better,Snacks,003_C,9.0
2024-09-18,003,C,5,2.9823399514344655,0,0.0,2,0,59,0,Better,Snacks,003_C,8.0
2024-09-19,003,C,12,2.9450097253415275,0,0.0,3,0,49,0,Better,Snacks,003_C,8.0
2024-09-20,003,C,17,2.4008853319658274,1,0.2,4,0,68,0,Better,Snacks,003_C,20.0
2024-09-21,003,C,9,3.0363369418964807,0,0.0,5,0,53,0,Better,Snacks,003_C,18.0
2024-09-22,003,C,8,3.003831235801356,0,0.0,6,0,64,0,Better,Snacks,003_C,11.0
2024-09-23,003,C,9,2.990002696995451,0,0.0,0,0,61,0,Better,Snacks,003_C,8.0
2024-09-24,003,C,9,2.915964289474071,0,0.0,1,0,50,0,Better,Snacks,003_C,10.0
2024-09-25,003,C,9,3.023250126452207,0,0.0,2,0,59,0,Better,Snacks,003_C,5.0
2024-09-26,003,C,7,3.03633501330734,0,0.0,3,0,54,0,Better,Snacks,003_C,12.0
2024-09-27,003,C,7,2.948032342713833,0,0.0,4,0,68,0,Better,Snacks,003_C,17.0
2024-09-28,003,C,10,3.0013059528937505,0,0.0,5,0,44,0,Better,Snacks,003_C,9.0
2024-09-29,003,C,4,3.011234043855823,0,0.0,6,0,53,0,Better,Snacks,003_C,8.0
2024-09-30,003,C,5,2.994930765269265,0,0.0,0,0,68,0,Better,Snacks,003_C,9.0
2024-10-01,003,C,13,3.014136110601716,0,0.0,1,0,63,0,Better,Snacks,003_C,9.0
2024-10-02,003,C,10,2.9970249304098777,0,0.0,2,0,50,0,Better,Snacks,003_C,9.0
2024-10-03,003,C,2,2.9794583234642196,0,0.0,3,0,59,0,Better,Snacks,003_C,7.0
2024-10-04,003,C,9,2.988241610589151,0,0.0,4,0,54,0,Better,Snacks,003_C,7.0
2024-10-05,003,C,10,3.017210479412459,0,0.0,5,0,53,0,Better,Snacks,003_C,10.0
2024-10-06,003,C,10,2.9805178615858767,0,0.0,6,0,60,0,Better,Snacks,003_C,4.0
2024-10-07,003,C,10,2.950644333440323,0,0.0,0,0,46,0,Better,Snacks,003_C,5.0
2024-10-08,003,C,4,3.015530595531848,0,0.0,1,0,67,0,Better,Snacks,003_C,13.0
2024-10-09,003,C,7,2.98699624867757,0,0.0,2,0,47,0,Better,Snacks,003_C,10.0
2024-10-10,003,C,7,2.978105961208042,0,0.0,3,0,68,0,Better,Snacks,003_C,2.0
2024-10-11,003,C,10,2.9810360743803224,0,0.0,4,0,55,0,Better,Snacks,003_C,9.0
2024-10-12,003,C,15,2.395602407393771,1,0.2,5,0,41,0,Better,Snacks,003_C,10.0
2024-10-13,003,C,8,3.0010146041021155,0,0.0,6,0,66,0,Better,Snacks,003_C,10.0
2024-10-14,003,C,4,3.000741703670767,0,0.0,0,0,52,0,Better,Snacks,003_C,10.0
2024-10-15,003,C,9,2.9728497429858356,0,0.0,1,0,56,0,Better,Snacks,003_C,4.0
2024-10-16,003,C,10,3.03350121994539,0,0.0,2,0,75,0,Better,Snacks,003_C,7.0
2024-10-17,003,C,10,3.0119147850990484,0,0.0,3,0,66,0,Better,Snacks,003_C,7.0
2024-10-18,003,C,18,2.4179891979029793,1,0.2,4,0,51,0,Better,Snacks,003_C,10.0
2024-10-19,003,C,10,2.9516722575672873,0,0.0,5,0,75,0,Better,Snacks,003_C,15.0
2024-10-20,003,C,7,3.002820105836936,0,0.0,6,0,62,0,Better,Snacks,003_C,8.0
2024-10-21,003,C,6,3.048673611394584,0,0.0,0,0,63,0,Better,Snacks,003_C,4.0
2024-10-22,003,C,7,2.9661107867401855,0,0.0,1,0,64,0,Better,Snacks,003_C,9.0
2024-10-23,003,C,6,2.9500606356257784,0,0.0,2,0,44,0,Better,Snacks,003_C,10.0
2024-10-24,003,C,4,3.0458229593077752,0,0.0,3,0,58,0,Better,Snacks,003_C,10.0
2024-10-25,003,C,15,2.429598612039711,1,0.2,4,0,63,0,Better,Snacks,003_C,18.0
2024-10-26,003,C,17,2.367397293204096,1,0.2,5,0,47,0,Better,Snacks,003_C,10.0
2024-10-27,003,C,9,3.0402956752402535,0,0.0,6,0,44,0,Better,Snacks,003_C,7.0
2024-10-28,003,C,12,3.004423543245867,0,0.0,0,0,57,0,Better,Snacks,003_C,6.0
2024-10-29,003,C,8,3.00517242002843,0,0.0,1,0,59,0,Better,Snacks,003_C,7.0
2024-10-30,003,C,8,2.94112328463639,0,0.0,2,0,46,0,Better,Snacks,003_C,6.0
2024-10-31,003,C,2,3.029848014819893,0,0.0,3,0,41,0,Better,Snacks,003_C,4.0
2024-11-01,003,C,14,2.9582751695110563,0,0.0,4,0,55,0,Better,Snacks,003_C,15.0
2024-11-02,003,C,12,2.9696391116622216,0,0.0,5,0,49,0,Better,Snacks,003_C,17.0
2024-11-03,003,C,4,3.034001898238425,0,0.0,6,0,62,0,Better,Snacks,003_C,9.0
2024-11-04,003,C,9,3.015852340238598,0,0.0,0,0,58,0,Better,Snacks,003_C,12.0
2024-11-05,003,C,6,2.9953703085409074,0,0.0,1,0,68,0,Better,Snacks,003_C,8.0
2024-11-06,003,C,6,2.9286354881211425,0,0.0,2,0,36,0,Better,Snacks,003_C,8.0
2024-11-07,003,C,10,3.011266518826095,0,0.0,3,0,63,0,Better,Snacks,003_C,2.0
2024-11-08,003,C,10,2.95823616551219,0,0.0,4,0,54,0,Better,Snacks,003_C,14.0
2024-11-09,003,C,12,3.0434963959459953,0,0.0,5,0,62,0,Better,Snacks,003_C,12.0
2024-11-10,003,C,6,3.033235309221697,0,0.0,6,0,78,0,Better,Snacks,003_C,4.0
2024-11-11,003,C,8,2.9587086012163746,0,0.0,0,0,70,0,Better,Snacks,003_C,9.0
2024-11-12,003,C,7,2.969966305268652,0,0.0,1,0,57,0,Better,Snacks,003_C,6.0
2024-11-13,003,C,12,2.978110455001503,0,0.0,2,0,45,0,Better,Snacks,003_C,6.0
2024-11-14,003,C,7,2.994206267716597,0,0.0,3,0,77,0,Better,Snacks,003_C,10.0
2024-11-15,003,C,9,3.008554798374243,0,0.0,4,0,62,0,Better,Snacks,003_C,10.0
2024-11-16,003,C,10,2.969217514343747,0,0.0,5,0,58,0,Better,Snacks,003_C,12.0
2024-11-17,003,C,7,3.0070790183176137,0,0.0,6,0,65,0,Better,Snacks,003_C,6.0
2024-11-18,003,C,7,3.02106427827431,0,0.0,0,0,52,0,Better,Snacks,003_C,8.0
2024-11-19,003,C,5,3.0504110873918178,0,0.0,1,0,52,0,Better,Snacks,003_C,7.0
2024-11-20,003,C,5,2.971231177314954,0,0.0,2,0,58,0,Better,Snacks,003_C,12.0
2024-11-21,003,C,7,3.027504014130253,0,0.0,3,0,56,0,Better,Snacks,003_C,7.0
2024-11-22,003,C,16,2.398382138740152,1,0.2,4,0,61,0,Better,Snacks,003_C,9.0
2024-11-23,003,C,17,2.42434025896875,1,0.2,5,0,30,0,Better,Snacks,003_C,10.0
2024-11-24,003,C,13,2.9321450772862145,0,0.0,6,0,60,0,Better,Snacks,003_C,7.0
2024-11-25,003,C,4,2.9823329729947576,0,0.0,0,0,58,0,Better,Snacks,003_C,7.0
2024-11-26,003,C,7,2.9922147599846958,0,0.0,1,0,84,0,Better,Snacks,003_C,5.0
2024-11-27,003,C,5,2.9779555665758233,0,0.0,2,0,57,0,Better,Snacks,003_C,5.0
2024-11-28,003,C,9,2.9632073571782698,0,0.0,3,1,68,0,Better,Snacks,003_C,7.0
2024-11-29,003,C,8,3.0033738120900835,0,0.0,4,1,56,0,Better,Snacks,003_C,16.0
2024-11-30,003,C,7,3.0266113114979163,0,0.0,5,0,44,0,Better,Snacks,003_C,17.0
2024-12-01,003,C,4,2.964100270640011,0,0.0,6,0,51,0,Better,Snacks,003_C,13.0
2024-12-02,003,C,6,2.9744386040323847,0,0.0,0,0,54,0,Better,Snacks,003_C,4.0
2024-12-03,003,C,5,2.960917635639325,0,0.0,1,0,86,0,Better,Snacks,003_C,7.0
2024-12-04,003,C,12,2.9526584963093017,0,0.0,2,0,55,0,Better,Snacks,003_C,5.0
2024-12-05,003,C,10,2.969982989950058,0,0.0,3,0,47,0,Better,Snacks,003_C,9.0
2024-12-06,003,C,13,2.3828896407083495,1,0.2,4,0,62,0,Better,Snacks,003_C,8.0
2024-12-07,003,C,8,2.927077393695998,0,0.0,5,0,65,0,Better,Snacks,003_C,7.0
2024-12-08,003,C,9,2.99185715380879,0,0.0,6,0,59,0,Better,Snacks,003_C,4.0
2024-12-09,003,C,8,2.994007497909638,0,0.0,0,0,59,0,Better,Snacks,003_C,6.0
2024-12-10,003,C,7,2.9688347063698104,0,0.0,1,0,56,0,Better,Snacks,003_C,5.0
2024-12-11,003,C,3,2.9484245217155065,0,0.0,2,0,61,0,Better,Snacks,003_C,12.0
2024-12-12,003,C,11,3.015202175211754,0,0.0,3,0,53,0,Better,Snacks,003_C,10.0
2024-12-13,003,C,8,3.0188590817272365,0,0.0,4,0,65,0,Better,Snacks,003_C,13.0
2024-12-14,003,C,13,2.9787920705299538,0,0.0,5,0,68,0,Better,Snacks,003_C,8.0
2024-12-15,003,C,5,3.010018570057482,0,0.0,6,0,45,0,Better,Snacks,003_C,9.0
2024-12-16,003,C,8,3.021669004232877,0,0.0,0,0,65,0,Better,Snacks,003_C,8.0
2024-12-17,003,C,8,2.9314737319971917,0,0.0,1,0,53,0,Better,Snacks,003_C,7.0
2024-12-18,003,C,11,2.9779925522958726,0,0.0,2,0,66,0,Better,Snacks,003_C,3.0
2024-12-19,003,C,10,2.978376570632419,0,0.0,3,0,65,0,Better,Snacks,003_C,11.0
2024-12-20,003,C,17,2.4137970680621375,1,0.2,4,0,60,0,Better,Snacks,003_C,8.0
2024-12-21,003,C,9,3.005726324061962,0,0.0,5,0,50,0,Better,Snacks,003_C,13.0
2024-12-22,003,C,8,2.9982881043747587,0,0.0,6,0,66,0,Better,Snacks,003_C,5.0
2024-12-23,003,C,8,2.990536742222537,0,0.0,0,0,53,0,Better,Snacks,003_C,8.0
2024-12-24,003,C,7,2.9924030290939485,0,0.0,1,0,36,0,Better,Snacks,003_C,8.0
2024-12-25,003,C,5,3.0341115281739657,0,0.0,2,0,66,0,Better,Snacks,003_C,11.0
2024-12-26,003,C,11,2.96810208466381,0,0.0,3,0,54,0,Better,Snacks,003_C,10.0
2024-12-27,003,C,21,2.36911082798823,1,0.2,4,0,51,0,Better,Snacks,003_C,17.0
2024-12-28,003,C,10,3.0266182923050606,0,0.0,5,0,51,0,Better,Snacks,003_C,9.0
2024-12-29,003,C,12,3.037308091266745,0,0.0,6,0,63,0,Better,Snacks,003_C,8.0
2024-12-30,003,C,7,2.9773407292426035,0,0.0,0,0,65,0,Better,Snacks,003_C,8.0
2024-12-31,003,C,6,2.941425310460902,0,0.0,1,0,50,0,Better,Snacks,003_C,7.0
2025-01-01,003,C,5,3.043645042570377,0,0.0,2,0,61,0,Better,Snacks,003_C,5.0
2025-01-02,003,C,6,2.977738491187063,0,0.0,3,0,55,0,Better,Snacks,003_C,11.0
2025-01-03,003,C,17,2.3817271141401513,1,0.2,4,0,57,0,Better,Snacks,003_C,21.0
2025-01-04,003,C,12,3.021815626148088,0,0.0,5,0,53,0,Better,Snacks,003_C,10.0
2025-01-05,003,C,8,2.9915964059403333,0,0.0,6,0,57,0,Better,Snacks,003_C,12.0
2025-01-06,003,C,5,2.9645235640626457,0,0.0,0,0,61,0,Better,Snacks,003_C,7.0
2025-01-07,003,C,1,2.9759786785861824,0,0.0,1,0,63,0,Better,Snacks,003_C,6.0
2025-01-08,003,C,4,2.972553029257577,0,0.0,2,0,49,0,Better,Snacks,003_C,5.0
2025-01-09,003,C,6,2.989660689775695,0,0.0,3,0,73,0,Better,Snacks,003_C,6.0
2025-01-10,003,C,16,2.3443685301336226,1,0.2,4,0,33,0,Better,Snacks,003_C,17.0
2025-01-11,003,C,9,3.0065656440417814,0,0.0,5,0,61,0,Better,Snacks,003_C,12.0
2025-01-12,003,C,8,2.9796038310349453,0,0.0,6,0,65,0,Better,Snacks,003_C,8.0
2025-01-13,003,C,7,2.964302321970855,0,0.0,0,0,76,0,Better,Snacks,003_C,5.0
2025-01-14,003,C,8,3.01984385388961,0,0.0,1,0,64,0,Better,Snacks,003_C,1.0
2025-01-15,003,C,10,2.9558853081905005,0,0.0,2,0,65,0,Better,Snacks,003_C,4.0
2025-01-16,003,C,5,2.984999238282948,0,0.0,3,0,52,0,Better,Snacks,003_C,6.0
2025-01-17,003,C,7,2.998661034208965,0,0.0,4,0,48,0,Better,Snacks,003_C,16.0
2025-01-18,003,C,12,2.998968573434074,0,0.0,5,0,67,0,Better,Snacks,003_C,9.0
2025-01-19,003,C,7,2.936357325041369,0,0.0,6,0,57,0,Better,Snacks,003_C,8.0
2025-01-20,003,C,7,3.0358521305452686,0,0.0,0,0,57,0,Better,Snacks,003_C,7.0
2025-01-21,003,C,7,2.994279815968104,0,0.0,1,0,52,0,Better,Snacks,003_C,8.0
2025-01-22,003,C,9,3.00762710057016,0,0.0,2,0,51,0,Better,Snacks,003_C,10.0
2025-01-23,003,C,7,2.975419997331722,0,0.0,3,0,36,0,Better,Snacks,003_C,5.0
2025-01-24,003,C,8,2.945654547769001,0,0.0,4,0,60,0,Better,Snacks,003_C,7.0
2025-01-25,003,C,13,3.0035171517661277,0,0.0,5,0,46,0,Better,Snacks,003_C,12.0
2025-01-26,003,C,4,3.012743947888283,0,0.0,6,0,65,0,Better,Snacks,003_C,7.0
2025-01-27,003,C,4,2.9423475073288925,0,0.0,0,0,54,0,Better,Snacks,003_C,7.0
