retail_synth_eda.csv
date,store_id,item_id,units,price,promo,promo_depth,dow,holiday,on_hand,stockout,brand,category,key,yhat_t7
2024-08-01,003,F,9,1.814657730099813,0,0.0,3,0,61,0,Choice,Beverage,003_F,
2024-08-02,003,F,10,1.7795048690167379,0,0.0,4,0,67,0,Choice,Beverage,003_F,
2024-08-03,003,F,12,1.4322513220953228,1,0.2,5,0,74,0,Choice,Beverage,003_F,
2024-08-04,003,F,10,1.8109666010948826,0,0.0,6,0,64,0,Choice,Beverage,003_F,
2024-08-05,003,F,4,1.89870703065104,0,0.0,0,0,62,0,Choice,Beverage,003_F,
2024-08-06,003,F,11,1.845208846448525,0,0.0,1,0,45,0,Choice,Beverage,003_F,
2024-08-07,003,F,11,1.8196516328803978,0,0.0,2,0,62,0,Choice,Beverage,003_F,
2024-08-08,003,F,10,1.7145513187832655,0,0.0,3,0,73,0,Choice,Beverage,003_F,9.0
2024-08-09,003,F,17,1.405556140299015,1,0.2,4,0,58,0,Choice,Beverage,003_F,10.0
2024-08-10,003,F,20,1.4034168403394844,1,0.2,5,0,54,0,Choice,Beverage,003_F,12.0
2024-08-11,003,F,10,1.7438313507335728,0,0.0,6,0,71,0,Choice,Beverage,003_F,10.0
2024-08-12,003,F,13,1.7728334281788525,0,0.0,0,0,50,0,Choice,Beverage,003_F,4.0
2024-08-13,003,F,5,1.8308826458536582,0,0.0,1,0,51,0,Choice,Beverage,003_F,11.0
2024-08-14,003,F,10,1.7841701248797712,0,0.0,2,0,62,0,Choice,Beverage,003_F,11.0
2024-08-15,003,F,9,1.803852595551379,0,0.0,3,0,67,0,Choice,Beverage,003_F,10.0
2024-08-16,003,F,17,1.4335559480683757,1,0.2,4,0,69,0,Choice,Beverage,003_F,17.0
2024-08-17,003,F,16,1.7860625200290428,0,0.0,5,0,44,0,Choice,Beverage,003_F,20.0
2024-08-18,003,F,8,1.7736458807742606,0,0.0,6,0,72,0,Choice,Beverage,003_F,10.0
2024-08-19,003,F,8,1.7827594618685332,0,0.0,0,0,70,0,Choice,Beverage,003_F,13.0
2024-08-20,003,F,4,1.7795985885195524,0,0.0,1,0,32,0,Choice,Beverage,003_F,5.0
2024-08-21,003,F,9,1.7920411594321346,0,0.0,2,0,66,0,Choice,Beverage,003_F,10.0
2024-08-22,003,F,7,1.7857591386936933,0,0.0,3,0,68,0,Choice,Beverage,003_F,9.0
2024-08-23,003,F,12,1.7607678467826338,0,0.0,4,0,73,0,Choice,Beverage,003_F,17.0
2024-08-24,003,F,14,1.7819134157123144,0,0.0,5,0,61,0,Choice,Beverage,003_F,16.0
2024-08-25,003,F,4,1.7347734894903137,0,0.0,6,0,52,0,Choice,Beverage,003_F,8.0
2024-08-26,003,F,6,1.7967377858538043,0,0.0,0,0,57,0,Choice,Beverage,003_F,8.0
2024-08-27,003,F,6,1.7574149837833206,0,0.0,1,0,75,0,Choice,Beverage,003_F,4.0
2024-08-28,003,F,9,1.7886675708257787,0,0.0,2,0,51,0,Choice,Beverage,003_F,9.0
2024-08-29,003,F,8,1.7934839581714441,0,0.0,3,0,68,0,Choice,Beverage,003_F,7.0
2024-08-30,003,F,11,1.7428930245122607,0,0.0,4,0,57,0,Choice,Beverage,003_F,12.0
2024-08-31,003,F,13,1.4427073550794245,1,0.2,5,0,55,0,Choice,Beverage,003_F,14.0
2024-09-01,003,F,6,1.7877130405943653,0,0.0,6,0,56,0,Choice,Beverage,003_F,4.0
2024-09-02,003,F,3,1.8190984220515722,0,0.0,0,0,69,0,Choice,Beverage,003_F,6.0
2024-09-03,003,F,8,1.7561205043876533,0,0.0,1,0,70,0,Choice,Beverage,003_F,6.0
2024-09-04,003,F,14,1.791342695045629,0,0.0,2,0,42,0,Choice,Beverage,003_F,9.0
2024-09-05,003,F,10,1.841841822601731,0,0.0,3,0,64,0,Choice,Beverage,003_F,8.0
2024-09-06,003,F,10,1.7803099114490664,0,0.0,4,0,60,0,Choice,Beverage,003_F,11.0
2024-09-07,003,F,10,1.7729155736265263,0,0.0,5,0,54,0,Choice,Beverage,003_F,13.0
2024-09-08,003,F,6,1.751428092088495,0,0.0,6,0,76,0,Choice,Beverage,003_F,6.0
2024-09-09,003,F,8,1.8012216477684553,0,0.0,0,0,67,0,Choice,Beverage,003_F,3.0
2024-09-10,003,F,8,1.7892288767275297,0,0.0,1,0,32,0,Choice,Beverage,003_F,8.0
2024-09-11,003,F,8,1.807724890309716,0,0.0,2,0,66,0,Choice,Beverage,003_F,14.0
2024-09-12,003,F,8,1.7960220230511716,0,0.0,3,0,55,0,Choice,Beverage,003_F,10.0
2024-09-13,003,F,13,1.4331214877684864,1,0.2,4,0,66,0,Choice,Beverage,003_F,10.0
2024-09-14,003,F,9,1.791498170699862,0,0.0,5,0,65,0,Choice,Beverage,003_F,10.0
2024-09-15,003,F,5,1.8148349428405555,0,0.0,6,0,69,0,Choice,Beverage,003_F,6.0
2024-09-16,003,F,7,1.7880255743171838,0,0.0,0,0,50,0,Choice,Beverage,003_F,8.0
2024-09-17,003,F,6,1.8039958810296468,0,0.0,1,0,44,0,Choice,Beverage,003_F,8.0
2024-09-18,003,F,7,1.8487407509418208,0,0.0,2,0,71,0,Choice,Beverage,003_F,8.0
2024-09-19,003,F,6,1.8001383516152447,0,0.0,3,0,70,0,Choice,Beverage,003_F,8.0
2024-09-20,003,F,13,1.8300294817150906,0,0.0,4,0,52,0,Choice,Beverage,003_F,13.0
2024-09-21,003,F,17,1.4317181729069752,1,0.2,5,0,52,0,Choice,Beverage,003_F,9.0
2024-09-22,003,F,8,1.8187982964632428,0,0.0,6,0,53,0,Choice,Beverage,003_F,5.0
2024-09-23,003,F,7,1.7790197659613736,0,0.0,0,0,72,0,Choice,Beverage,003_F,7.0
2024-09-24,003,F,9,1.769945185624178,0,0.0,1,0,60,0,Choice,Beverage,003_F,6.0
2024-09-25,003,F,6,1.792616605982672,0,0.0,2,0,58,0,Choice,Beverage,003_F,7.0
2024-09-26,003,F,3,1.7010513722932563,0,0.0,3,0,73,0,Choice,Beverage,003_F,6.0
2024-09-27,003,F,8,1.7558614398626693,0,0.0,4,0,55,0,Choice,Beverage,003_F,13.0
2024-09-28,003,F,12,1.8073188105607132,0,0.0,5,0,43,0,Choice,Beverage,003_F,17.0
2024-09-29,003,F,4,1.8152296410393611,0,0.0,6,0,55,0,Choice,Beverage,003_F,8.0
2024-09-30,003,F,8,1.7922763974265699,0,0.0,0,0,56,0,Choice,Beverage,003_F,7.0
2024-10-01,003,F,5,1.7867217009669287,0,0.0,1,0,70,0,Choice,Beverage,003_F,9.0
2024-10-02,003,F,10,1.7995404010269267,0,0.0,2,0,43,0,Choice,Beverage,003_F,6.0
2024-10-03,003,F,9,1.7812691456813496,0,0.0,3,0,63,0,Choice,Beverage,003_F,3.0
2024-10-04,003,F,9,1.8301344442324852,0,0.0,4,0,56,0,Choice,Beverage,003_F,8.0
2024-10-05,003,F,17,1.4739872253759991,1,0.2,5,0,58,0,Choice,Beverage,003_F,12.0
2024-10-06,003,F,5,1.7776866697671572,0,0.0,6,0,76,0,Choice,Beverage,003_F,4.0
2024-10-07,003,F,8,1.8086108359010864,0,0.0,0,0,60,0,Choice,Beverage,003_F,8.0
2024-10-08,003,F,6,1.790055388569658,0,0.0,1,0,63,0,Choice,Beverage,003_F,5.0
2024-10-09,003,F,5,1.780841322535055,0,0.0,2,0,71,0,Choice,Beverage,003_F,10.0
2024-10-10,003,F,7,1.7853939893396011,0,0.0,3,0,60,0,Choice,Beverage,003_F,9.0
2024-10-11,003,F,11,1.3905182122307436,1,0.2,4,0,58,0,Choice,Beverage,003_F,9.0
2024-10-12,003,F,7,1.7724154703774506,0,0.0,5,0,59,0,Choice,Beverage,003_F,17.0
2024-10-13,003,F,6,1.779870441612052,0,0.0,6,0,46,0,Choice,Beverage,003_F,5.0
2024-10-14,003,F,6,1.7849449247273974,0,0.0,0,0,64,0,Choice,Beverage,003_F,8.0
2024-10-15,003,F,5,1.7972117519951107,0,0.0,1,0,65,0,Choice,Beverage,003_F,6.0
2024-10-16,003,F,6,1.780919813447845,0,0.0,2,0,51,0,Choice,Beverage,003_F,5.0
2024-10-17,003,F,15,1.7883232836623446,0,0.0,3,0,55,0,Choice,Beverage,003_F,7.0
2024-10-18,003,F,13,1.7951985103698318,0,0.0,4,0,47,0,Choice,Beverage,003_F,11.0
2024-10-19,003,F,13,1.7678747938672073,0,0.0,5,0,55,0,Choice,Beverage,003_F,7.0
2024-10-20,003,F,6,1.7940703667260636,0,0.0,6,0,47,0,Choice,Beverage,003_F,6.0
2024-10-21,003,F,5,1.8627358297769567,0,0.0,0,0,39,0,Choice,Beverage,003_F,6.0
2024-10-22,003,F,4,1.7519646010907757,0,0.0,1,0,58,0,Choice,Beverage,003_F,5.0
2024-10-23,003,F,3,1.782457577483692,0,0.0,2,0,60,0,Choice,Beverage,003_F,6.0
2024-10-24,003,F,8,1.81410247012668,0,0.0,3,0,60,0,Choice,Beverage,003_F,15.0
2024-10-25,003,F,19,1.4207849991234027,1,0.2,4,0,52,0,Choice,Beverage,003_F,13.0
2024-10-26,003,F,12,1.803808016121057,0,0.0,5,0,48,0,Choice,Beverage,003_F,13.0
2024-10-27,003,F,8,1.7861710408545082,0,0.0,6,0,52,0,Choice,Beverage,003_F,6.0
2024-10-28,003,F,7,1.785808368424337,0,0.0,0,0,56,0,Choice,Beverage,003_F,5.0
2024-10-29,003,F,6,1.777422484375006,0,0.0,1,0,63,0,Choice,Beverage,003_F,4.0
2024-10-30,003,F,12,1.7557874396300974,0,0.0,2,0,63,0,Choice,Beverage,003_F,3.0
2024-10-31,003,F,5,1.7834070185317457,0,0.0,3,0,70,0,Choice,Beverage,003_F,8.0
2024-11-01,003,F,17,1.404246372820178,1,0.2,4,0,27,0,Choice,Beverage,003_F,19.0
2024-11-02,003,F,20,1.4206793074160442,1,0.2,5,0,25,0,Choice,Beverage,003_F,12.0
2024-11-03,003,F,8,1.7766989244511717,0,0.0,6,0,53,0,Choice,Beverage,003_F,8.0
2024-11-04,003,F,13,1.8169953230604554,0,0.0,0,0,47,0,Choice,Beverage,003_F,7.0
2024-11-05,003,F,10,1.7599568509070929,0,0.0,1,0,70,0,Choice,Beverage,003_F,6.0
2024-11-06,003,F,6,1.763482391506042,0,0.0,2,0,63,0,Choice,Beverage,003_F,12.0
2024-11-07,003,F,11,1.796402135050451,0,0.0,3,0,48,0,Choice,Beverage,003_F,5.0
2024-11-08,003,F,11,1.784118636906015,0,0.0,4,0,52,0,Choice,Beverage,003_F,17.0
2024-11-09,003,F,14,1.7947693255453274,0,0.0,5,0,27,0,Choice,Beverage,003_F,20.0
2024-11-10,003,F,8,1.8200255331989676,0,0.0,6,0,52,0,Choice,Beverage,003_F,8.0
2024-11-11,003,F,10,1.7781664907946726,0,0.0,0,0,56,0,Choice,Beverage,003_F,13.0
2024-11-12,003,F,10,1.8261360041059997,0,0.0,1,0,50,0,Choice,Beverage,003_F,10.0
2024-11-13,003,F,12,1.7673114205960536,0,0.0,2,0,58,0,Choice,Beverage,003_F,6.0
2024-11-14,003,F,8,1.770781182885774,0,0.0,3,0,54,0,Choice,Beverage,003_F,11.0
2024-11-15,003,F,12,1.767056447677122,0,0.0,4,0,54,0,Choice,Beverage,003_F,11.0
2024-11-16,003,F,11,1.7514222656852498,0,0.0,5,0,62,0,Choice,Beverage,003_F,14.0
2024-11-17,003,F,10,1.7849660278872048,0,0.0,6,0,69,0,Choice,Beverage,003_F,8.0
2024-11-18,003,F,12,1.7612007450564935,0,0.0,0,0,68,0,Choice,Beverage,003_F,10.0
2024-11-19,003,F,5,1.8018556392984302,0,0.0,1,0,53,0,Choice,Beverage,003_F,10.0
2024-11-20,003,F,6,1.7853120112255578,0,0.0,2,0,56,0,Choice,Beverage,003_F,12.0
2024-11-21,003,F,7,1.8074722737097648,0,0.0,3,0,54,0,Choice,Beverage,003_F,8.0
2024-11-22,003,F,9,1.7548361106149346,0,0.0,4,0,46,0,Choice,Beverage,003_F,12.0
2024-11-23,003,F,13,1.8391190052756285,0,0.0,5,0,64,0,Choice,Beverage,003_F,11.0
2024-11-24,003,F,7,1.7570105601025001,0,0.0,6,0,69,0,Choice,Beverage,003_F,10.0
2024-11-25,003,F,4,1.7788849209656439,0,0.0,0,0,57,0,Choice,Beverage,003_F,12.0
2024-11-26,003,F,9,1.834520829852351,0,0.0,1,0,63,0,Choice,Beverage,003_F,5.0
2024-11-27,003,F,10,1.7885173403900265,0,0.0,2,0,47,0,Choice,Beverage,003_F,6.0
2024-11-28,003,F,9,1.8008367991885743,0,0.0,3,1,62,0,Choice,Beverage,003_F,7.0
2024-11-29,003,F,12,1.75850155712184,0,0.0,4,1,59,0,Choice,Beverage,003_F,9.0
2024-11-30,003,F,20,1.4279529160835043,1,0.2,5,0,43,0,Choice,Beverage,003_F,13.0
2024-12-01,003,F,9,1.753966420926848,0,0.0,6,0,61,0,Choice,Beverage,003_F,7.0
2024-12-02,003,F,10,1.7579922468167357,0,0.0,0,0,43,0,Choice,Beverage,003_F,4.0
2024-12-03,003,F,9,1.761563455005399,0,0.0,1,0,52,0,Choice,Beverage,003_F,9.0
2024-12-04,003,F,7,1.805710528187642,0,0.0,2,0,42,0,Choice,Beverage,003_F,10.0
2024-12-05,003,F,5,1.7951865374865719,0,0.0,3,0,52,0,Choice,Beverage,003_F,9.0
2024-12-06,003,F,11,1.813776564040727,0,0.0,4,0,59,0,Choice,Beverage,003_F,12.0
2024-12-07,003,F,16,1.4407480432117383,1,0.2,5,0,58,0,Choice,Beverage,003_F,20.0
2024-12-08,003,F,9,1.7749917819816445,0,0.0,6,0,47,0,Choice,Beverage,003_F,9.0
2024-12-09,003,F,9,1.7901429363879398,0,0.0,0,0,62,0,Choice,Beverage,003_F,10.0
2024-12-10,003,F,10,1.8455918518971655,0,0.0,1,0,44,0,Choice,Beverage,003_F,9.0
2024-12-11,003,F,8,1.7834697610636348,0,0.0,2,0,45,0,Choice,Beverage,003_F,7.0
2024-12-12,003,F,10,1.808513991443425,0,0.0,3,0,65,0,Choice,Beverage,003_F,5.0
2024-12-13,003,F,9,1.800329376141759,0,0.0,4,0,33,0,Choice,Beverage,003_F,11.0
2024-12-14,003,F,18,1.3729940218499994,1,0.2,5,0,60,0,Choice,Beverage,003_F,16.0
2024-12-15,003,F,6,1.8264255648839913,0,0.0,6,0,62,0,Choice,Beverage,003_F,9.0
2024-12-16,003,F,9,1.8166037938945458,0,0.0,0,0,69,0,Choice,Beverage,003_F,9.0
2024-12-17,003,F,12,1.7696188523357148,0,0.0,1,0,58,0,Choice,Beverage,003_F,10.0
2024-12-18,003,F,9,1.8357103060681375,0,0.0,2,0,62,0,Choice,Beverage,003_F,8.0
2024-12-19,003,F,10,1.7674657866256702,0,0.0,3,0,56,0,Choice,Beverage,003_F,10.0
2024-12-20,003,F,12,1.4459606177537963,1,0.2,4,0,62,0,Choice,Beverage,003_F,9.0
2024-12-21,003,F,11,1.7697496665908796,0,0.0,5,0,66,0,Choice,Beverage,003_F,18.0
2024-12-22,003,F,7,1.814556125473488,0,0.0,6,0,45,0,Choice,Beverage,003_F,6.0
2024-12-23,003,F,6,1.815080376519458,0,0.0,0,0,57,0,Choice,Beverage,003_F,9.0
2024-12-24,003,F,6,1.8209799768349577,0,0.0,1,0,64,0,Choice,Beverage,003_F,12.0
2024-12-25,003,F,9,1.7413140996856724,0,0.0,2,0,61,0,Choice,Beverage,003_F,9.0
2024-12-26,003,F,7,1.7517896656577485,0,0.0,3,0,52,0,Choice,Beverage,003_F,10.0
2024-12-27,003,F,9,1.8818418427449162,0,0.0,4,0,56,0,Choice,Beverage,003_F,12.0
2024-12-28,003,F,18,1.411589918384598,1,0.2,5,0,50,0,Choice,Beverage,003_F,11.0
2024-12-29,003,F,6,1.7661524829689954,0,0.0,6,0,65,0,Choice,Beverage,003_F,7.0
2024-12-30,003,F,4,1.8153908079631398,0,0.0,0,0,41,0,Choice,Beverage,003_F,6.0
2024-12-31,003,F,10,1.7552212016764945,0,0.0,1,0,69,0,Choice,Beverage,003_F,6.0
2025-01-01,003,F,6,1.80051630155918,0,0.0,2,0,57,0,Choice,Beverage,003_F,9.0
2025-01-02,003,F,10,1.7588172125947972,0,0.0,3,0,63,0,Choice,Beverage,003_F,7.0
2025-01-03,003,F,13,1.8011377306802066,0,0.0,4,0,56,0,Choice,Beverage,003_F,9.0
2025-01-04,003,F,11,1.7716772658099424,0,0.0,5,0,52,0,Choice,Beverage,003_F,18.0
2025-01-05,003,F,8,1.787324797650921,0,0.0,6,0,59,0,Choice,Beverage,003_F,6.0
2025-01-06,003,F,8,1.8161529722162273,0,0.0,0,0,52,0,Choice,Beverage,003_F,4.0
2025-01-07,003,F,4,1.8741438619652901,0,0.0,1,0,55,0,Choice,Beverage,003_F,10.0
2025-01-08,003,F,2,1.7581460873345816,0,0.0,2,0,53,0,Choice,Beverage,003_F,6.0
2025-01-09,003,F,4,1.7756612038643145,0,0.0,3,0,45,0,Choice,Beverage,003_F,10.0
2025-01-10,003,F,8,1.7531381860925817,0,0.0,4,0,60,0,Choice,Beverage,003_F,13.0
2025-01-11,003,F,11,1.8291062775952862,0,0.0,5,0,72,0,Choice,Beverage,003_F,11.0
2025-01-12,003,F,9,1.789119745933764,0,0.0,6,0,43,0,Choice,Beverage,003_F,8.0
2025-01-13,003,F,10,1.7825614556747114,0,0.0,0,0,75,0,Choice,Beverage,003_F,8.0
2025-01-14,003,F,5,1.7712711625152229,0,0.0,1,0,63,0,Choice,Beverage,003_F,4.0
2025-01-15,003,F,7,1.7834574716678158,0,0.0,2,0,29,0,Choice,Beverage,003_F,2.0
2025-01-16,003,F,7,1.832680143211233,0,0.0,3,0,70,0,Choice,Beverage,003_F,4.0
2025-01-17,003,F,16,1.4643198352848612,1,0.2,4,0,60,0,Choice,Beverage,003_F,8.0
2025-01-18,003,F,6,1.78061376579966,0,0.0,5,0,49,0,Choice,Beverage,003_F,11.0
2025-01-19,003,F,5,1.818025497728855,0,0.0,6,0,51,0,Choice,Beverage,003_F,9.0
2025-01-20,003,F,7,1.8070550866550767,0,0.0,0,0,55,0,Choice,Beverage,003_F,10.0
2025-01-21,003,F,8,1.8329439284189177,0,0.0,1,0,55,0,Choice,Beverage,003_F,5.0
2025-01-22,003,F,4,1.823549753038073,0,0.0,2,0,69,0,Choice,Beverage,003_F,7.0
2025-01-23,003,F,8,1.813632361867474,0,0.0,3,0,43,0,Choice,Beverage,003_F,7.0
2025-01-24,003,F,7,1.770795846554662,0,0.0,4,0,48,0,Choice,Beverage,003_F,16.0
2025-01-25,003,F,14,1.4596901867517451,1,0.2,5,0,52,0,Choice,Beverage,003_F,6.0
2025-01-26,003,F,7,1.7507627428896133,0,0.0,6,0,51,0,Choice,Beverage,003_F,5.0
2025-01-27,003,F,10,1.8093163799053449,0,0.0,0,0,49,0,Choice,Beverage,003_F,7.0
